<?xml version="1.0"?>
<link_info>
   <banner>TMS320C6x Linker PC v7.4.4</banner>
   <copyright>Copyright (c) 1996-2013 Texas Instruments Incorporated</copyright>
   <link_time>0x5b20069f</link_time>
   <output_file>../bin/MP3Encoder.out</output_file>
   <entry_point>
      <name>_c_int00</name>
      <address>0x3e540</address>
   </entry_point>
   <input_file_list>
      <input_file id="fl-b">
         <path>..\bin\</path>
         <kind>object</kind>
         <file>my_sys.obj</file>
         <name>my_sys.obj</name>
      </input_file>
      <input_file id="fl-c">
         <path>..\bin\</path>
         <kind>object</kind>
         <file>matrix.obj</file>
         <name>matrix.obj</name>
      </input_file>
      <input_file id="fl-d">
         <path>..\bin\</path>
         <kind>object</kind>
         <file>led.obj</file>
         <name>led.obj</name>
      </input_file>
      <input_file id="fl-e">
         <path>..\bin\</path>
         <kind>object</kind>
         <file>iva.obj</file>
         <name>iva.obj</name>
      </input_file>
      <input_file id="fl-f">
         <path>..\bin\</path>
         <kind>object</kind>
         <file>flash.obj</file>
         <name>flash.obj</name>
      </input_file>
      <input_file id="fl-10">
         <path>..\bin\</path>
         <kind>object</kind>
         <file>fft.obj</file>
         <name>fft.obj</name>
      </input_file>
      <input_file id="fl-11">
         <path>..\bin\</path>
         <kind>object</kind>
         <file>c6713_emif.obj</file>
         <name>c6713_emif.obj</name>
      </input_file>
      <input_file id="fl-12">
         <path>..\bin\</path>
         <kind>object</kind>
         <file>boot_c671x.obj</file>
         <name>boot_c671x.obj</name>
      </input_file>
      <input_file id="fl-13">
         <path>..\bin\</path>
         <kind>object</kind>
         <file>MP3Encodercfg_c.obj</file>
         <name>MP3Encodercfg_c.obj</name>
      </input_file>
      <input_file id="fl-14">
         <path>..\bin\</path>
         <kind>object</kind>
         <file>MP3Encodercfg.obj</file>
         <name>MP3Encodercfg.obj</name>
      </input_file>
      <input_file id="fl-1d">
         <path>C:\Users\erdou\workspace_v5_5\MP3Encoder\bin\</path>
         <kind>object</kind>
         <file>MP3Encoder.obj</file>
         <name>MP3Encoder.obj</name>
      </input_file>
      <input_file id="fl-27">
         <path>C:\ti\bios_5_42_01_09\packages\ti\bios\lib\</path>
         <kind>archive</kind>
         <file>biosC6000.a67</file>
         <name>clk_htime.o67</name>
      </input_file>
      <input_file id="fl-28">
         <path>C:\ti\bios_5_42_01_09\packages\ti\bios\lib\</path>
         <kind>archive</kind>
         <file>bios.a67</file>
         <name>biosdata.o67</name>
      </input_file>
      <input_file id="fl-29">
         <path>C:\ti\bios_5_42_01_09\packages\ti\bios\lib\</path>
         <kind>archive</kind>
         <file>bios.a67</file>
         <name>hwi_disp_asm.o67</name>
      </input_file>
      <input_file id="fl-2a">
         <path>C:\ti\bios_5_42_01_09\packages\ti\bios\lib\</path>
         <kind>archive</kind>
         <file>bios.a67</file>
         <name>idl_stub.o67</name>
      </input_file>
      <input_file id="fl-2b">
         <path>C:\ti\bios_5_42_01_09\packages\ti\bios\lib\</path>
         <kind>archive</kind>
         <file>lnkrtdx.a67</file>
         <name>rtdx.o67</name>
      </input_file>
      <input_file id="fl-2c">
         <path>C:\ti\bios_5_42_01_09\packages\ti\bios\lib\</path>
         <kind>archive</kind>
         <file>bios.a67</file>
         <name>swi.o67</name>
      </input_file>
      <input_file id="fl-2d">
         <path>C:\Users\erdou\workspace_v5_5\MP3Encoder\lib\</path>
         <kind>archive</kind>
         <file>DEC6713BSL.lib</file>
         <name>DEC6713.obj</name>
      </input_file>
      <input_file id="fl-2e">
         <path>C:\ti\bios_5_42_01_09\packages\ti\bios\lib\</path>
         <kind>archive</kind>
         <file>bios.a67</file>
         <name>fxn_c.o67</name>
      </input_file>
      <input_file id="fl-2f">
         <path>C:\ti\bios_5_42_01_09\packages\ti\bios\lib\</path>
         <kind>archive</kind>
         <file>bios.a67</file>
         <name>knl_tick.o67</name>
      </input_file>
      <input_file id="fl-30">
         <path>C:\ti\bios_5_42_01_09\packages\ti\bios\lib\</path>
         <kind>archive</kind>
         <file>bios.a67</file>
         <name>sem_crea.o67</name>
      </input_file>
      <input_file id="fl-31">
         <path>C:\ti\bios_5_42_01_09\packages\ti\bios\lib\</path>
         <kind>archive</kind>
         <file>bios.a67</file>
         <name>sem_dele.o67</name>
      </input_file>
      <input_file id="fl-32">
         <path>C:\ti\bios_5_42_01_09\packages\ti\bios\lib\</path>
         <kind>archive</kind>
         <file>bios.a67</file>
         <name>sem_pend_counting.o67</name>
      </input_file>
      <input_file id="fl-33">
         <path>C:\ti\bios_5_42_01_09\packages\ti\bios\lib\</path>
         <kind>archive</kind>
         <file>bios.a67</file>
         <name>sem_post_asm.o67</name>
      </input_file>
      <input_file id="fl-34">
         <path>C:\ti\bios_5_42_01_09\packages\ti\bios\lib\</path>
         <kind>archive</kind>
         <file>bios.a67</file>
         <name>utl_doab.o67</name>
      </input_file>
      <input_file id="fl-35">
         <path>C:\ti\bios_5_42_01_09\packages\ti\bios\lib\</path>
         <kind>archive</kind>
         <file>bios.a67</file>
         <name>utl_doer.o67</name>
      </input_file>
      <input_file id="fl-36">
         <path>C:\ti\bios_5_42_01_09\packages\ti\bios\lib\</path>
         <kind>archive</kind>
         <file>bios.a67</file>
         <name>utl_putc.o67</name>
      </input_file>
      <input_file id="fl-37">
         <path>C:\ti\bios_5_42_01_09\packages\ti\bios\lib\</path>
         <kind>archive</kind>
         <file>bios.a67</file>
         <name>utl_halt.o67</name>
      </input_file>
      <input_file id="fl-38">
         <path>C:\ti\bios_5_42_01_09\packages\ti\bios\lib\</path>
         <kind>archive</kind>
         <file>biosC6000.a67</file>
         <name>clk.o67</name>
      </input_file>
      <input_file id="fl-39">
         <path>C:\ti\bios_5_42_01_09\packages\ti\bios\lib\</path>
         <kind>archive</kind>
         <file>bios.a67</file>
         <name>fxn.o67</name>
      </input_file>
      <input_file id="fl-3a">
         <path>C:\ti\bios_5_42_01_09\packages\ti\bios\lib\</path>
         <kind>archive</kind>
         <file>bios.a67</file>
         <name>boot.o67</name>
      </input_file>
      <input_file id="fl-3b">
         <path>C:\ti\bios_5_42_01_09\packages\ti\bios\lib\</path>
         <kind>archive</kind>
         <file>bios.a67</file>
         <name>trc.o67</name>
      </input_file>
      <input_file id="fl-3c">
         <path>C:\ti\bios_5_42_01_09\packages\ti\bios\lib\</path>
         <kind>archive</kind>
         <file>bios.a67</file>
         <name>hwi.o67</name>
      </input_file>
      <input_file id="fl-3d">
         <path>C:\ti\bios_5_42_01_09\packages\ti\bios\lib\</path>
         <kind>archive</kind>
         <file>bios.a67</file>
         <name>idl_busy.o67</name>
      </input_file>
      <input_file id="fl-3e">
         <path>C:\ti\bios_5_42_01_09\packages\ti\bios\lib\</path>
         <kind>archive</kind>
         <file>biosC6000.a67</file>
         <name>idl_cal.o67</name>
      </input_file>
      <input_file id="fl-3f">
         <path>C:\ti\bios_5_42_01_09\packages\ti\bios\lib\</path>
         <kind>archive</kind>
         <file>bios.a67</file>
         <name>idl.o67</name>
      </input_file>
      <input_file id="fl-40">
         <path>C:\ti\bios_5_42_01_09\packages\ti\bios\lib\</path>
         <kind>archive</kind>
         <file>bios.a67</file>
         <name>knl_swit.o67</name>
      </input_file>
      <input_file id="fl-41">
         <path>C:\ti\bios_5_42_01_09\packages\ti\bios\lib\</path>
         <kind>archive</kind>
         <file>bios.a67</file>
         <name>log.o67</name>
      </input_file>
      <input_file id="fl-42">
         <path>C:\ti\bios_5_42_01_09\packages\ti\bios\lib\</path>
         <kind>archive</kind>
         <file>bios.a67</file>
         <name>pip.o67</name>
      </input_file>
      <input_file id="fl-43">
         <path>C:\ti\bios_5_42_01_09\packages\ti\bios\lib\</path>
         <kind>archive</kind>
         <file>bios.a67</file>
         <name>prd.o67</name>
      </input_file>
      <input_file id="fl-44">
         <path>C:\ti\bios_5_42_01_09\packages\ti\bios\lib\</path>
         <kind>archive</kind>
         <file>bios.a67</file>
         <name>rta.o67</name>
      </input_file>
      <input_file id="fl-45">
         <path>C:\ti\bios_5_42_01_09\packages\ti\bios\lib\</path>
         <kind>archive</kind>
         <file>bios.a67</file>
         <name>rta_andn.o67</name>
      </input_file>
      <input_file id="fl-46">
         <path>C:\ti\bios_5_42_01_09\packages\ti\bios\lib\</path>
         <kind>archive</kind>
         <file>bios.a67</file>
         <name>sts.o67</name>
      </input_file>
      <input_file id="fl-47">
         <path>C:\ti\bios_5_42_01_09\packages\ti\bios\lib\</path>
         <kind>archive</kind>
         <file>bios.a67</file>
         <name>clk_data.o67</name>
      </input_file>
      <input_file id="fl-48">
         <path>C:\ti\bios_5_42_01_09\packages\ti\bios\lib\</path>
         <kind>archive</kind>
         <file>bios.a67</file>
         <name>clk_data2.o67</name>
      </input_file>
      <input_file id="fl-49">
         <path>C:\ti\bios_5_42_01_09\packages\ti\bios\lib\</path>
         <kind>archive</kind>
         <file>biosC6000.a67</file>
         <name>clk_meas.o67</name>
      </input_file>
      <input_file id="fl-4a">
         <path>C:\ti\bios_5_42_01_09\packages\ti\bios\lib\</path>
         <kind>archive</kind>
         <file>biosC6000.a67</file>
         <name>clk_start.o67</name>
      </input_file>
      <input_file id="fl-4b">
         <path>C:\ti\bios_5_42_01_09\packages\ti\bios\lib\</path>
         <kind>archive</kind>
         <file>biosC6000.a67</file>
         <name>clk_stop.o67</name>
      </input_file>
      <input_file id="fl-4c">
         <path>C:\Users\erdou\workspace_v5_5\MP3Encoder\lib\</path>
         <kind>archive</kind>
         <file>dec6713_edma_aic23_l67.l67</file>
         <name>dec6713_edma_aic23.obj</name>
      </input_file>
      <input_file id="fl-4d">
         <path>C:\Users\erdou\workspace_v5_5\MP3Encoder\lib\</path>
         <kind>archive</kind>
         <file>dec6713_edma_aic23_l67.l67</file>
         <name>aic23.obj</name>
      </input_file>
      <input_file id="fl-4e">
         <path>C:\Users\erdou\workspace_v5_5\MP3Encoder\lib\</path>
         <kind>archive</kind>
         <file>c6x1x_edma_mcasp.l67</file>
         <name>c6x1x_edma_mcas</name>
      </input_file>
      <input_file id="fl-4f">
         <path>C:\ti\bios_5_42_01_09\packages\ti\bios\lib\</path>
         <kind>archive</kind>
         <file>bios.a67</file>
         <name>atm.o67</name>
      </input_file>
      <input_file id="fl-50">
         <path>..\</path>
         <kind>archive</kind>
         <file>csl6713.lib</file>
         <name>csl_cache.obj</name>
      </input_file>
      <input_file id="fl-51">
         <path>C:\ti\bios_5_42_01_09\packages\ti\bios\lib\</path>
         <kind>archive</kind>
         <file>bios.a67</file>
         <name>dev_init.o67</name>
      </input_file>
      <input_file id="fl-52">
         <path>C:\ti\bios_5_42_01_09\packages\ti\bios\lib\</path>
         <kind>archive</kind>
         <file>drivers.a67</file>
         <name>dio.o67</name>
      </input_file>
      <input_file id="fl-53">
         <path>C:\ti\bios_5_42_01_09\packages\ti\bios\lib\</path>
         <kind>archive</kind>
         <file>drivers.a67</file>
         <name>dio_tskDynamic.o67</name>
      </input_file>
      <input_file id="fl-54">
         <path>C:\ti\bios_5_42_01_09\packages\ti\bios\lib\</path>
         <kind>archive</kind>
         <file>bios.a67</file>
         <name>dev_matc.o67</name>
      </input_file>
      <input_file id="fl-55">
         <path>C:\ti\bios_5_42_01_09\packages\ti\bios\lib\</path>
         <kind>archive</kind>
         <file>drivers.a67</file>
         <name>dio_tsk.o67</name>
      </input_file>
      <input_file id="fl-56">
         <path>..\</path>
         <kind>archive</kind>
         <file>csl6713.lib</file>
         <name>csl_edma.obj</name>
      </input_file>
      <input_file id="fl-57">
         <path>..\</path>
         <kind>archive</kind>
         <file>csl6713.lib</file>
         <name>csl_edmadsptr.obj</name>
      </input_file>
      <input_file id="fl-58">
         <path>..\</path>
         <kind>archive</kind>
         <file>csl6713.lib</file>
         <name>csl_emif.obj</name>
      </input_file>
      <input_file id="fl-59">
         <path>C:\ti\bios_5_42_01_09\packages\ti\bios\lib\</path>
         <kind>archive</kind>
         <file>bios.a67</file>
         <name>gbl_cslcacheinit.o67</name>
      </input_file>
      <input_file id="fl-5a">
         <path>C:\ti\bios_5_42_01_09\packages\ti\bios\lib\</path>
         <kind>archive</kind>
         <file>bios.a67</file>
         <name>gbl_vers.o67</name>
      </input_file>
      <input_file id="fl-5b">
         <path>..\</path>
         <kind>archive</kind>
         <file>csl6713.lib</file>
         <name>csl_gpio.obj</name>
      </input_file>
      <input_file id="fl-5c">
         <path>C:\ti\bios_5_42_01_09\packages\ti\bios\lib\</path>
         <kind>archive</kind>
         <file>bios.a67</file>
         <name>hwi_c.o67</name>
      </input_file>
      <input_file id="fl-5d">
         <path>C:\ti\bios_5_42_01_09\packages\ti\bios\lib\</path>
         <kind>archive</kind>
         <file>bios.a67</file>
         <name>hwi_disp.o67</name>
      </input_file>
      <input_file id="fl-5e">
         <path>C:\ti\bios_5_42_01_09\packages\ti\bios\lib\</path>
         <kind>archive</kind>
         <file>bios6x1x.a67</file>
         <name>c62_plug.o67</name>
      </input_file>
      <input_file id="fl-5f">
         <path>..\</path>
         <kind>archive</kind>
         <file>csl6713.lib</file>
         <name>csl_i2c.obj</name>
      </input_file>
      <input_file id="fl-60">
         <path>C:\ti\bios_5_42_01_09\packages\ti\bios\lib\</path>
         <kind>archive</kind>
         <file>bios.a67</file>
         <name>iom_stub.o67</name>
      </input_file>
      <input_file id="fl-61">
         <path>..\</path>
         <kind>archive</kind>
         <file>csl6713.lib</file>
         <name>csl_irq.obj</name>
      </input_file>
      <input_file id="fl-62">
         <path>C:\ti\bios_5_42_01_09\packages\ti\bios\lib\</path>
         <kind>archive</kind>
         <file>bios.a67</file>
         <name>knl.o67</name>
      </input_file>
      <input_file id="fl-63">
         <path>C:\ti\bios_5_42_01_09\packages\ti\bios\lib\</path>
         <kind>archive</kind>
         <file>bios.a67</file>
         <name>knl_exit.o67</name>
      </input_file>
      <input_file id="fl-64">
         <path>C:\ti\bios_5_42_01_09\packages\ti\bios\lib\</path>
         <kind>archive</kind>
         <file>bios.a67</file>
         <name>knl_chec.o67</name>
      </input_file>
      <input_file id="fl-65">
         <path>C:\ti\bios_5_42_01_09\packages\ti\bios\lib\</path>
         <kind>archive</kind>
         <file>bios.a67</file>
         <name>knl_ipos.o67</name>
      </input_file>
      <input_file id="fl-66">
         <path>C:\ti\bios_5_42_01_09\packages\ti\bios\lib\</path>
         <kind>archive</kind>
         <file>bios.a67</file>
         <name>knl_post.o67</name>
      </input_file>
      <input_file id="fl-67">
         <path>C:\ti\bios_5_42_01_09\packages\ti\bios\lib\</path>
         <kind>archive</kind>
         <file>bios.a67</file>
         <name>knl_run.o67</name>
      </input_file>
      <input_file id="fl-68">
         <path>C:\ti\bios_5_42_01_09\packages\ti\bios\lib\</path>
         <kind>archive</kind>
         <file>bios.a67</file>
         <name>log_printf.o67</name>
      </input_file>
      <input_file id="fl-69">
         <path>..\</path>
         <kind>archive</kind>
         <file>csl6713.lib</file>
         <name>csl_mcasp.obj</name>
      </input_file>
      <input_file id="fl-6a">
         <path>C:\ti\bios_5_42_01_09\packages\ti\bios\lib\</path>
         <kind>archive</kind>
         <file>bios.a67</file>
         <name>mem_asm.o67</name>
      </input_file>
      <input_file id="fl-6b">
         <path>C:\ti\bios_5_42_01_09\packages\ti\bios\lib\</path>
         <kind>archive</kind>
         <file>bios.a67</file>
         <name>mem_free.o67</name>
      </input_file>
      <input_file id="fl-6c">
         <path>C:\ti\bios_5_42_01_09\packages\ti\bios\lib\</path>
         <kind>archive</kind>
         <file>bios.a67</file>
         <name>mem_init.o67</name>
      </input_file>
      <input_file id="fl-6d">
         <path>C:\ti\bios_5_42_01_09\packages\ti\bios\lib\</path>
         <kind>archive</kind>
         <file>bios.a67</file>
         <name>mem_vall.o67</name>
      </input_file>
      <input_file id="fl-6e">
         <path>C:\ti\bios_5_42_01_09\packages\ti\bios\lib\</path>
         <kind>archive</kind>
         <file>bios.a67</file>
         <name>mem_allo.o67</name>
      </input_file>
      <input_file id="fl-6f">
         <path>C:\ti\bios_5_42_01_09\packages\ti\bios\lib\</path>
         <kind>archive</kind>
         <file>bios.a67</file>
         <name>obj_crea.o67</name>
      </input_file>
      <input_file id="fl-70">
         <path>C:\ti\bios_5_42_01_09\packages\ti\bios\lib\</path>
         <kind>archive</kind>
         <file>bios.a67</file>
         <name>obj_dele.o67</name>
      </input_file>
      <input_file id="fl-71">
         <path>C:\ti\bios_5_42_01_09\packages\ti\bios\lib\</path>
         <kind>archive</kind>
         <file>bios.a67</file>
         <name>obj_init.o67</name>
      </input_file>
      <input_file id="fl-72">
         <path>..\</path>
         <kind>archive</kind>
         <file>csl6713.lib</file>
         <name>csl_pll.obj</name>
      </input_file>
      <input_file id="fl-73">
         <path>C:\ti\bios_5_42_01_09\packages\ti\bios\lib\</path>
         <kind>archive</kind>
         <file>bios.a67</file>
         <name>que_get.o67</name>
      </input_file>
      <input_file id="fl-74">
         <path>C:\ti\bios_5_42_01_09\packages\ti\rtdx\lib\c6000\</path>
         <kind>archive</kind>
         <file>rtdx.lib</file>
         <name>buffer2.o62</name>
      </input_file>
      <input_file id="fl-75">
         <path>C:\ti\bios_5_42_01_09\packages\ti\rtdx\lib\c6000\</path>
         <kind>archive</kind>
         <file>rtdx.lib</file>
         <name>buffer1.o62</name>
      </input_file>
      <input_file id="fl-76">
         <path>C:\ti\bios_5_42_01_09\packages\ti\rtdx\lib\c6000\</path>
         <kind>archive</kind>
         <file>rtdx.lib</file>
         <name>intr_tgt.o62</name>
      </input_file>
      <input_file id="fl-77">
         <path>C:\ti\bios_5_42_01_09\packages\ti\rtdx\lib\c6000\</path>
         <kind>archive</kind>
         <file>rtdx.lib</file>
         <name>rtdx_mon.o62</name>
      </input_file>
      <input_file id="fl-78">
         <path>C:\ti\bios_5_42_01_09\packages\ti\bios\lib\</path>
         <kind>archive</kind>
         <file>bios.a67</file>
         <name>sem_pend.o67</name>
      </input_file>
      <input_file id="fl-79">
         <path>C:\ti\bios_5_42_01_09\packages\ti\bios\lib\</path>
         <kind>archive</kind>
         <file>bios.a67</file>
         <name>sem_post.o67</name>
      </input_file>
      <input_file id="fl-7a">
         <path>C:\ti\bios_5_42_01_09\packages\ti\bios\lib\</path>
         <kind>archive</kind>
         <file>sioboth.a67</file>
         <name>sio.o67</name>
      </input_file>
      <input_file id="fl-7b">
         <path>C:\ti\bios_5_42_01_09\packages\ti\bios\lib\</path>
         <kind>archive</kind>
         <file>sioboth.a67</file>
         <name>sio_crea.o67</name>
      </input_file>
      <input_file id="fl-7c">
         <path>C:\ti\bios_5_42_01_09\packages\ti\bios\lib\</path>
         <kind>archive</kind>
         <file>bios.a67</file>
         <name>dev_mkfr.o67</name>
      </input_file>
      <input_file id="fl-7d">
         <path>C:\ti\bios_5_42_01_09\packages\ti\bios\lib\</path>
         <kind>archive</kind>
         <file>bios.a67</file>
         <name>que_crea.o67</name>
      </input_file>
      <input_file id="fl-7e">
         <path>C:\ti\bios_5_42_01_09\packages\ti\bios\lib\</path>
         <kind>archive</kind>
         <file>sioboth.a67</file>
         <name>sio_dele.o67</name>
      </input_file>
      <input_file id="fl-7f">
         <path>C:\ti\bios_5_42_01_09\packages\ti\bios\lib\</path>
         <kind>archive</kind>
         <file>bios.a67</file>
         <name>dev_rmfr.o67</name>
      </input_file>
      <input_file id="fl-80">
         <path>C:\ti\bios_5_42_01_09\packages\ti\bios\lib\</path>
         <kind>archive</kind>
         <file>sioboth.a67</file>
         <name>sio_issu.o67</name>
      </input_file>
      <input_file id="fl-81">
         <path>C:\ti\bios_5_42_01_09\packages\ti\bios\lib\</path>
         <kind>archive</kind>
         <file>sioboth.a67</file>
         <name>sio_recl.o67</name>
      </input_file>
      <input_file id="fl-82">
         <path>C:\ti\bios_5_42_01_09\packages\ti\bios\lib\</path>
         <kind>archive</kind>
         <file>bios.a67</file>
         <name>sts_set.o67</name>
      </input_file>
      <input_file id="fl-83">
         <path>C:\ti\bios_5_42_01_09\packages\ti\bios\lib\</path>
         <kind>archive</kind>
         <file>bios.a67</file>
         <name>sys_abor.o67</name>
      </input_file>
      <input_file id="fl-84">
         <path>C:\ti\bios_5_42_01_09\packages\ti\bios\lib\</path>
         <kind>archive</kind>
         <file>bios.a67</file>
         <name>sys_erro.o67</name>
      </input_file>
      <input_file id="fl-85">
         <path>C:\ti\bios_5_42_01_09\packages\ti\bios\lib\</path>
         <kind>archive</kind>
         <file>bios.a67</file>
         <name>sys_one.o67</name>
      </input_file>
      <input_file id="fl-86">
         <path>C:\ti\bios_5_42_01_09\packages\ti\bios\lib\</path>
         <kind>archive</kind>
         <file>bios.a67</file>
         <name>tsk.o67</name>
      </input_file>
      <input_file id="fl-87">
         <path>C:\ti\bios_5_42_01_09\packages\ti\bios\lib\</path>
         <kind>archive</kind>
         <file>bios.a67</file>
         <name>tsk_exit.o67</name>
      </input_file>
      <input_file id="fl-88">
         <path>C:\ti\bios_5_42_01_09\packages\ti\bios\lib\</path>
         <kind>archive</kind>
         <file>bios.a67</file>
         <name>sys_exit.o67</name>
      </input_file>
      <input_file id="fl-89">
         <path>C:\ti\bios_5_42_01_09\packages\ti\bios\lib\</path>
         <kind>archive</kind>
         <file>bios.a67</file>
         <name>sys.o67</name>
      </input_file>
      <input_file id="fl-8a">
         <path>C:\ti\bios_5_42_01_09\packages\ti\bios\lib\</path>
         <kind>archive</kind>
         <file>bios.a67</file>
         <name>tsk_init.o67</name>
      </input_file>
      <input_file id="fl-8b">
         <path>C:\ti\bios_5_42_01_09\packages\ti\bios\lib\</path>
         <kind>archive</kind>
         <file>bios.a67</file>
         <name>tsk_setu.o67</name>
      </input_file>
      <input_file id="fl-8c">
         <path>C:\ti\bios_5_42_01_09\packages\ti\bios\lib\</path>
         <kind>archive</kind>
         <file>bios.a67</file>
         <name>tsk_stup.o67</name>
      </input_file>
      <input_file id="fl-8d">
         <path>C:\ti\bios_5_42_01_09\packages\ti\bios\lib\</path>
         <kind>archive</kind>
         <file>bios.a67</file>
         <name>lck.o67</name>
      </input_file>
      <input_file id="fl-8e">
         <path>C:\ti\bios_5_42_01_09\packages\ti\bios\lib\</path>
         <kind>archive</kind>
         <file>bios.a67</file>
         <name>gbl_setL2CacheMode.o67</name>
      </input_file>
      <input_file id="fl-8f">
         <path>C:\ti\bios_5_42_01_09\packages\ti\bios\lib\</path>
         <kind>archive</kind>
         <file>bios.a67</file>
         <name>sem_dopo.o67</name>
      </input_file>
      <input_file id="fl-90">
         <path>C:\ti\bios_5_42_01_09\packages\ti\bios\lib\</path>
         <kind>archive</kind>
         <file>bios.a67</file>
         <name>autoinit.o67</name>
      </input_file>
      <input_file id="fl-91">
         <path>C:\ti\ccsv5\tools\compiler\c6000_7.4.4\lib\</path>
         <kind>archive</kind>
         <file>rts6700.lib</file>
         <name>divd.obj</name>
      </input_file>
      <input_file id="fl-92">
         <path>C:\ti\ccsv5\tools\compiler\c6000_7.4.4\lib\</path>
         <kind>archive</kind>
         <file>rts6700.lib</file>
         <name>divf.obj</name>
      </input_file>
      <input_file id="fl-93">
         <path>C:\ti\ccsv5\tools\compiler\c6000_7.4.4\lib\</path>
         <kind>archive</kind>
         <file>rts6700.lib</file>
         <name>divu.obj</name>
      </input_file>
      <input_file id="fl-94">
         <path>C:\ti\ccsv5\tools\compiler\c6000_7.4.4\lib\</path>
         <kind>archive</kind>
         <file>rts6700.lib</file>
         <name>frcmpyd_div.obj</name>
      </input_file>
      <input_file id="fl-95">
         <path>C:\ti\ccsv5\tools\compiler\c6000_7.4.4\lib\</path>
         <kind>archive</kind>
         <file>rts6700.lib</file>
         <name>llshift.obj</name>
      </input_file>
      <input_file id="fl-96">
         <path>C:\ti\ccsv5\tools\compiler\c6000_7.4.4\lib\</path>
         <kind>archive</kind>
         <file>rts6700.lib</file>
         <name>mpyll.obj</name>
      </input_file>
      <input_file id="fl-97">
         <path>C:\ti\ccsv5\tools\compiler\c6000_7.4.4\lib\</path>
         <kind>archive</kind>
         <file>rts6700.lib</file>
         <name>_lock.obj</name>
      </input_file>
      <input_file id="fl-98">
         <path>C:\ti\ccsv5\tools\compiler\c6000_7.4.4\lib\</path>
         <kind>archive</kind>
         <file>rts6700.lib</file>
         <name>remi.obj</name>
      </input_file>
      <input_file id="fl-99">
         <path>C:\ti\ccsv5\tools\compiler\c6000_7.4.4\lib\</path>
         <kind>archive</kind>
         <file>rts6700.lib</file>
         <name>strasg.obj</name>
      </input_file>
      <input_file id="fl-9a">
         <path>C:\ti\ccsv5\tools\compiler\c6000_7.4.4\lib\</path>
         <kind>archive</kind>
         <file>rts6700.lib</file>
         <name>atexit.obj</name>
      </input_file>
      <input_file id="fl-9b">
         <path>C:\ti\ccsv5\tools\compiler\c6000_7.4.4\lib\</path>
         <kind>archive</kind>
         <file>rts6700.lib</file>
         <name>sinit.obj</name>
      </input_file>
      <input_file id="fl-9c">
         <path>C:\ti\ccsv5\tools\compiler\c6000_7.4.4\lib\</path>
         <kind>archive</kind>
         <file>rts6700.lib</file>
         <name>exit.obj</name>
      </input_file>
      <input_file id="fl-9d">
         <path>C:\ti\ccsv5\tools\compiler\c6000_7.4.4\lib\</path>
         <kind>archive</kind>
         <file>rts6700.lib</file>
         <name>cosf.obj</name>
      </input_file>
      <input_file id="fl-9e">
         <path>C:\ti\ccsv5\tools\compiler\c6000_7.4.4\lib\</path>
         <kind>archive</kind>
         <file>rts6700.lib</file>
         <name>roundf.obj</name>
      </input_file>
      <input_file id="fl-9f">
         <path>C:\ti\ccsv5\tools\compiler\c6000_7.4.4\lib\</path>
         <kind>archive</kind>
         <file>rts6700.lib</file>
         <name>truncf.obj</name>
      </input_file>
      <input_file id="fl-a0">
         <path>C:\ti\bios_5_42_01_09\packages\ti\bios\lib\</path>
         <kind>archive</kind>
         <file>bios.a67</file>
         <name>malloc.o67</name>
      </input_file>
      <input_file id="fl-a1">
         <path>C:\ti\ccsv5\tools\compiler\c6000_7.4.4\lib\</path>
         <kind>archive</kind>
         <file>rts6700.lib</file>
         <name>memcpy62.obj</name>
      </input_file>
      <input_file id="fl-a2">
         <path>C:\ti\ccsv5\tools\compiler\c6000_7.4.4\lib\</path>
         <kind>archive</kind>
         <file>rts6700.lib</file>
         <name>memset.obj</name>
      </input_file>
      <input_file id="fl-a3">
         <path>C:\ti\ccsv5\tools\compiler\c6000_7.4.4\lib\</path>
         <kind>archive</kind>
         <file>rts6700.lib</file>
         <name>modff.obj</name>
      </input_file>
      <input_file id="fl-a4">
         <path>C:\ti\ccsv5\tools\compiler\c6000_7.4.4\lib\</path>
         <kind>archive</kind>
         <file>rts6700.lib</file>
         <name>printf.obj</name>
      </input_file>
      <input_file id="fl-a5">
         <path>C:\ti\ccsv5\tools\compiler\c6000_7.4.4\lib\</path>
         <kind>archive</kind>
         <file>rts6700.lib</file>
         <name>defs.obj</name>
      </input_file>
      <input_file id="fl-a6">
         <path>C:\ti\ccsv5\tools\compiler\c6000_7.4.4\lib\</path>
         <kind>archive</kind>
         <file>rts6700.lib</file>
         <name>_printfi.obj</name>
      </input_file>
      <input_file id="fl-a7">
         <path>C:\ti\ccsv5\tools\compiler\c6000_7.4.4\lib\</path>
         <kind>archive</kind>
         <file>rts6700.lib</file>
         <name>isinf.obj</name>
      </input_file>
      <input_file id="fl-a8">
         <path>C:\ti\ccsv5\tools\compiler\c6000_7.4.4\lib\</path>
         <kind>archive</kind>
         <file>rts6700.lib</file>
         <name>imath40.obj</name>
      </input_file>
      <input_file id="fl-a9">
         <path>C:\ti\ccsv5\tools\compiler\c6000_7.4.4\lib\</path>
         <kind>archive</kind>
         <file>rts6700.lib</file>
         <name>imath64.obj</name>
      </input_file>
      <input_file id="fl-aa">
         <path>C:\ti\ccsv5\tools\compiler\c6000_7.4.4\lib\</path>
         <kind>archive</kind>
         <file>rts6700.lib</file>
         <name>fixdli.obj</name>
      </input_file>
      <input_file id="fl-ab">
         <path>C:\ti\ccsv5\tools\compiler\c6000_7.4.4\lib\</path>
         <kind>archive</kind>
         <file>rts6700.lib</file>
         <name>fltlid.obj</name>
      </input_file>
      <input_file id="fl-ac">
         <path>C:\ti\ccsv5\tools\compiler\c6000_7.4.4\lib\</path>
         <kind>archive</kind>
         <file>rts6700.lib</file>
         <name>negll.obj</name>
      </input_file>
      <input_file id="fl-ad">
         <path>C:\ti\ccsv5\tools\compiler\c6000_7.4.4\lib\</path>
         <kind>archive</kind>
         <file>rts6700.lib</file>
         <name>atoi.obj</name>
      </input_file>
      <input_file id="fl-ae">
         <path>C:\ti\ccsv5\tools\compiler\c6000_7.4.4\lib\</path>
         <kind>archive</kind>
         <file>rts6700.lib</file>
         <name>ctype.obj</name>
      </input_file>
      <input_file id="fl-af">
         <path>C:\ti\ccsv5\tools\compiler\c6000_7.4.4\lib\</path>
         <kind>archive</kind>
         <file>rts6700.lib</file>
         <name>fputc.obj</name>
      </input_file>
      <input_file id="fl-b0">
         <path>C:\ti\ccsv5\tools\compiler\c6000_7.4.4\lib\</path>
         <kind>archive</kind>
         <file>rts6700.lib</file>
         <name>fflush.obj</name>
      </input_file>
      <input_file id="fl-b1">
         <path>C:\ti\ccsv5\tools\compiler\c6000_7.4.4\lib\</path>
         <kind>archive</kind>
         <file>rts6700.lib</file>
         <name>_io_perm.obj</name>
      </input_file>
      <input_file id="fl-b2">
         <path>C:\ti\ccsv5\tools\compiler\c6000_7.4.4\lib\</path>
         <kind>archive</kind>
         <file>rts6700.lib</file>
         <name>fputs.obj</name>
      </input_file>
      <input_file id="fl-b3">
         <path>C:\ti\ccsv5\tools\compiler\c6000_7.4.4\lib\</path>
         <kind>archive</kind>
         <file>rts6700.lib</file>
         <name>fseek.obj</name>
      </input_file>
      <input_file id="fl-b4">
         <path>C:\ti\ccsv5\tools\compiler\c6000_7.4.4\lib\</path>
         <kind>archive</kind>
         <file>rts6700.lib</file>
         <name>abs.obj</name>
      </input_file>
      <input_file id="fl-b5">
         <path>C:\ti\ccsv5\tools\compiler\c6000_7.4.4\lib\</path>
         <kind>archive</kind>
         <file>rts6700.lib</file>
         <name>lowlev.obj</name>
      </input_file>
      <input_file id="fl-b6">
         <path>C:\ti\ccsv5\tools\compiler\c6000_7.4.4\lib\</path>
         <kind>archive</kind>
         <file>rts6700.lib</file>
         <name>trgdrv.obj</name>
      </input_file>
      <input_file id="fl-b7">
         <path>C:\ti\ccsv5\tools\compiler\c6000_7.4.4\lib\</path>
         <kind>archive</kind>
         <file>rts6700.lib</file>
         <name>ltoa.obj</name>
      </input_file>
      <input_file id="fl-b8">
         <path>C:\ti\ccsv5\tools\compiler\c6000_7.4.4\lib\</path>
         <kind>archive</kind>
         <file>rts6700.lib</file>
         <name>memccpy.obj</name>
      </input_file>
      <input_file id="fl-b9">
         <path>C:\ti\ccsv5\tools\compiler\c6000_7.4.4\lib\</path>
         <kind>archive</kind>
         <file>rts6700.lib</file>
         <name>rand.obj</name>
      </input_file>
      <input_file id="fl-ba">
         <path>C:\ti\ccsv5\tools\compiler\c6000_7.4.4\lib\</path>
         <kind>archive</kind>
         <file>rts6700.lib</file>
         <name>trgmsg.obj</name>
      </input_file>
      <input_file id="fl-bb">
         <path>C:\ti\ccsv5\tools\compiler\c6000_7.4.4\lib\</path>
         <kind>archive</kind>
         <file>rts6700.lib</file>
         <name>setvbuf.obj</name>
      </input_file>
      <input_file id="fl-bc">
         <path>C:\ti\ccsv5\tools\compiler\c6000_7.4.4\lib\</path>
         <kind>archive</kind>
         <file>rts6700.lib</file>
         <name>fopen.obj</name>
      </input_file>
      <input_file id="fl-bd">
         <path>C:\ti\ccsv5\tools\compiler\c6000_7.4.4\lib\</path>
         <kind>archive</kind>
         <file>rts6700.lib</file>
         <name>fclose.obj</name>
      </input_file>
      <input_file id="fl-be">
         <path>C:\ti\ccsv5\tools\compiler\c6000_7.4.4\lib\</path>
         <kind>archive</kind>
         <file>rts6700.lib</file>
         <name>remove.obj</name>
      </input_file>
      <input_file id="fl-bf">
         <path>C:\ti\ccsv5\tools\compiler\c6000_7.4.4\lib\</path>
         <kind>archive</kind>
         <file>rts6700.lib</file>
         <name>sinf.obj</name>
      </input_file>
      <input_file id="fl-c0">
         <path>C:\ti\ccsv5\tools\compiler\c6000_7.4.4\lib\</path>
         <kind>archive</kind>
         <file>rts6700.lib</file>
         <name>sqrtf.obj</name>
      </input_file>
      <input_file id="fl-c1">
         <path>C:\ti\ccsv5\tools\compiler\c6000_7.4.4\lib\</path>
         <kind>archive</kind>
         <file>rts6700.lib</file>
         <name>errno.obj</name>
      </input_file>
   </input_file_list>
   <object_component_list>
      <object_component id="oc-84">
         <name>.clk</name>
         <uninitialized>true</uninitialized>
         <run_address>0x3fd8c</run_address>
         <size>0x8</size>
         <input_file_ref idref="fl-14"/>
      </object_component>
      <object_component id="oc-8a">
         <name>.swi</name>
         <uninitialized>true</uninitialized>
         <run_address>0x3fd10</run_address>
         <size>0x2c</size>
         <input_file_ref idref="fl-14"/>
      </object_component>
      <object_component id="oc-8d">
         <name>.tsk</name>
         <uninitialized>true</uninitialized>
         <run_address>0x3f920</run_address>
         <size>0xc0</size>
         <input_file_ref idref="fl-14"/>
      </object_component>
      <object_component id="oc-91">
         <name>.idl</name>
         <uninitialized>true</uninitialized>
         <run_address>0x3f9e0</run_address>
         <size>0x10</size>
         <input_file_ref idref="fl-14"/>
      </object_component>
      <object_component id="oc-90">
         <name>.idlcal</name>
         <uninitialized>true</uninitialized>
         <run_address>0x3f9f0</run_address>
         <size>0x10</size>
         <input_file_ref idref="fl-14"/>
      </object_component>
      <object_component id="oc-4e">
         <name>.bss</name>
         <uninitialized>true</uninitialized>
         <run_address>0x3ee10</run_address>
         <size>0x48</size>
         <input_file_ref idref="fl-14"/>
      </object_component>
      <object_component id="oc-5c">
         <name>.bss</name>
         <uninitialized>true</uninitialized>
         <run_address>0x3ef18</run_address>
         <size>0x30</size>
         <input_file_ref idref="fl-c"/>
      </object_component>
      <object_component id="oc-62">
         <name>.bss</name>
         <uninitialized>true</uninitialized>
         <run_address>0x3efe8</run_address>
         <size>0x4</size>
         <input_file_ref idref="fl-d"/>
      </object_component>
      <object_component id="oc-6a">
         <name>.bss</name>
         <uninitialized>true</uninitialized>
         <run_address>0x3ef94</run_address>
         <size>0x12</size>
         <input_file_ref idref="fl-f"/>
      </object_component>
      <object_component id="oc-6f">
         <name>.bss</name>
         <uninitialized>true</uninitialized>
         <run_address>0x3ef48</run_address>
         <size>0x1c</size>
         <input_file_ref idref="fl-10"/>
      </object_component>
      <object_component id="oc-9a">
         <name>.bss</name>
         <uninitialized>true</uninitialized>
         <run_address>0x3eee0</run_address>
         <size>0x38</size>
         <input_file_ref idref="fl-1d"/>
      </object_component>
      <object_component id="oc-a4">
         <name>.bss</name>
         <uninitialized>true</uninitialized>
         <run_address>0x3eca8</run_address>
         <size>0xcc</size>
         <input_file_ref idref="fl-28"/>
      </object_component>
      <object_component id="oc-a6">
         <name>.bss</name>
         <uninitialized>true</uninitialized>
         <run_address>0x3eba8</run_address>
         <size>0x100</size>
         <input_file_ref idref="fl-29"/>
      </object_component>
      <object_component id="oc-ad">
         <name>.bss</name>
         <uninitialized>true</uninitialized>
         <run_address>0x3ef7c</run_address>
         <size>0x18</size>
         <input_file_ref idref="fl-2b"/>
      </object_component>
      <object_component id="oc-b3">
         <name>.bss</name>
         <uninitialized>true</uninitialized>
         <run_address>0x3ed74</run_address>
         <size>0x9c</size>
         <input_file_ref idref="fl-2c"/>
      </object_component>
      <object_component id="oc-b8">
         <name>.bss</name>
         <uninitialized>true</uninitialized>
         <run_address>0x3eea0</run_address>
         <size>0x40</size>
         <input_file_ref idref="fl-2d"/>
      </object_component>
      <object_component id="oc-f0">
         <name>.bss</name>
         <uninitialized>true</uninitialized>
         <run_address>0x3ef64</run_address>
         <size>0x18</size>
         <input_file_ref idref="fl-3c"/>
      </object_component>
      <object_component id="oc-f2">
         <name>.bss</name>
         <uninitialized>true</uninitialized>
         <run_address>0x3efe0</run_address>
         <size>0x4</size>
         <input_file_ref idref="fl-3d"/>
      </object_component>
      <object_component id="oc-11e">
         <name>.bss</name>
         <uninitialized>true</uninitialized>
         <run_address>0x3efc4</run_address>
         <size>0x8</size>
         <input_file_ref idref="fl-47"/>
      </object_component>
      <object_component id="oc-121">
         <name>.bss</name>
         <uninitialized>true</uninitialized>
         <run_address>0x3efd4</run_address>
         <size>0x4</size>
         <input_file_ref idref="fl-48"/>
      </object_component>
      <object_component id="oc-14b">
         <name>.bss</name>
         <uninitialized>true</uninitialized>
         <run_address>0x3efd8</run_address>
         <size>0x4</size>
         <input_file_ref idref="fl-51"/>
      </object_component>
      <object_component id="oc-190">
         <name>.bss</name>
         <uninitialized>true</uninitialized>
         <run_address>0x3ee58</run_address>
         <size>0x48</size>
         <input_file_ref idref="fl-62"/>
      </object_component>
      <object_component id="oc-1b0">
         <name>.bss</name>
         <uninitialized>true</uninitialized>
         <run_address>0x3efe4</run_address>
         <size>0x4</size>
         <input_file_ref idref="fl-6a"/>
      </object_component>
      <object_component id="oc-1db">
         <name>.bss</name>
         <uninitialized>true</uninitialized>
         <run_address>0x3efa8</run_address>
         <size>0x10</size>
         <input_file_ref idref="fl-75"/>
      </object_component>
      <object_component id="oc-226">
         <name>.bss</name>
         <uninitialized>true</uninitialized>
         <run_address>0x3efb8</run_address>
         <size>0xc</size>
         <input_file_ref idref="fl-86"/>
      </object_component>
      <object_component id="oc-234">
         <name>.bss</name>
         <uninitialized>true</uninitialized>
         <run_address>0x3efcc</run_address>
         <size>0x8</size>
         <input_file_ref idref="fl-89"/>
      </object_component>
      <object_component id="oc-24d">
         <name>.bss</name>
         <uninitialized>true</uninitialized>
         <run_address>0x3efdc</run_address>
         <size>0x4</size>
         <input_file_ref idref="fl-8e"/>
      </object_component>
      <object_component id="oc-89">
         <name>.hwi_vec</name>
         <load_address>0x3f400</load_address>
         <run_address>0x3f400</run_address>
         <size>0x200</size>
         <input_file_ref idref="fl-14"/>
      </object_component>
      <object_component id="oc-67">
         <name>.far</name>
         <uninitialized>true</uninitialized>
         <run_address>0x3bce0</run_address>
         <size>0x7c</size>
         <input_file_ref idref="fl-e"/>
      </object_component>
      <object_component id="oc-72">
         <name>.far</name>
         <uninitialized>true</uninitialized>
         <run_address>0x3aef0</run_address>
         <size>0x400</size>
         <input_file_ref idref="fl-10"/>
      </object_component>
      <object_component id="oc-9d">
         <name>.far</name>
         <uninitialized>true</uninitialized>
         <run_address>0x3bd5c</run_address>
         <size>0x78</size>
         <input_file_ref idref="fl-1d"/>
      </object_component>
      <object_component id="oc-c0">
         <name>.far</name>
         <uninitialized>true</uninitialized>
         <run_address>0x3c0c4</run_address>
         <size>0x10</size>
         <input_file_ref idref="fl-2f"/>
      </object_component>
      <object_component id="oc-c5">
         <name>.far</name>
         <uninitialized>true</uninitialized>
         <run_address>0x3c128</run_address>
         <size>0x8</size>
         <input_file_ref idref="fl-30"/>
      </object_component>
      <object_component id="oc-dc">
         <name>.far</name>
         <uninitialized>true</uninitialized>
         <run_address>0x3c110</run_address>
         <size>0xc</size>
         <input_file_ref idref="fl-36"/>
      </object_component>
      <object_component id="oc-132">
         <name>.far</name>
         <uninitialized>true</uninitialized>
         <run_address>0x3bdd4</run_address>
         <size>0x70</size>
         <input_file_ref idref="fl-4c"/>
      </object_component>
      <object_component id="oc-139">
         <name>.far</name>
         <uninitialized>true</uninitialized>
         <run_address>0x3bf98</run_address>
         <size>0x48</size>
         <input_file_ref idref="fl-4d"/>
      </object_component>
      <object_component id="oc-13e">
         <name>.far</name>
         <uninitialized>true</uninitialized>
         <run_address>0x3b614</run_address>
         <size>0x1c2</size>
         <input_file_ref idref="fl-4e"/>
      </object_component>
      <object_component id="oc-148">
         <name>.far</name>
         <uninitialized>true</uninitialized>
         <run_address>0x3c150</run_address>
         <size>0x4</size>
         <input_file_ref idref="fl-50"/>
      </object_component>
      <object_component id="oc-14d">
         <name>.far</name>
         <uninitialized>true</uninitialized>
         <run_address>0x3c148</run_address>
         <size>0x4</size>
         <input_file_ref idref="fl-51"/>
      </object_component>
      <object_component id="oc-15a">
         <name>.far</name>
         <uninitialized>true</uninitialized>
         <run_address>0x3c08c</run_address>
         <size>0x1c</size>
         <input_file_ref idref="fl-53"/>
      </object_component>
      <object_component id="oc-166">
         <name>.far</name>
         <uninitialized>true</uninitialized>
         <run_address>0x3bef4</run_address>
         <size>0x54</size>
         <input_file_ref idref="fl-56"/>
      </object_component>
      <object_component id="oc-169">
         <name>.far</name>
         <uninitialized>true</uninitialized>
         <run_address>0x3bfe0</run_address>
         <size>0x40</size>
         <input_file_ref idref="fl-57"/>
      </object_component>
      <object_component id="oc-175">
         <name>.far</name>
         <uninitialized>true</uninitialized>
         <run_address>0x3c048</run_address>
         <size>0x24</size>
         <input_file_ref idref="fl-5b"/>
      </object_component>
      <object_component id="oc-17d">
         <name>.far</name>
         <uninitialized>true</uninitialized>
         <run_address>0x3c104</run_address>
         <size>0xc</size>
         <input_file_ref idref="fl-5d"/>
      </object_component>
      <object_component id="oc-186">
         <name>.far</name>
         <uninitialized>true</uninitialized>
         <run_address>0x3c020</run_address>
         <size>0x28</size>
         <input_file_ref idref="fl-5f"/>
      </object_component>
      <object_component id="oc-18e">
         <name>.far</name>
         <uninitialized>true</uninitialized>
         <run_address>0x3ba7c</run_address>
         <size>0xf4</size>
         <input_file_ref idref="fl-61"/>
      </object_component>
      <object_component id="oc-193">
         <name>.far</name>
         <uninitialized>true</uninitialized>
         <run_address>0x3bb70</run_address>
         <size>0xd8</size>
         <input_file_ref idref="fl-62"/>
      </object_component>
      <object_component id="oc-1ae">
         <name>.far</name>
         <uninitialized>true</uninitialized>
         <run_address>0x3bc48</run_address>
         <size>0x98</size>
         <input_file_ref idref="fl-69"/>
      </object_component>
      <object_component id="oc-1cd">
         <name>.far</name>
         <uninitialized>true</uninitialized>
         <run_address>0x3bea0</run_address>
         <size>0x54</size>
         <input_file_ref idref="fl-71"/>
      </object_component>
      <object_component id="oc-1d2">
         <name>.far</name>
         <uninitialized>true</uninitialized>
         <run_address>0x3c0d4</run_address>
         <size>0x10</size>
         <input_file_ref idref="fl-72"/>
      </object_component>
      <object_component id="oc-1f5">
         <name>.far</name>
         <uninitialized>true</uninitialized>
         <run_address>0x3c0a8</run_address>
         <size>0x1c</size>
         <input_file_ref idref="fl-7a"/>
      </object_component>
      <object_component id="oc-202">
         <name>.far</name>
         <uninitialized>true</uninitialized>
         <run_address>0x3c14c</run_address>
         <size>0x4</size>
         <input_file_ref idref="fl-7d"/>
      </object_component>
      <object_component id="oc-229">
         <name>.far</name>
         <uninitialized>true</uninitialized>
         <run_address>0x3be44</run_address>
         <size>0x5c</size>
         <input_file_ref idref="fl-86"/>
      </object_component>
      <object_component id="oc-237">
         <name>.far</name>
         <uninitialized>true</uninitialized>
         <run_address>0x3c06c</run_address>
         <size>0x20</size>
         <input_file_ref idref="fl-89"/>
      </object_component>
      <object_component id="oc-244">
         <name>.far</name>
         <uninitialized>true</uninitialized>
         <run_address>0x3bf48</run_address>
         <size>0x50</size>
         <input_file_ref idref="fl-8c"/>
      </object_component>
      <object_component id="oc-26f">
         <name>.far</name>
         <uninitialized>true</uninitialized>
         <run_address>0x3c130</run_address>
         <size>0x8</size>
         <input_file_ref idref="fl-97"/>
      </object_component>
      <object_component id="oc-27a">
         <name>.far</name>
         <uninitialized>true</uninitialized>
         <run_address>0x3b7d8</run_address>
         <size>0x188</size>
         <input_file_ref idref="fl-9a"/>
      </object_component>
      <object_component id="oc-27f">
         <name>.far</name>
         <uninitialized>true</uninitialized>
         <run_address>0x3c15c</run_address>
         <size>0x4</size>
         <input_file_ref idref="fl-9b"/>
      </object_component>
      <object_component id="oc-284">
         <name>.far</name>
         <uninitialized>true</uninitialized>
         <run_address>0x3c11c</run_address>
         <size>0xc</size>
         <input_file_ref idref="fl-9c"/>
      </object_component>
      <object_component id="oc-289">
         <name>.far</name>
         <uninitialized>true</uninitialized>
         <run_address>0x3c0e4</run_address>
         <size>0x10</size>
         <input_file_ref idref="fl-9d"/>
      </object_component>
      <object_component id="oc-2a4">
         <name>.far</name>
         <uninitialized>true</uninitialized>
         <run_address>0x3b2f0</run_address>
         <size>0x324</size>
         <input_file_ref idref="fl-a5"/>
      </object_component>
      <object_component id="oc-2d6">
         <name>.far</name>
         <uninitialized>true</uninitialized>
         <run_address>0x3b960</run_address>
         <size>0x11c</size>
         <input_file_ref idref="fl-b5"/>
      </object_component>
      <object_component id="oc-2da">
         <name>.far</name>
         <uninitialized>true</uninitialized>
         <run_address>0x3c140</run_address>
         <size>0x8</size>
         <input_file_ref idref="fl-b6"/>
      </object_component>
      <object_component id="oc-2e5">
         <name>.far</name>
         <uninitialized>true</uninitialized>
         <run_address>0x3c138</run_address>
         <size>0x8</size>
         <input_file_ref idref="fl-b9"/>
      </object_component>
      <object_component id="oc-2f1">
         <name>.far</name>
         <uninitialized>true</uninitialized>
         <run_address>0x3c158</run_address>
         <size>0x4</size>
         <input_file_ref idref="fl-bc"/>
      </object_component>
      <object_component id="oc-2fc">
         <name>.far</name>
         <uninitialized>true</uninitialized>
         <run_address>0x3c0f4</run_address>
         <size>0x10</size>
         <input_file_ref idref="fl-bf"/>
      </object_component>
      <object_component id="oc-304">
         <name>.far</name>
         <uninitialized>true</uninitialized>
         <run_address>0x3c154</run_address>
         <size>0x4</size>
         <input_file_ref idref="fl-c1"/>
      </object_component>
      <object_component id="oc-82">
         <name>.dio</name>
         <uninitialized>true</uninitialized>
         <run_address>0x3fd94</run_address>
         <size>0x8</size>
         <input_file_ref idref="fl-14"/>
      </object_component>
      <object_component id="oc-7c">
         <name>.mem</name>
         <uninitialized>true</uninitialized>
         <run_address>0x3efec</run_address>
         <size>0x4</size>
         <input_file_ref idref="fl-14"/>
      </object_component>
      <object_component id="oc-af">
         <name>.bios</name>
         <load_address>0x327c0</load_address>
         <run_address>0x327c0</run_address>
         <size>0x600</size>
         <input_file_ref idref="fl-2b"/>
      </object_component>
      <object_component id="oc-250">
         <name>.bios</name>
         <load_address>0x32dc0</load_address>
         <run_address>0x32dc0</run_address>
         <size>0x5e0</size>
         <input_file_ref idref="fl-8e"/>
      </object_component>
      <object_component id="oc-4d">
         <name>.bios</name>
         <load_address>0x333a0</load_address>
         <run_address>0x333a0</run_address>
         <size>0x540</size>
         <input_file_ref idref="fl-2c"/>
      </object_component>
      <object_component id="oc-51">
         <name>.bios</name>
         <load_address>0x338e0</load_address>
         <run_address>0x338e0</run_address>
         <size>0x460</size>
         <input_file_ref idref="fl-29"/>
      </object_component>
      <object_component id="oc-1f8">
         <name>.bios</name>
         <load_address>0x33d40</load_address>
         <run_address>0x33d40</run_address>
         <size>0x460</size>
         <input_file_ref idref="fl-7b"/>
      </object_component>
      <object_component id="oc-293">
         <name>.bios</name>
         <load_address>0x341a0</load_address>
         <run_address>0x341a0</run_address>
         <size>0x3e0</size>
         <input_file_ref idref="fl-a0"/>
      </object_component>
      <object_component id="oc-10d">
         <name>.bios</name>
         <load_address>0x34580</load_address>
         <run_address>0x34580</run_address>
         <size>0x3a0</size>
         <input_file_ref idref="fl-43"/>
      </object_component>
      <object_component id="oc-207">
         <name>.bios</name>
         <load_address>0x34920</load_address>
         <run_address>0x34920</run_address>
         <size>0x2e0</size>
         <input_file_ref idref="fl-7e"/>
      </object_component>
      <object_component id="oc-1a6">
         <name>.bios</name>
         <load_address>0x34c00</load_address>
         <run_address>0x34c00</run_address>
         <size>0x2c0</size>
         <input_file_ref idref="fl-67"/>
      </object_component>
      <object_component id="oc-112">
         <name>.bios</name>
         <load_address>0x34ec0</load_address>
         <run_address>0x34ec0</run_address>
         <size>0x2c0</size>
         <input_file_ref idref="fl-44"/>
      </object_component>
      <object_component id="oc-1ec">
         <name>.bios</name>
         <load_address>0x35180</load_address>
         <run_address>0x35180</run_address>
         <size>0x2c0</size>
         <input_file_ref idref="fl-78"/>
      </object_component>
      <object_component id="oc-1bf">
         <name>.bios:.near</name>
         <load_address>0x35440</load_address>
         <run_address>0x35440</run_address>
         <size>0x280</size>
         <input_file_ref idref="fl-6e"/>
      </object_component>
      <object_component id="oc-1b2">
         <name>.bios:.near</name>
         <load_address>0x356c0</load_address>
         <run_address>0x356c0</run_address>
         <size>0x280</size>
         <input_file_ref idref="fl-6b"/>
      </object_component>
      <object_component id="oc-55">
         <name>.bios</name>
         <load_address>0x35940</load_address>
         <run_address>0x35940</run_address>
         <size>0x260</size>
         <input_file_ref idref="fl-2f"/>
      </object_component>
      <object_component id="oc-109">
         <name>.bios</name>
         <load_address>0x35ba0</load_address>
         <run_address>0x35ba0</run_address>
         <size>0x240</size>
         <input_file_ref idref="fl-42"/>
      </object_component>
      <object_component id="oc-254">
         <name>.bios</name>
         <load_address>0x35de0</load_address>
         <run_address>0x35de0</run_address>
         <size>0x220</size>
         <input_file_ref idref="fl-8f"/>
      </object_component>
      <object_component id="oc-23e">
         <name>.bios</name>
         <load_address>0x36000</load_address>
         <run_address>0x36000</run_address>
         <size>0x200</size>
         <input_file_ref idref="fl-8b"/>
      </object_component>
      <object_component id="oc-101">
         <name>.bios</name>
         <load_address>0x36200</load_address>
         <run_address>0x36200</run_address>
         <size>0x1c0</size>
         <input_file_ref idref="fl-40"/>
      </object_component>
      <object_component id="oc-e2">
         <name>.bios</name>
         <load_address>0x363c0</load_address>
         <run_address>0x363c0</run_address>
         <size>0x1c0</size>
         <input_file_ref idref="fl-38"/>
      </object_component>
      <object_component id="oc-22d">
         <name>.bios</name>
         <load_address>0x36580</load_address>
         <run_address>0x36580</run_address>
         <size>0x1a0</size>
         <input_file_ref idref="fl-87"/>
      </object_component>
      <object_component id="oc-258">
         <name>.bios</name>
         <load_address>0x36720</load_address>
         <run_address>0x36720</run_address>
         <size>0x180</size>
         <input_file_ref idref="fl-90"/>
      </object_component>
      <object_component id="oc-245">
         <name>.bios</name>
         <load_address>0x368a0</load_address>
         <run_address>0x368a0</run_address>
         <size>0x180</size>
         <input_file_ref idref="fl-8c"/>
      </object_component>
      <object_component id="oc-199">
         <name>.bios</name>
         <load_address>0x36a20</load_address>
         <run_address>0x36a20</run_address>
         <size>0x140</size>
         <input_file_ref idref="fl-64"/>
      </object_component>
      <object_component id="oc-181">
         <name>.bios</name>
         <load_address>0x36b60</load_address>
         <run_address>0x36b60</run_address>
         <size>0x120</size>
         <input_file_ref idref="fl-5e"/>
      </object_component>
      <object_component id="oc-15e">
         <name>.bios</name>
         <load_address>0x36c80</load_address>
         <run_address>0x36c80</run_address>
         <size>0x100</size>
         <input_file_ref idref="fl-54"/>
      </object_component>
      <object_component id="oc-1fd">
         <name>.bios</name>
         <load_address>0x36d80</load_address>
         <run_address>0x36d80</run_address>
         <size>0x100</size>
         <input_file_ref idref="fl-7c"/>
      </object_component>
      <object_component id="oc-20f">
         <name>.bios</name>
         <load_address>0x36e80</load_address>
         <run_address>0x36e80</run_address>
         <size>0x100</size>
         <input_file_ref idref="fl-80"/>
      </object_component>
      <object_component id="oc-213">
         <name>.bios</name>
         <load_address>0x36f80</load_address>
         <run_address>0x36f80</run_address>
         <size>0x100</size>
         <input_file_ref idref="fl-81"/>
      </object_component>
      <object_component id="oc-16d">
         <name>.bios</name>
         <load_address>0x37080</load_address>
         <run_address>0x37080</run_address>
         <size>0xe0</size>
         <input_file_ref idref="fl-59"/>
      </object_component>
      <object_component id="oc-196">
         <name>.bios</name>
         <load_address>0x37160</load_address>
         <run_address>0x37160</run_address>
         <size>0xe0</size>
         <input_file_ref idref="fl-63"/>
      </object_component>
      <object_component id="oc-1f0">
         <name>.bios</name>
         <load_address>0x37240</load_address>
         <run_address>0x37240</run_address>
         <size>0xe0</size>
         <input_file_ref idref="fl-79"/>
      </object_component>
      <object_component id="oc-4f">
         <name>.bios</name>
         <load_address>0x37320</load_address>
         <run_address>0x37320</run_address>
         <size>0xe0</size>
         <input_file_ref idref="fl-33"/>
      </object_component>
      <object_component id="oc-124">
         <name>.bios</name>
         <load_address>0x37400</load_address>
         <run_address>0x37400</run_address>
         <size>0xe0</size>
         <input_file_ref idref="fl-49"/>
      </object_component>
      <object_component id="oc-19e">
         <name>.bios</name>
         <load_address>0x374e0</load_address>
         <run_address>0x374e0</run_address>
         <size>0xc0</size>
         <input_file_ref idref="fl-65"/>
      </object_component>
      <object_component id="oc-1a2">
         <name>.bios</name>
         <load_address>0x375a0</load_address>
         <run_address>0x375a0</run_address>
         <size>0xc0</size>
         <input_file_ref idref="fl-66"/>
      </object_component>
      <object_component id="oc-24a">
         <name>.bios</name>
         <load_address>0x37660</load_address>
         <run_address>0x37660</run_address>
         <size>0xc0</size>
         <input_file_ref idref="fl-8d"/>
      </object_component>
      <object_component id="oc-1c4">
         <name>.bios</name>
         <load_address>0x37720</load_address>
         <run_address>0x37720</run_address>
         <size>0xc0</size>
         <input_file_ref idref="fl-6f"/>
      </object_component>
      <object_component id="oc-231">
         <name>.bios</name>
         <load_address>0x377e0</load_address>
         <run_address>0x377e0</run_address>
         <size>0xc0</size>
         <input_file_ref idref="fl-88"/>
      </object_component>
      <object_component id="oc-52">
         <name>.bios</name>
         <load_address>0x378a0</load_address>
         <run_address>0x378a0</run_address>
         <size>0xc0</size>
         <input_file_ref idref="fl-27"/>
      </object_component>
      <object_component id="oc-1bb">
         <name>.bios:.near</name>
         <load_address>0x37960</load_address>
         <run_address>0x37960</run_address>
         <size>0xa0</size>
         <input_file_ref idref="fl-6d"/>
      </object_component>
      <object_component id="oc-143">
         <name>.bios</name>
         <load_address>0x37a00</load_address>
         <run_address>0x37a00</run_address>
         <size>0xa0</size>
         <input_file_ref idref="fl-4f"/>
      </object_component>
      <object_component id="oc-17e">
         <name>.bios</name>
         <load_address>0x37aa0</load_address>
         <run_address>0x37aa0</run_address>
         <size>0xa0</size>
         <input_file_ref idref="fl-5d"/>
      </object_component>
      <object_component id="oc-4c">
         <name>.bios</name>
         <load_address>0x37b40</load_address>
         <run_address>0x37b40</run_address>
         <size>0xa0</size>
         <input_file_ref idref="fl-30"/>
      </object_component>
      <object_component id="oc-20b">
         <name>.bios</name>
         <load_address>0x37be0</load_address>
         <run_address>0x37be0</run_address>
         <size>0x80</size>
         <input_file_ref idref="fl-7f"/>
      </object_component>
      <object_component id="oc-e6">
         <name>.bios</name>
         <load_address>0x37c60</load_address>
         <run_address>0x37c60</run_address>
         <size>0x80</size>
         <input_file_ref idref="fl-39"/>
      </object_component>
      <object_component id="oc-f4">
         <name>.bios</name>
         <load_address>0x37ce0</load_address>
         <run_address>0x37ce0</run_address>
         <size>0x80</size>
         <input_file_ref idref="fl-3d"/>
      </object_component>
      <object_component id="oc-105">
         <name>.bios</name>
         <load_address>0x37d60</load_address>
         <run_address>0x37d60</run_address>
         <size>0x80</size>
         <input_file_ref idref="fl-41"/>
      </object_component>
      <object_component id="oc-11a">
         <name>.bios</name>
         <load_address>0x37de0</load_address>
         <run_address>0x37de0</run_address>
         <size>0x80</size>
         <input_file_ref idref="fl-46"/>
      </object_component>
      <object_component id="oc-f8">
         <name>.bios</name>
         <load_address>0x37e60</load_address>
         <run_address>0x37e60</run_address>
         <size>0x80</size>
         <input_file_ref idref="fl-3e"/>
      </object_component>
      <object_component id="oc-21f">
         <name>.bios:.near</name>
         <load_address>0x37ee0</load_address>
         <run_address>0x37ee0</run_address>
         <size>0x60</size>
         <input_file_ref idref="fl-84"/>
      </object_component>
      <object_component id="oc-177">
         <name>.bios</name>
         <load_address>0x37f40</load_address>
         <run_address>0x37f40</run_address>
         <size>0x60</size>
         <input_file_ref idref="fl-5c"/>
      </object_component>
      <object_component id="oc-1c8">
         <name>.bios</name>
         <load_address>0x37fa0</load_address>
         <run_address>0x37fa0</run_address>
         <size>0x60</size>
         <input_file_ref idref="fl-70"/>
      </object_component>
      <object_component id="oc-203">
         <name>.bios</name>
         <load_address>0x38000</load_address>
         <run_address>0x38000</run_address>
         <size>0x60</size>
         <input_file_ref idref="fl-7d"/>
      </object_component>
      <object_component id="oc-1d4">
         <name>.bios</name>
         <load_address>0x38060</load_address>
         <run_address>0x38060</run_address>
         <size>0x60</size>
         <input_file_ref idref="fl-73"/>
      </object_component>
      <object_component id="oc-49">
         <name>.bios</name>
         <load_address>0x380c0</load_address>
         <run_address>0x380c0</run_address>
         <size>0x60</size>
         <input_file_ref idref="fl-32"/>
      </object_component>
      <object_component id="oc-21b">
         <name>.bios</name>
         <load_address>0x38120</load_address>
         <run_address>0x38120</run_address>
         <size>0x60</size>
         <input_file_ref idref="fl-83"/>
      </object_component>
      <object_component id="oc-54">
         <name>.bios</name>
         <load_address>0x38180</load_address>
         <run_address>0x38180</run_address>
         <size>0x60</size>
         <input_file_ref idref="fl-36"/>
      </object_component>
      <object_component id="oc-128">
         <name>.bios</name>
         <load_address>0x381e0</load_address>
         <run_address>0x381e0</run_address>
         <size>0x60</size>
         <input_file_ref idref="fl-4a"/>
      </object_component>
      <object_component id="oc-4a">
         <name>.bios</name>
         <load_address>0x38240</load_address>
         <run_address>0x38240</run_address>
         <size>0x40</size>
         <input_file_ref idref="fl-2a"/>
      </object_component>
      <object_component id="oc-116">
         <name>.bios</name>
         <load_address>0x38280</load_address>
         <run_address>0x38280</run_address>
         <size>0x40</size>
         <input_file_ref idref="fl-45"/>
      </object_component>
      <object_component id="oc-48">
         <name>.bios</name>
         <load_address>0x382c0</load_address>
         <run_address>0x382c0</run_address>
         <size>0x40</size>
         <input_file_ref idref="fl-34"/>
      </object_component>
      <object_component id="oc-12c">
         <name>.bios</name>
         <load_address>0x38300</load_address>
         <run_address>0x38300</run_address>
         <size>0x40</size>
         <input_file_ref idref="fl-4b"/>
      </object_component>
      <object_component id="oc-58">
         <name>.bios</name>
         <load_address>0x38340</load_address>
         <run_address>0x38340</run_address>
         <size>0x20</size>
         <input_file_ref idref="fl-2e"/>
      </object_component>
      <object_component id="oc-170">
         <name>.bios</name>
         <load_address>0x38360</load_address>
         <run_address>0x38360</run_address>
         <size>0x20</size>
         <input_file_ref idref="fl-5a"/>
      </object_component>
      <object_component id="oc-fc">
         <name>.bios</name>
         <load_address>0x38380</load_address>
         <run_address>0x38380</run_address>
         <size>0x20</size>
         <input_file_ref idref="fl-3f"/>
      </object_component>
      <object_component id="oc-189">
         <name>.bios</name>
         <load_address>0x383a0</load_address>
         <run_address>0x383a0</run_address>
         <size>0x20</size>
         <input_file_ref idref="fl-60"/>
      </object_component>
      <object_component id="oc-1a9">
         <name>.bios</name>
         <load_address>0x383c0</load_address>
         <run_address>0x383c0</run_address>
         <size>0x20</size>
         <input_file_ref idref="fl-68"/>
      </object_component>
      <object_component id="oc-50">
         <name>.bios</name>
         <load_address>0x383e0</load_address>
         <run_address>0x383e0</run_address>
         <size>0x20</size>
         <input_file_ref idref="fl-31"/>
      </object_component>
      <object_component id="oc-216">
         <name>.bios</name>
         <load_address>0x38400</load_address>
         <run_address>0x38400</run_address>
         <size>0x20</size>
         <input_file_ref idref="fl-82"/>
      </object_component>
      <object_component id="oc-223">
         <name>.bios</name>
         <load_address>0x38420</load_address>
         <run_address>0x38420</run_address>
         <size>0x20</size>
         <input_file_ref idref="fl-85"/>
      </object_component>
      <object_component id="oc-57">
         <name>.bios</name>
         <load_address>0x38440</load_address>
         <run_address>0x38440</run_address>
         <size>0x20</size>
         <input_file_ref idref="fl-35"/>
      </object_component>
      <object_component id="oc-56">
         <name>.bios</name>
         <load_address>0x38460</load_address>
         <run_address>0x38460</run_address>
         <size>0x20</size>
         <input_file_ref idref="fl-37"/>
      </object_component>
      <object_component id="oc-2e9">
         <name>.cio</name>
         <uninitialized>true</uninitialized>
         <run_address>0x3f800</run_address>
         <size>0x120</size>
         <input_file_ref idref="fl-ba"/>
      </object_component>
      <object_component id="oc-80">
         <name>.gio</name>
         <uninitialized>true</uninitialized>
         <run_address>0x3f3f0</run_address>
         <size>0x10</size>
         <input_file_ref idref="fl-14"/>
      </object_component>
      <object_component id="oc-1df">
         <name>.pinit</name>
         <load_address>0x3fd74</load_address>
         <run_address>0x3fd74</run_address>
         <size>0x4</size>
         <input_file_ref idref="fl-75"/>
      </object_component>
      <object_component id="oc-1e8">
         <name>.pinit</name>
         <load_address>0x3fd78</load_address>
         <run_address>0x3fd78</run_address>
         <size>0x4</size>
         <input_file_ref idref="fl-77"/>
      </object_component>
      <object_component id="oc-7f">
         <name>.sys</name>
         <uninitialized>true</uninitialized>
         <run_address>0x3fd64</run_address>
         <size>0x10</size>
         <input_file_ref idref="fl-14"/>
      </object_component>
      <object_component id="oc-34e">
         <name>.text</name>
         <load_address>0x19d00</load_address>
         <run_address>0x19d00</run_address>
         <size>0x6ac0</size>
         <input_file_ref idref="fl-c"/>
      </object_component>
      <object_component id="oc-13d">
         <name>.text</name>
         <load_address>0x207c0</load_address>
         <run_address>0x207c0</run_address>
         <size>0x2840</size>
         <input_file_ref idref="fl-4e"/>
      </object_component>
      <object_component id="oc-33a">
         <name>.text</name>
         <load_address>0x23000</load_address>
         <run_address>0x23000</run_address>
         <size>0x1da0</size>
         <input_file_ref idref="fl-e"/>
      </object_component>
      <object_component id="oc-351">
         <name>.text</name>
         <load_address>0x24da0</load_address>
         <run_address>0x24da0</run_address>
         <size>0xc20</size>
         <input_file_ref idref="fl-10"/>
      </object_component>
      <object_component id="oc-306">
         <name>.text</name>
         <load_address>0x259c0</load_address>
         <run_address>0x259c0</run_address>
         <size>0xb60</size>
         <input_file_ref idref="fl-1d"/>
      </object_component>
      <object_component id="oc-363">
         <name>.text:__divd</name>
         <load_address>0x26520</load_address>
         <run_address>0x26520</run_address>
         <size>0x720</size>
         <input_file_ref idref="fl-91"/>
      </object_component>
      <object_component id="oc-385">
         <name>.text:__getarg_diouxp</name>
         <load_address>0x26c40</load_address>
         <run_address>0x26c40</run_address>
         <size>0x6c0</size>
         <input_file_ref idref="fl-a6"/>
      </object_component>
      <object_component id="oc-373">
         <name>.text:__setfield</name>
         <load_address>0x27300</load_address>
         <run_address>0x27300</run_address>
         <size>0x5a0</size>
         <input_file_ref idref="fl-a6"/>
      </object_component>
      <object_component id="oc-369">
         <name>.text:__printfi</name>
         <load_address>0x278a0</load_address>
         <run_address>0x278a0</run_address>
         <size>0x560</size>
         <input_file_ref idref="fl-a6"/>
      </object_component>
      <object_component id="oc-36f">
         <name>.text:_fputs</name>
         <load_address>0x27e00</load_address>
         <run_address>0x27e00</run_address>
         <size>0x4c0</size>
         <input_file_ref idref="fl-b2"/>
      </object_component>
      <object_component id="oc-310">
         <name>.text</name>
         <load_address>0x282c0</load_address>
         <run_address>0x282c0</run_address>
         <size>0x480</size>
         <input_file_ref idref="fl-4c"/>
      </object_component>
      <object_component id="oc-33d">
         <name>.text</name>
         <load_address>0x28740</load_address>
         <run_address>0x28740</run_address>
         <size>0x480</size>
         <input_file_ref idref="fl-f"/>
      </object_component>
      <object_component id="oc-38d">
         <name>.text:_fcvt</name>
         <load_address>0x28bc0</load_address>
         <run_address>0x28bc0</run_address>
         <size>0x420</size>
         <input_file_ref idref="fl-a6"/>
      </object_component>
      <object_component id="oc-53">
         <name>.text</name>
         <load_address>0x28fe0</load_address>
         <run_address>0x28fe0</run_address>
         <size>0x400</size>
         <input_file_ref idref="fl-2d"/>
      </object_component>
      <object_component id="oc-37a">
         <name>.text:__pproc_fge</name>
         <load_address>0x293e0</load_address>
         <run_address>0x293e0</run_address>
         <size>0x400</size>
         <input_file_ref idref="fl-a6"/>
      </object_component>
      <object_component id="oc-38a">
         <name>.text:_ecvt</name>
         <load_address>0x297e0</load_address>
         <run_address>0x297e0</run_address>
         <size>0x400</size>
         <input_file_ref idref="fl-a6"/>
      </object_component>
      <object_component id="oc-395">
         <name>.text:__divull</name>
         <load_address>0x29be0</load_address>
         <run_address>0x29be0</run_address>
         <size>0x380</size>
         <input_file_ref idref="fl-a9"/>
      </object_component>
      <object_component id="oc-384">
         <name>.text:__pconv_e</name>
         <load_address>0x29f60</load_address>
         <run_address>0x29f60</run_address>
         <size>0x360</size>
         <input_file_ref idref="fl-a6"/>
      </object_component>
      <object_component id="oc-372">
         <name>.text:__pproc_fwp</name>
         <load_address>0x2a2c0</load_address>
         <run_address>0x2a2c0</run_address>
         <size>0x360</size>
         <input_file_ref idref="fl-a6"/>
      </object_component>
      <object_component id="oc-161">
         <name>.text</name>
         <load_address>0x2a620</load_address>
         <run_address>0x2a620</run_address>
         <size>0x360</size>
         <input_file_ref idref="fl-55"/>
      </object_component>
      <object_component id="oc-350">
         <name>.text:__divf</name>
         <load_address>0x2a980</load_address>
         <run_address>0x2a980</run_address>
         <size>0x340</size>
         <input_file_ref idref="fl-92"/>
      </object_component>
      <object_component id="oc-346">
         <name>.text:_MCASP_reset</name>
         <load_address>0x2acc0</load_address>
         <run_address>0x2acc0</run_address>
         <size>0x300</size>
         <input_file_ref idref="fl-69"/>
      </object_component>
      <object_component id="oc-37b">
         <name>.text:__pproc_diouxp</name>
         <load_address>0x2afc0</load_address>
         <run_address>0x2afc0</run_address>
         <size>0x300</size>
         <input_file_ref idref="fl-a6"/>
      </object_component>
      <object_component id="oc-364">
         <name>.text:_cosf</name>
         <load_address>0x2b2c0</load_address>
         <run_address>0x2b2c0</run_address>
         <size>0x300</size>
         <input_file_ref idref="fl-9d"/>
      </object_component>
      <object_component id="oc-33f">
         <name>.text</name>
         <load_address>0x2b5c0</load_address>
         <run_address>0x2b5c0</run_address>
         <size>0x300</size>
         <input_file_ref idref="fl-4d"/>
      </object_component>
      <object_component id="oc-157">
         <name>.text</name>
         <load_address>0x2b8c0</load_address>
         <run_address>0x2b8c0</run_address>
         <size>0x2e0</size>
         <input_file_ref idref="fl-53"/>
      </object_component>
      <object_component id="oc-382">
         <name>.text:__pconv_g</name>
         <load_address>0x2bba0</load_address>
         <run_address>0x2bba0</run_address>
         <size>0x2c0</size>
         <input_file_ref idref="fl-a6"/>
      </object_component>
      <object_component id="oc-374">
         <name>.text:__pproc_str</name>
         <load_address>0x2be60</load_address>
         <run_address>0x2be60</run_address>
         <size>0x2c0</size>
         <input_file_ref idref="fl-a6"/>
      </object_component>
      <object_component id="oc-320">
         <name>.text:_EDMA_map</name>
         <load_address>0x2c120</load_address>
         <run_address>0x2c120</run_address>
         <size>0x2a0</size>
         <input_file_ref idref="fl-56"/>
      </object_component>
      <object_component id="oc-370">
         <name>.text:_fputc</name>
         <load_address>0x2c3c0</load_address>
         <run_address>0x2c3c0</run_address>
         <size>0x2a0</size>
         <input_file_ref idref="fl-af"/>
      </object_component>
      <object_component id="oc-37e">
         <name>.text:_setvbuf</name>
         <load_address>0x2c660</load_address>
         <run_address>0x2c660</run_address>
         <size>0x2a0</size>
         <input_file_ref idref="fl-bb"/>
      </object_component>
      <object_component id="oc-365">
         <name>.text:_sinf</name>
         <load_address>0x2c900</load_address>
         <run_address>0x2c900</run_address>
         <size>0x2a0</size>
         <input_file_ref idref="fl-bf"/>
      </object_component>
      <object_component id="oc-321">
         <name>.text:_EDMA_open</name>
         <load_address>0x2cba0</load_address>
         <run_address>0x2cba0</run_address>
         <size>0x260</size>
         <input_file_ref idref="fl-56"/>
      </object_component>
      <object_component id="oc-394">
         <name>.text:__divul</name>
         <load_address>0x2ce00</load_address>
         <run_address>0x2ce00</run_address>
         <size>0x260</size>
         <input_file_ref idref="fl-a8"/>
      </object_component>
[...]
         <object_component_ref idref="oc-35a"/>
      </symbol>
      <symbol id="sm-cce">
         <name>_RTDX_Mask_IER</name>
         <value>0x3dfe0</value>
         <object_component_ref idref="oc-1e3"/>
      </symbol>
      <symbol id="sm-ce6">
         <name>_RTDX_Mon_Queue</name>
         <value>0x3dba0</value>
         <object_component_ref idref="oc-35d"/>
      </symbol>
      <symbol id="sm-ce7">
         <name>_rtdx_mon_state</name>
         <value>0x80048430</value>
         <object_component_ref idref="oc-1e7"/>
      </symbol>
      <symbol id="sm-ce8">
         <name>_RTDX_JTAGONLY</name>
         <value>0x2</value>
      </symbol>
      <symbol id="sm-ce9">
         <name>_RTDX_Final_RT_Monitor</name>
         <value>0x3df40</value>
         <object_component_ref idref="oc-34b"/>
      </symbol>
      <symbol id="sm-cea">
         <name>_RTDX_Poll</name>
         <value>0x3d160</value>
         <object_component_ref idref="oc-311"/>
      </symbol>
      <symbol id="sm-ceb">
         <name>_RTDX_Init_RT_Monitor</name>
         <value>0x3ddc0</value>
         <object_component_ref idref="oc-32d"/>
      </symbol>
      <symbol id="sm-cf5">
         <name>_SEM_pendEnterKnl</name>
         <value>0x35180</value>
         <object_component_ref idref="oc-1ec"/>
      </symbol>
      <symbol id="sm-cff">
         <name>_SEM_postEnterKnl</name>
         <value>0x37240</value>
         <object_component_ref idref="oc-1f0"/>
      </symbol>
      <symbol id="sm-d09">
         <name>_SIO_ATTRS</name>
         <value>0x3c0a8</value>
         <object_component_ref idref="oc-1f5"/>
      </symbol>
      <symbol id="sm-d15">
         <name>_SIO_create</name>
         <value>0x33d40</value>
         <object_component_ref idref="oc-1f8"/>
      </symbol>
      <symbol id="sm-d1f">
         <name>_DEV_mkframe</name>
         <value>0x36d80</value>
         <object_component_ref idref="oc-1fd"/>
      </symbol>
      <symbol id="sm-d2d">
         <name>_QUE_ATTRS</name>
         <value>0x3c14c</value>
         <object_component_ref idref="oc-202"/>
      </symbol>
      <symbol id="sm-d2e">
         <name>_QUE_create</name>
         <value>0x38000</value>
         <object_component_ref idref="oc-203"/>
      </symbol>
      <symbol id="sm-d38">
         <name>_SIO_delete</name>
         <value>0x34920</value>
         <object_component_ref idref="oc-207"/>
      </symbol>
      <symbol id="sm-d42">
         <name>_DEV_rmframe</name>
         <value>0x37be0</value>
         <object_component_ref idref="oc-20b"/>
      </symbol>
      <symbol id="sm-d4c">
         <name>_SIO_issue</name>
         <value>0x36e80</value>
         <object_component_ref idref="oc-20f"/>
      </symbol>
      <symbol id="sm-d56">
         <name>_SIO_reclaim</name>
         <value>0x36f80</value>
         <object_component_ref idref="oc-213"/>
      </symbol>
      <symbol id="sm-d5e">
         <name>_STS_set</name>
         <value>0x38400</value>
         <object_component_ref idref="oc-216"/>
      </symbol>
      <symbol id="sm-d68">
         <name>_SYS_abort</name>
         <value>0x38120</value>
         <object_component_ref idref="oc-21b"/>
      </symbol>
      <symbol id="sm-d72">
         <name>_SYS_error</name>
         <value>0x37ee0</value>
         <object_component_ref idref="oc-21f"/>
      </symbol>
      <symbol id="sm-d7c">
         <name>_SYS_one</name>
         <value>0x3842c</value>
         <object_component_ref idref="oc-223"/>
      </symbol>
      <symbol id="sm-d7d">
         <name>_SYS_zero</name>
         <value>0x38420</value>
         <object_component_ref idref="oc-223"/>
      </symbol>
      <symbol id="sm-d8b">
         <name>_TSK_nTasks</name>
         <value>0x3efb8</value>
         <object_component_ref idref="oc-226"/>
      </symbol>
      <symbol id="sm-d8c">
         <name>_TSK_config</name>
         <value>0x3be60</value>
         <object_component_ref idref="oc-229"/>
      </symbol>
      <symbol id="sm-d8d">
         <name>_TSK</name>
         <value>0x3efc0</value>
         <object_component_ref idref="oc-226"/>
      </symbol>
      <symbol id="sm-d8e">
         <name>_TSK_timerSem</name>
         <value>0x3be80</value>
         <object_component_ref idref="oc-229"/>
      </symbol>
      <symbol id="sm-d8f">
         <name>_TSK_pid</name>
         <value>0x3efbc</value>
         <object_component_ref idref="oc-226"/>
      </symbol>
      <symbol id="sm-d90">
         <name>_TSK_ATTRS</name>
         <value>0x3be44</value>
         <object_component_ref idref="oc-229"/>
      </symbol>
      <symbol id="sm-d9a">
         <name>_TSK_exit</name>
         <value>0x36580</value>
         <object_component_ref idref="oc-22d"/>
      </symbol>
      <symbol id="sm-da4">
         <name>_SYS_exit</name>
         <value>0x377e0</value>
         <object_component_ref idref="oc-231"/>
      </symbol>
      <symbol id="sm-db0">
         <name>_SYS_exitStack</name>
         <value>0x3c06c</value>
         <object_component_ref idref="oc-237"/>
      </symbol>
      <symbol id="sm-db1">
         <name>_SYS_exitStackPtr</name>
         <value>0x3efcc</value>
         <object_component_ref idref="oc-234"/>
      </symbol>
      <symbol id="sm-db2">
         <name>_SYS_exitStackTop</name>
         <value>0x3efd0</value>
         <object_component_ref idref="oc-234"/>
      </symbol>
      <symbol id="sm-dbc">
         <name>_TSK_init</name>
         <value>0x3e600</value>
         <object_component_ref idref="oc-23a"/>
      </symbol>
      <symbol id="sm-dc6">
         <name>_TSK_setup</name>
         <value>0x36000</value>
         <object_component_ref idref="oc-23e"/>
      </symbol>
      <symbol id="sm-dd8">
         <name>__MEM_mutex</name>
         <value>0x3bf70</value>
         <object_component_ref idref="oc-244"/>
      </symbol>
      <symbol id="sm-dd9">
         <name>_TSK_startup</name>
         <value>0x36960</value>
         <object_component_ref idref="oc-245"/>
      </symbol>
      <symbol id="sm-dda">
         <name>__TSK_mutex</name>
         <value>0x3bf48</value>
         <object_component_ref idref="oc-244"/>
      </symbol>
      <symbol id="sm-de4">
         <name>_LCK_pend</name>
         <value>0x37690</value>
         <object_component_ref idref="oc-24a"/>
      </symbol>
      <symbol id="sm-de5">
         <name>_LCK_post</name>
         <value>0x37660</value>
         <object_component_ref idref="oc-24a"/>
      </symbol>
      <symbol id="sm-df3">
         <name>__GBL_setL2CacheMode</name>
         <value>0x331f4</value>
         <object_component_ref idref="oc-250"/>
      </symbol>
      <symbol id="sm-dfd">
         <name>__SEM_dopost</name>
         <value>0x35de0</value>
         <object_component_ref idref="oc-254"/>
      </symbol>
      <symbol id="sm-e07">
         <name>__auto_init</name>
         <value>0x36720</value>
         <object_component_ref idref="oc-258"/>
      </symbol>
      <symbol id="sm-e11">
         <name>__divd</name>
         <value>0x26520</value>
         <object_component_ref idref="oc-363"/>
      </symbol>
      <symbol id="sm-e1b">
         <name>__divf</name>
         <value>0x2a980</value>
         <object_component_ref idref="oc-350"/>
      </symbol>
      <symbol id="sm-e23">
         <name>__c6xabi_divu</name>
         <value>0x31200</value>
         <object_component_ref idref="oc-318"/>
      </symbol>
      <symbol id="sm-e24">
         <name>__divu</name>
         <value>0x31200</value>
         <object_component_ref idref="oc-318"/>
      </symbol>
      <symbol id="sm-e2e">
         <name>__frcmpyd_div</name>
         <value>0x2f120</value>
         <object_component_ref idref="oc-36b"/>
      </symbol>
      <symbol id="sm-e3a">
         <name>__llshl</name>
         <value>0x31dc0</value>
         <object_component_ref idref="oc-39a"/>
      </symbol>
      <symbol id="sm-e3b">
         <name>__llshru</name>
         <value>0x32140</value>
         <object_component_ref idref="oc-36a"/>
      </symbol>
      <symbol id="sm-e45">
         <name>__mpyll</name>
         <value>0x316e0</value>
         <object_component_ref idref="oc-375"/>
      </symbol>
      <symbol id="sm-e57">
         <name>__unlock</name>
         <value>0x3c134</value>
         <object_component_ref idref="oc-26f"/>
      </symbol>
      <symbol id="sm-e58">
         <name>__lock</name>
         <value>0x3c130</value>
         <object_component_ref idref="oc-26f"/>
      </symbol>
      <symbol id="sm-e59">
         <name>__register_lock</name>
         <value>0x32740</value>
         <object_component_ref idref="oc-32f"/>
      </symbol>
      <symbol id="sm-e5a">
         <name>__nop</name>
         <value>0x326e0</value>
         <object_component_ref idref="oc-332"/>
      </symbol>
      <symbol id="sm-e5b">
         <name>__register_unlock</name>
         <value>0x32760</value>
         <object_component_ref idref="oc-330"/>
      </symbol>
      <symbol id="sm-e63">
         <name>__remi</name>
         <value>0x302e0</value>
         <object_component_ref idref="oc-362"/>
      </symbol>
      <symbol id="sm-e64">
         <name>__c6xabi_remi</name>
         <value>0x302e0</value>
         <object_component_ref idref="oc-362"/>
      </symbol>
      <symbol id="sm-e6e">
         <name>__c6xabi_strasgi</name>
         <value>0x2f260</value>
         <object_component_ref idref="oc-32e"/>
      </symbol>
      <symbol id="sm-e6f">
         <name>__strasg</name>
         <value>0x30e00</value>
         <object_component_ref idref="oc-307"/>
      </symbol>
      <symbol id="sm-e70">
         <name>__strasgi</name>
         <value>0x2f260</value>
         <object_component_ref idref="oc-32e"/>
      </symbol>
      <symbol id="sm-e7e">
         <name>_atexit</name>
         <value>0x30ee0</value>
         <object_component_ref idref="oc-34a"/>
      </symbol>
      <symbol id="sm-e7f">
         <name>___atexit_func_id__</name>
         <value>0x3b7d8</value>
         <object_component_ref idref="oc-27a"/>
      </symbol>
      <symbol id="sm-e8f">
         <name>_dtors</name>
         <value>0x3c15c</value>
         <object_component_ref idref="oc-27f"/>
      </symbol>
      <symbol id="sm-e90">
         <name>_call_dtors</name>
         <value>0x2ed40</value>
         <object_component_ref idref="oc-366"/>
      </symbol>
      <symbol id="sm-e91">
         <name>___add_dtor</name>
         <value>0x324e0</value>
         <object_component_ref idref="oc-35f"/>
      </symbol>
      <symbol id="sm-e9d">
         <name>___TI_enable_exit_profile_output</name>
         <value>0x3c124</value>
         <object_component_ref idref="oc-284"/>
      </symbol>
      <symbol id="sm-e9e">
         <name>__cleanup_ptr</name>
         <value>0x3c11c</value>
         <object_component_ref idref="oc-284"/>
      </symbol>
      <symbol id="sm-e9f">
         <name>__dtors_ptr</name>
         <value>0x3c120</value>
         <object_component_ref idref="oc-284"/>
      </symbol>
      <symbol id="sm-ead">
         <name>_cosf</name>
         <value>0x2b2c0</value>
         <object_component_ref idref="oc-364"/>
      </symbol>
      <symbol id="sm-eb7">
         <name>__roundf</name>
         <value>0x31820</value>
         <object_component_ref idref="oc-36d"/>
      </symbol>
      <symbol id="sm-ec1">
         <name>__truncf</name>
         <value>0x32560</value>
         <object_component_ref idref="oc-36c"/>
      </symbol>
      <symbol id="sm-ecb">
         <name>_memalign</name>
         <value>0x34394</value>
         <object_component_ref idref="oc-293"/>
      </symbol>
      <symbol id="sm-ecc">
         <name>_malloc</name>
         <value>0x341cc</value>
         <object_component_ref idref="oc-293"/>
      </symbol>
      <symbol id="sm-ecd">
         <name>_realloc</name>
         <value>0x34250</value>
         <object_component_ref idref="oc-293"/>
      </symbol>
      <symbol id="sm-ece">
         <name>_free</name>
         <value>0x341a0</value>
         <object_component_ref idref="oc-293"/>
      </symbol>
      <symbol id="sm-ecf">
         <name>_calloc</name>
         <value>0x344e8</value>
         <object_component_ref idref="oc-293"/>
      </symbol>
      <symbol id="sm-ed9">
         <name>_memcpy</name>
         <value>0x2d4e0</value>
         <object_component_ref idref="oc-331"/>
      </symbol>
      <symbol id="sm-ee3">
         <name>_memset</name>
         <value>0x2fcc0</value>
         <object_component_ref idref="oc-32b"/>
      </symbol>
      <symbol id="sm-eed">
         <name>_modff</name>
         <value>0x31ec0</value>
         <object_component_ref idref="oc-36e"/>
      </symbol>
      <symbol id="sm-efb">
         <name>_printf</name>
         <value>0x304e0</value>
         <object_component_ref idref="oc-360"/>
      </symbol>
      <symbol id="sm-f05">
         <name>__tmpnams</name>
         <value>0x3b4d0</value>
         <object_component_ref idref="oc-2a4"/>
      </symbol>
      <symbol id="sm-f06">
         <name>__ft_end</name>
         <value>0x3b610</value>
         <object_component_ref idref="oc-2a4"/>
      </symbol>
      <symbol id="sm-f07">
         <name>__ftable</name>
         <value>0x3b2f0</value>
         <object_component_ref idref="oc-2a4"/>
      </symbol>
      <symbol id="sm-f37">
         <name>__printfi</name>
         <value>0x278a0</value>
         <object_component_ref idref="oc-369"/>
      </symbol>
      <symbol id="sm-f41">
         <name>___isinf</name>
         <value>0x320e0</value>
         <object_component_ref idref="oc-381"/>
      </symbol>
      <symbol id="sm-f4f">
         <name>__divul</name>
         <value>0x2ce00</value>
         <object_component_ref idref="oc-394"/>
      </symbol>
      <symbol id="sm-f50">
         <name>__remli</name>
         <value>0x31780</value>
         <object_component_ref idref="oc-398"/>
      </symbol>
      <symbol id="sm-f51">
         <name>__divli</name>
         <value>0x300e0</value>
         <object_component_ref idref="oc-399"/>
      </symbol>
      <symbol id="sm-f5d">
         <name>__subcull</name>
         <value>0x321a0</value>
         <object_component_ref idref="oc-39b"/>
      </symbol>
      <symbol id="sm-f5e">
         <name>__divull</name>
         <value>0x29be0</value>
         <object_component_ref idref="oc-395"/>
      </symbol>
      <symbol id="sm-f68">
         <name>__fixdli</name>
         <value>0x31640</value>
         <object_component_ref idref="oc-391"/>
      </symbol>
      <symbol id="sm-f72">
         <name>__fltlid</name>
         <value>0x31d40</value>
         <object_component_ref idref="oc-393"/>
      </symbol>
      <symbol id="sm-f7c">
         <name>__negll</name>
         <value>0x326c0</value>
         <object_component_ref idref="oc-386"/>
      </symbol>
      <symbol id="sm-f86">
         <name>_atoi</name>
         <value>0x2f3a0</value>
         <object_component_ref idref="oc-379"/>
      </symbol>
      <symbol id="sm-f8e">
         <name>__ctypes_</name>
         <value>0x3e858</value>
         <object_component_ref idref="oc-37f"/>
      </symbol>
      <symbol id="sm-f98">
         <name>_putc</name>
         <value>0x2c3c0</value>
         <object_component_ref idref="oc-370"/>
      </symbol>
      <symbol id="sm-f99">
         <name>_fputc</name>
         <value>0x2c3c0</value>
         <object_component_ref idref="oc-370"/>
      </symbol>
      <symbol id="sm-fa3">
         <name>__doflush</name>
         <value>0x30b60</value>
         <object_component_ref idref="oc-377"/>
      </symbol>
      <symbol id="sm-fad">
         <name>__wrt_ok</name>
         <value>0x2f960</value>
         <object_component_ref idref="oc-376"/>
      </symbol>
      <symbol id="sm-fb9">
         <name>_fputs</name>
         <value>0x27e00</value>
         <object_component_ref idref="oc-36f"/>
      </symbol>
      <symbol id="sm-fc3">
         <name>_fseek</name>
         <value>0x2df20</value>
         <object_component_ref idref="oc-37d"/>
      </symbol>
      <symbol id="sm-fe2">
         <name>_unlink</name>
         <value>0x31a00</value>
         <object_component_ref idref="oc-39c"/>
      </symbol>
      <symbol id="sm-fe3">
         <name>_lseek</name>
         <value>0x303e0</value>
         <object_component_ref idref="oc-388"/>
      </symbol>
      <symbol id="sm-fe4">
         <name>_close</name>
         <value>0x2fa80</value>
         <object_component_ref idref="oc-396"/>
      </symbol>
      <symbol id="sm-fe5">
         <name>_write</name>
         <value>0x306e0</value>
         <object_component_ref idref="oc-378"/>
      </symbol>
      <symbol id="sm-ffd">
         <name>_HOSTopen</name>
         <value>0x2f720</value>
         <object_component_ref idref="oc-333"/>
      </symbol>
      <symbol id="sm-ffe">
         <name>_HOSTread</name>
         <value>0x2efe0</value>
         <object_component_ref idref="oc-335"/>
      </symbol>
      <symbol id="sm-fff">
         <name>_HOSTrename</name>
         <value>0x2d720</value>
         <object_component_ref idref="oc-339"/>
      </symbol>
      <symbol id="sm-1000">
         <name>_HOSTwrite</name>
         <value>0x2f840</value>
         <object_component_ref idref="oc-336"/>
      </symbol>
      <symbol id="sm-1001">
         <name>_HOSTlseek</name>
         <value>0x2ea80</value>
         <object_component_ref idref="oc-337"/>
      </symbol>
      <symbol id="sm-1002">
         <name>_HOSTunlink</name>
         <value>0x2fee0</value>
         <object_component_ref idref="oc-338"/>
      </symbol>
      <symbol id="sm-1003">
         <name>_HOSTclose</name>
         <value>0x2fde0</value>
         <object_component_ref idref="oc-334"/>
      </symbol>
      <symbol id="sm-100d">
         <name>_ltoa</name>
         <value>0x2fba0</value>
         <object_component_ref idref="oc-392"/>
      </symbol>
      <symbol id="sm-1017">
         <name>_memccpy</name>
         <value>0x31e40</value>
         <object_component_ref idref="oc-37c"/>
      </symbol>
      <symbol id="sm-1025">
         <name>_rand</name>
         <value>0x31380</value>
         <object_component_ref idref="oc-361"/>
      </symbol>
      <symbol id="sm-1033">
         <name>C$$IO$$</name>
         <value>0x31b18</value>
         <object_component_ref idref="oc-34c"/>
      </symbol>
      <symbol id="sm-1034">
         <name>__CIOBUF_</name>
         <value>0x3f800</value>
         <object_component_ref idref="oc-2e9"/>
      </symbol>
      <symbol id="sm-1035">
         <name>_readmsg</name>
         <value>0x318c0</value>
         <object_component_ref idref="oc-34d"/>
      </symbol>
      <symbol id="sm-1036">
         <name>_writemsg</name>
         <value>0x31aa0</value>
         <object_component_ref idref="oc-34c"/>
      </symbol>
      <symbol id="sm-1040">
         <name>_setvbuf</name>
         <value>0x2c660</value>
         <object_component_ref idref="oc-37e"/>
      </symbol>
      <symbol id="sm-104e">
         <name>__cleanup</name>
         <value>0x30a80</value>
         <object_component_ref idref="oc-389"/>
      </symbol>
      <symbol id="sm-1058">
         <name>__closefile</name>
         <value>0x2ebe0</value>
         <object_component_ref idref="oc-390"/>
      </symbol>
      <symbol id="sm-1062">
         <name>_remove</name>
         <value>0x32780</value>
         <object_component_ref idref="oc-397"/>
      </symbol>
      <symbol id="sm-1070">
         <name>_sinf</name>
         <value>0x2c900</value>
         <object_component_ref idref="oc-365"/>
      </symbol>
      <symbol id="sm-107a">
         <name>_sqrtf</name>
         <value>0x305e0</value>
         <object_component_ref idref="oc-34f"/>
      </symbol>
      <symbol id="sm-1084">
         <name>_errno</name>
         <value>0x3c154</value>
         <object_component_ref idref="oc-304"/>
      </symbol>
   </symbol_table>
</link_info>
