<?xml version="1.0"?>
<link_info>
   <banner>TMS320C6x Linker PC v7.4.4</banner>
   <copyright>Copyright (c) 1996-2013 Texas Instruments Incorporated</copyright>
   <link_time>0x5b19e9aa</link_time>
   <output_file>../bin/MP3Encoder.out</output_file>
   <entry_point>
      <name>_c_int00</name>
      <address>0x384e0</address>
   </entry_point>
   <input_file_list>
      <input_file id="fl-b">
         <path>..\bin\</path>
         <kind>object</kind>
         <file>my_sys.obj</file>
         <name>my_sys.obj</name>
      </input_file>
      <input_file id="fl-c">
         <path>..\bin\</path>
         <kind>object</kind>
         <file>matrix.obj</file>
         <name>matrix.obj</name>
      </input_file>
      <input_file id="fl-d">
         <path>..\bin\</path>
         <kind>object</kind>
         <file>iva.obj</file>
         <name>iva.obj</name>
      </input_file>
      <input_file id="fl-e">
         <path>..\bin\</path>
         <kind>object</kind>
         <file>fft.obj</file>
         <name>fft.obj</name>
      </input_file>
      <input_file id="fl-f">
         <path>..\bin\</path>
         <kind>object</kind>
         <file>MP3Encodercfg_c.obj</file>
         <name>MP3Encodercfg_c.obj</name>
      </input_file>
      <input_file id="fl-10">
         <path>..\bin\</path>
         <kind>object</kind>
         <file>MP3Encodercfg.obj</file>
         <name>MP3Encodercfg.obj</name>
      </input_file>
      <input_file id="fl-15">
         <path>C:\Users\erdou\workspace_v5_5\MP3Encoder\bin\</path>
         <kind>object</kind>
         <file>MP3Encoder.obj</file>
         <name>MP3Encoder.obj</name>
      </input_file>
      <input_file id="fl-1f">
         <path>C:\ti\bios_5_42_01_09\packages\ti\bios\lib\</path>
         <kind>archive</kind>
         <file>biosC6000.a67</file>
         <name>clk_htime.o67</name>
      </input_file>
      <input_file id="fl-20">
         <path>C:\ti\bios_5_42_01_09\packages\ti\bios\lib\</path>
         <kind>archive</kind>
         <file>bios.a67</file>
         <name>biosdata.o67</name>
      </input_file>
      <input_file id="fl-21">
         <path>C:\ti\bios_5_42_01_09\packages\ti\bios\lib\</path>
         <kind>archive</kind>
         <file>bios.a67</file>
         <name>hwi_disp_asm.o67</name>
      </input_file>
      <input_file id="fl-22">
         <path>C:\ti\bios_5_42_01_09\packages\ti\bios\lib\</path>
         <kind>archive</kind>
         <file>bios.a67</file>
         <name>idl_stub.o67</name>
      </input_file>
      <input_file id="fl-23">
         <path>C:\ti\bios_5_42_01_09\packages\ti\bios\lib\</path>
         <kind>archive</kind>
         <file>lnkrtdx.a67</file>
         <name>rtdx.o67</name>
      </input_file>
      <input_file id="fl-24">
         <path>C:\ti\bios_5_42_01_09\packages\ti\bios\lib\</path>
         <kind>archive</kind>
         <file>bios.a67</file>
         <name>swi.o67</name>
      </input_file>
      <input_file id="fl-25">
         <path>C:\Users\erdou\workspace_v5_5\MP3Encoder\lib\</path>
         <kind>archive</kind>
         <file>DEC6713BSL.lib</file>
         <name>DEC6713.obj</name>
      </input_file>
      <input_file id="fl-26">
         <path>C:\ti\bios_5_42_01_09\packages\ti\bios\lib\</path>
         <kind>archive</kind>
         <file>bios.a67</file>
         <name>fxn_c.o67</name>
      </input_file>
      <input_file id="fl-27">
         <path>C:\ti\bios_5_42_01_09\packages\ti\bios\lib\</path>
         <kind>archive</kind>
         <file>bios.a67</file>
         <name>knl_tick.o67</name>
      </input_file>
      <input_file id="fl-28">
         <path>C:\ti\bios_5_42_01_09\packages\ti\bios\lib\</path>
         <kind>archive</kind>
         <file>bios.a67</file>
         <name>sem_crea.o67</name>
      </input_file>
      <input_file id="fl-29">
         <path>C:\ti\bios_5_42_01_09\packages\ti\bios\lib\</path>
         <kind>archive</kind>
         <file>bios.a67</file>
         <name>sem_dele.o67</name>
      </input_file>
      <input_file id="fl-2a">
         <path>C:\ti\bios_5_42_01_09\packages\ti\bios\lib\</path>
         <kind>archive</kind>
         <file>bios.a67</file>
         <name>sem_pend_counting.o67</name>
      </input_file>
      <input_file id="fl-2b">
         <path>C:\ti\bios_5_42_01_09\packages\ti\bios\lib\</path>
         <kind>archive</kind>
         <file>bios.a67</file>
         <name>sem_post_asm.o67</name>
      </input_file>
      <input_file id="fl-2c">
         <path>C:\ti\bios_5_42_01_09\packages\ti\bios\lib\</path>
         <kind>archive</kind>
         <file>bios.a67</file>
         <name>utl_doab.o67</name>
      </input_file>
      <input_file id="fl-2d">
         <path>C:\ti\bios_5_42_01_09\packages\ti\bios\lib\</path>
         <kind>archive</kind>
         <file>bios.a67</file>
         <name>utl_doer.o67</name>
      </input_file>
      <input_file id="fl-2e">
         <path>C:\ti\bios_5_42_01_09\packages\ti\bios\lib\</path>
         <kind>archive</kind>
         <file>bios.a67</file>
         <name>utl_putc.o67</name>
      </input_file>
      <input_file id="fl-2f">
         <path>C:\ti\bios_5_42_01_09\packages\ti\bios\lib\</path>
         <kind>archive</kind>
         <file>bios.a67</file>
         <name>utl_halt.o67</name>
      </input_file>
      <input_file id="fl-30">
         <path>C:\ti\bios_5_42_01_09\packages\ti\bios\lib\</path>
         <kind>archive</kind>
         <file>biosC6000.a67</file>
         <name>clk.o67</name>
      </input_file>
      <input_file id="fl-31">
         <path>C:\ti\bios_5_42_01_09\packages\ti\bios\lib\</path>
         <kind>archive</kind>
         <file>bios.a67</file>
         <name>fxn.o67</name>
      </input_file>
      <input_file id="fl-32">
         <path>C:\ti\bios_5_42_01_09\packages\ti\bios\lib\</path>
         <kind>archive</kind>
         <file>bios.a67</file>
         <name>boot.o67</name>
      </input_file>
      <input_file id="fl-33">
         <path>C:\ti\bios_5_42_01_09\packages\ti\bios\lib\</path>
         <kind>archive</kind>
         <file>bios.a67</file>
         <name>trc.o67</name>
      </input_file>
      <input_file id="fl-34">
         <path>C:\ti\bios_5_42_01_09\packages\ti\bios\lib\</path>
         <kind>archive</kind>
         <file>bios.a67</file>
         <name>hwi.o67</name>
      </input_file>
      <input_file id="fl-35">
         <path>C:\ti\bios_5_42_01_09\packages\ti\bios\lib\</path>
         <kind>archive</kind>
         <file>bios.a67</file>
         <name>idl_busy.o67</name>
      </input_file>
      <input_file id="fl-36">
         <path>C:\ti\bios_5_42_01_09\packages\ti\bios\lib\</path>
         <kind>archive</kind>
         <file>biosC6000.a67</file>
         <name>idl_cal.o67</name>
      </input_file>
      <input_file id="fl-37">
         <path>C:\ti\bios_5_42_01_09\packages\ti\bios\lib\</path>
         <kind>archive</kind>
         <file>bios.a67</file>
         <name>idl.o67</name>
      </input_file>
      <input_file id="fl-38">
         <path>C:\ti\bios_5_42_01_09\packages\ti\bios\lib\</path>
         <kind>archive</kind>
         <file>bios.a67</file>
         <name>knl_swit.o67</name>
      </input_file>
      <input_file id="fl-39">
         <path>C:\ti\bios_5_42_01_09\packages\ti\bios\lib\</path>
         <kind>archive</kind>
         <file>bios.a67</file>
         <name>log.o67</name>
      </input_file>
      <input_file id="fl-3a">
         <path>C:\ti\bios_5_42_01_09\packages\ti\bios\lib\</path>
         <kind>archive</kind>
         <file>bios.a67</file>
         <name>pip.o67</name>
      </input_file>
      <input_file id="fl-3b">
         <path>C:\ti\bios_5_42_01_09\packages\ti\bios\lib\</path>
         <kind>archive</kind>
         <file>bios.a67</file>
         <name>prd.o67</name>
      </input_file>
      <input_file id="fl-3c">
         <path>C:\ti\bios_5_42_01_09\packages\ti\bios\lib\</path>
         <kind>archive</kind>
         <file>bios.a67</file>
         <name>rta.o67</name>
      </input_file>
      <input_file id="fl-3d">
         <path>C:\ti\bios_5_42_01_09\packages\ti\bios\lib\</path>
         <kind>archive</kind>
         <file>bios.a67</file>
         <name>rta_andn.o67</name>
      </input_file>
      <input_file id="fl-3e">
         <path>C:\ti\bios_5_42_01_09\packages\ti\bios\lib\</path>
         <kind>archive</kind>
         <file>bios.a67</file>
         <name>sts.o67</name>
      </input_file>
      <input_file id="fl-3f">
         <path>C:\ti\bios_5_42_01_09\packages\ti\bios\lib\</path>
         <kind>archive</kind>
         <file>bios.a67</file>
         <name>clk_data.o67</name>
      </input_file>
      <input_file id="fl-40">
         <path>C:\ti\bios_5_42_01_09\packages\ti\bios\lib\</path>
         <kind>archive</kind>
         <file>bios.a67</file>
         <name>clk_data2.o67</name>
      </input_file>
      <input_file id="fl-41">
         <path>C:\ti\bios_5_42_01_09\packages\ti\bios\lib\</path>
         <kind>archive</kind>
         <file>biosC6000.a67</file>
         <name>clk_meas.o67</name>
      </input_file>
      <input_file id="fl-42">
         <path>C:\ti\bios_5_42_01_09\packages\ti\bios\lib\</path>
         <kind>archive</kind>
         <file>biosC6000.a67</file>
         <name>clk_start.o67</name>
      </input_file>
      <input_file id="fl-43">
         <path>C:\ti\bios_5_42_01_09\packages\ti\bios\lib\</path>
         <kind>archive</kind>
         <file>biosC6000.a67</file>
         <name>clk_stop.o67</name>
      </input_file>
      <input_file id="fl-44">
         <path>C:\Users\erdou\workspace_v5_5\MP3Encoder\lib\</path>
         <kind>archive</kind>
         <file>dec6713_edma_aic23_l67.l67</file>
         <name>dec6713_edma_aic23.obj</name>
      </input_file>
      <input_file id="fl-45">
         <path>C:\Users\erdou\workspace_v5_5\MP3Encoder\lib\</path>
         <kind>archive</kind>
         <file>dec6713_edma_aic23_l67.l67</file>
         <name>aic23.obj</name>
      </input_file>
      <input_file id="fl-46">
         <path>C:\Users\erdou\workspace_v5_5\MP3Encoder\lib\</path>
         <kind>archive</kind>
         <file>c6x1x_edma_mcasp.l67</file>
         <name>c6x1x_edma_mcas</name>
      </input_file>
      <input_file id="fl-47">
         <path>C:\ti\bios_5_42_01_09\packages\ti\bios\lib\</path>
         <kind>archive</kind>
         <file>bios.a67</file>
         <name>atm.o67</name>
      </input_file>
      <input_file id="fl-48">
         <path>..\</path>
         <kind>archive</kind>
         <file>csl6713.lib</file>
         <name>csl_cache.obj</name>
      </input_file>
      <input_file id="fl-49">
         <path>C:\ti\bios_5_42_01_09\packages\ti\bios\lib\</path>
         <kind>archive</kind>
         <file>bios.a67</file>
         <name>dev_init.o67</name>
      </input_file>
      <input_file id="fl-4a">
         <path>C:\ti\bios_5_42_01_09\packages\ti\bios\lib\</path>
         <kind>archive</kind>
         <file>drivers.a67</file>
         <name>dio.o67</name>
      </input_file>
      <input_file id="fl-4b">
         <path>C:\ti\bios_5_42_01_09\packages\ti\bios\lib\</path>
         <kind>archive</kind>
         <file>drivers.a67</file>
         <name>dio_tskDynamic.o67</name>
      </input_file>
      <input_file id="fl-4c">
         <path>C:\ti\bios_5_42_01_09\packages\ti\bios\lib\</path>
         <kind>archive</kind>
         <file>bios.a67</file>
         <name>dev_matc.o67</name>
      </input_file>
      <input_file id="fl-4d">
         <path>C:\ti\bios_5_42_01_09\packages\ti\bios\lib\</path>
         <kind>archive</kind>
         <file>drivers.a67</file>
         <name>dio_tsk.o67</name>
      </input_file>
      <input_file id="fl-4e">
         <path>..\</path>
         <kind>archive</kind>
         <file>csl6713.lib</file>
         <name>csl_edma.obj</name>
      </input_file>
      <input_file id="fl-4f">
         <path>..\</path>
         <kind>archive</kind>
         <file>csl6713.lib</file>
         <name>csl_edmadsptr.obj</name>
      </input_file>
      <input_file id="fl-50">
         <path>..\</path>
         <kind>archive</kind>
         <file>csl6713.lib</file>
         <name>csl_emif.obj</name>
      </input_file>
      <input_file id="fl-51">
         <path>C:\ti\bios_5_42_01_09\packages\ti\bios\lib\</path>
         <kind>archive</kind>
         <file>bios.a67</file>
         <name>gbl_cslcacheinit.o67</name>
      </input_file>
      <input_file id="fl-52">
         <path>C:\ti\bios_5_42_01_09\packages\ti\bios\lib\</path>
         <kind>archive</kind>
         <file>bios.a67</file>
         <name>gbl_vers.o67</name>
      </input_file>
      <input_file id="fl-53">
         <path>C:\ti\bios_5_42_01_09\packages\ti\bios\lib\</path>
         <kind>archive</kind>
         <file>bios.a67</file>
         <name>hwi_c.o67</name>
      </input_file>
      <input_file id="fl-54">
         <path>C:\ti\bios_5_42_01_09\packages\ti\bios\lib\</path>
         <kind>archive</kind>
         <file>bios.a67</file>
         <name>hwi_disp.o67</name>
      </input_file>
      <input_file id="fl-55">
         <path>C:\ti\bios_5_42_01_09\packages\ti\bios\lib\</path>
         <kind>archive</kind>
         <file>bios6x1x.a67</file>
         <name>c62_plug.o67</name>
      </input_file>
      <input_file id="fl-56">
         <path>..\</path>
         <kind>archive</kind>
         <file>csl6713.lib</file>
         <name>csl_i2c.obj</name>
      </input_file>
      <input_file id="fl-57">
         <path>C:\ti\bios_5_42_01_09\packages\ti\bios\lib\</path>
         <kind>archive</kind>
         <file>bios.a67</file>
         <name>iom_stub.o67</name>
      </input_file>
      <input_file id="fl-58">
         <path>..\</path>
         <kind>archive</kind>
         <file>csl6713.lib</file>
         <name>csl_irq.obj</name>
      </input_file>
      <input_file id="fl-59">
         <path>C:\ti\bios_5_42_01_09\packages\ti\bios\lib\</path>
         <kind>archive</kind>
         <file>bios.a67</file>
         <name>knl.o67</name>
      </input_file>
      <input_file id="fl-5a">
         <path>C:\ti\bios_5_42_01_09\packages\ti\bios\lib\</path>
         <kind>archive</kind>
         <file>bios.a67</file>
         <name>knl_exit.o67</name>
      </input_file>
      <input_file id="fl-5b">
         <path>C:\ti\bios_5_42_01_09\packages\ti\bios\lib\</path>
         <kind>archive</kind>
         <file>bios.a67</file>
         <name>knl_chec.o67</name>
      </input_file>
      <input_file id="fl-5c">
         <path>C:\ti\bios_5_42_01_09\packages\ti\bios\lib\</path>
         <kind>archive</kind>
         <file>bios.a67</file>
         <name>knl_ipos.o67</name>
      </input_file>
      <input_file id="fl-5d">
         <path>C:\ti\bios_5_42_01_09\packages\ti\bios\lib\</path>
         <kind>archive</kind>
         <file>bios.a67</file>
         <name>knl_post.o67</name>
      </input_file>
      <input_file id="fl-5e">
         <path>C:\ti\bios_5_42_01_09\packages\ti\bios\lib\</path>
         <kind>archive</kind>
         <file>bios.a67</file>
         <name>knl_run.o67</name>
      </input_file>
      <input_file id="fl-5f">
         <path>C:\ti\bios_5_42_01_09\packages\ti\bios\lib\</path>
         <kind>archive</kind>
         <file>bios.a67</file>
         <name>log_printf.o67</name>
      </input_file>
      <input_file id="fl-60">
         <path>..\</path>
         <kind>archive</kind>
         <file>csl6713.lib</file>
         <name>csl_mcasp.obj</name>
      </input_file>
      <input_file id="fl-61">
         <path>C:\ti\bios_5_42_01_09\packages\ti\bios\lib\</path>
         <kind>archive</kind>
         <file>bios.a67</file>
         <name>mem_asm.o67</name>
      </input_file>
      <input_file id="fl-62">
         <path>C:\ti\bios_5_42_01_09\packages\ti\bios\lib\</path>
         <kind>archive</kind>
         <file>bios.a67</file>
         <name>mem_free.o67</name>
      </input_file>
      <input_file id="fl-63">
         <path>C:\ti\bios_5_42_01_09\packages\ti\bios\lib\</path>
         <kind>archive</kind>
         <file>bios.a67</file>
         <name>mem_init.o67</name>
      </input_file>
      <input_file id="fl-64">
         <path>C:\ti\bios_5_42_01_09\packages\ti\bios\lib\</path>
         <kind>archive</kind>
         <file>bios.a67</file>
         <name>mem_vall.o67</name>
      </input_file>
      <input_file id="fl-65">
         <path>C:\ti\bios_5_42_01_09\packages\ti\bios\lib\</path>
         <kind>archive</kind>
         <file>bios.a67</file>
         <name>mem_allo.o67</name>
      </input_file>
      <input_file id="fl-66">
         <path>C:\ti\bios_5_42_01_09\packages\ti\bios\lib\</path>
         <kind>archive</kind>
         <file>bios.a67</file>
         <name>obj_crea.o67</name>
      </input_file>
      <input_file id="fl-67">
         <path>C:\ti\bios_5_42_01_09\packages\ti\bios\lib\</path>
         <kind>archive</kind>
         <file>bios.a67</file>
         <name>obj_dele.o67</name>
      </input_file>
      <input_file id="fl-68">
         <path>C:\ti\bios_5_42_01_09\packages\ti\bios\lib\</path>
         <kind>archive</kind>
         <file>bios.a67</file>
         <name>obj_init.o67</name>
      </input_file>
      <input_file id="fl-69">
         <path>..\</path>
         <kind>archive</kind>
         <file>csl6713.lib</file>
         <name>csl_pll.obj</name>
      </input_file>
      <input_file id="fl-6a">
         <path>C:\ti\bios_5_42_01_09\packages\ti\bios\lib\</path>
         <kind>archive</kind>
         <file>bios.a67</file>
         <name>que_get.o67</name>
      </input_file>
      <input_file id="fl-6b">
         <path>C:\ti\bios_5_42_01_09\packages\ti\rtdx\lib\c6000\</path>
         <kind>archive</kind>
         <file>rtdx.lib</file>
         <name>buffer2.o62</name>
      </input_file>
      <input_file id="fl-6c">
         <path>C:\ti\bios_5_42_01_09\packages\ti\rtdx\lib\c6000\</path>
         <kind>archive</kind>
         <file>rtdx.lib</file>
         <name>buffer1.o62</name>
      </input_file>
      <input_file id="fl-6d">
         <path>C:\ti\bios_5_42_01_09\packages\ti\rtdx\lib\c6000\</path>
         <kind>archive</kind>
         <file>rtdx.lib</file>
         <name>intr_tgt.o62</name>
      </input_file>
      <input_file id="fl-6e">
         <path>C:\ti\bios_5_42_01_09\packages\ti\rtdx\lib\c6000\</path>
         <kind>archive</kind>
         <file>rtdx.lib</file>
         <name>rtdx_mon.o62</name>
      </input_file>
      <input_file id="fl-6f">
         <path>C:\ti\bios_5_42_01_09\packages\ti\bios\lib\</path>
         <kind>archive</kind>
         <file>bios.a67</file>
         <name>sem_pend.o67</name>
      </input_file>
      <input_file id="fl-70">
         <path>C:\ti\bios_5_42_01_09\packages\ti\bios\lib\</path>
         <kind>archive</kind>
         <file>bios.a67</file>
         <name>sem_post.o67</name>
      </input_file>
      <input_file id="fl-71">
         <path>C:\ti\bios_5_42_01_09\packages\ti\bios\lib\</path>
         <kind>archive</kind>
         <file>sioboth.a67</file>
         <name>sio.o67</name>
      </input_file>
      <input_file id="fl-72">
         <path>C:\ti\bios_5_42_01_09\packages\ti\bios\lib\</path>
         <kind>archive</kind>
         <file>sioboth.a67</file>
         <name>sio_crea.o67</name>
      </input_file>
      <input_file id="fl-73">
         <path>C:\ti\bios_5_42_01_09\packages\ti\bios\lib\</path>
         <kind>archive</kind>
         <file>bios.a67</file>
         <name>dev_mkfr.o67</name>
      </input_file>
      <input_file id="fl-74">
         <path>C:\ti\bios_5_42_01_09\packages\ti\bios\lib\</path>
         <kind>archive</kind>
         <file>bios.a67</file>
         <name>que_crea.o67</name>
      </input_file>
      <input_file id="fl-75">
         <path>C:\ti\bios_5_42_01_09\packages\ti\bios\lib\</path>
         <kind>archive</kind>
         <file>sioboth.a67</file>
         <name>sio_dele.o67</name>
      </input_file>
      <input_file id="fl-76">
         <path>C:\ti\bios_5_42_01_09\packages\ti\bios\lib\</path>
         <kind>archive</kind>
         <file>bios.a67</file>
         <name>dev_rmfr.o67</name>
      </input_file>
      <input_file id="fl-77">
         <path>C:\ti\bios_5_42_01_09\packages\ti\bios\lib\</path>
         <kind>archive</kind>
         <file>sioboth.a67</file>
         <name>sio_issu.o67</name>
      </input_file>
      <input_file id="fl-78">
         <path>C:\ti\bios_5_42_01_09\packages\ti\bios\lib\</path>
         <kind>archive</kind>
         <file>sioboth.a67</file>
         <name>sio_recl.o67</name>
      </input_file>
      <input_file id="fl-79">
         <path>C:\ti\bios_5_42_01_09\packages\ti\bios\lib\</path>
         <kind>archive</kind>
         <file>bios.a67</file>
         <name>sts_set.o67</name>
      </input_file>
      <input_file id="fl-7a">
         <path>C:\ti\bios_5_42_01_09\packages\ti\bios\lib\</path>
         <kind>archive</kind>
         <file>bios.a67</file>
         <name>sys_abor.o67</name>
      </input_file>
      <input_file id="fl-7b">
         <path>C:\ti\bios_5_42_01_09\packages\ti\bios\lib\</path>
         <kind>archive</kind>
         <file>bios.a67</file>
         <name>sys_erro.o67</name>
      </input_file>
      <input_file id="fl-7c">
         <path>C:\ti\bios_5_42_01_09\packages\ti\bios\lib\</path>
         <kind>archive</kind>
         <file>bios.a67</file>
         <name>sys_one.o67</name>
      </input_file>
      <input_file id="fl-7d">
         <path>C:\ti\bios_5_42_01_09\packages\ti\bios\lib\</path>
         <kind>archive</kind>
         <file>bios.a67</file>
         <name>tsk.o67</name>
      </input_file>
      <input_file id="fl-7e">
         <path>C:\ti\bios_5_42_01_09\packages\ti\bios\lib\</path>
         <kind>archive</kind>
         <file>bios.a67</file>
         <name>tsk_exit.o67</name>
      </input_file>
      <input_file id="fl-7f">
         <path>C:\ti\bios_5_42_01_09\packages\ti\bios\lib\</path>
         <kind>archive</kind>
         <file>bios.a67</file>
         <name>sys_exit.o67</name>
      </input_file>
      <input_file id="fl-80">
         <path>C:\ti\bios_5_42_01_09\packages\ti\bios\lib\</path>
         <kind>archive</kind>
         <file>bios.a67</file>
         <name>sys.o67</name>
      </input_file>
      <input_file id="fl-81">
         <path>C:\ti\bios_5_42_01_09\packages\ti\bios\lib\</path>
         <kind>archive</kind>
         <file>bios.a67</file>
         <name>tsk_init.o67</name>
      </input_file>
      <input_file id="fl-82">
         <path>C:\ti\bios_5_42_01_09\packages\ti\bios\lib\</path>
         <kind>archive</kind>
         <file>bios.a67</file>
         <name>tsk_setu.o67</name>
      </input_file>
      <input_file id="fl-83">
         <path>C:\ti\bios_5_42_01_09\packages\ti\bios\lib\</path>
         <kind>archive</kind>
         <file>bios.a67</file>
         <name>tsk_stup.o67</name>
      </input_file>
      <input_file id="fl-84">
         <path>C:\ti\bios_5_42_01_09\packages\ti\bios\lib\</path>
         <kind>archive</kind>
         <file>bios.a67</file>
         <name>lck.o67</name>
      </input_file>
      <input_file id="fl-85">
         <path>C:\ti\bios_5_42_01_09\packages\ti\bios\lib\</path>
         <kind>archive</kind>
         <file>bios.a67</file>
         <name>gbl_setL2CacheMode.o67</name>
      </input_file>
      <input_file id="fl-86">
         <path>C:\ti\bios_5_42_01_09\packages\ti\bios\lib\</path>
         <kind>archive</kind>
         <file>bios.a67</file>
         <name>sem_dopo.o67</name>
      </input_file>
      <input_file id="fl-87">
         <path>C:\ti\bios_5_42_01_09\packages\ti\bios\lib\</path>
         <kind>archive</kind>
         <file>bios.a67</file>
         <name>autoinit.o67</name>
      </input_file>
      <input_file id="fl-88">
         <path>C:\ti\ccsv5\tools\compiler\c6000_7.4.4\lib\</path>
         <kind>archive</kind>
         <file>rts6700.lib</file>
         <name>divd.obj</name>
      </input_file>
      <input_file id="fl-89">
         <path>C:\ti\ccsv5\tools\compiler\c6000_7.4.4\lib\</path>
         <kind>archive</kind>
         <file>rts6700.lib</file>
         <name>divf.obj</name>
      </input_file>
      <input_file id="fl-8a">
         <path>C:\ti\ccsv5\tools\compiler\c6000_7.4.4\lib\</path>
         <kind>archive</kind>
         <file>rts6700.lib</file>
         <name>divu.obj</name>
      </input_file>
      <input_file id="fl-8b">
         <path>C:\ti\ccsv5\tools\compiler\c6000_7.4.4\lib\</path>
         <kind>archive</kind>
         <file>rts6700.lib</file>
         <name>frcmpyd_div.obj</name>
      </input_file>
      <input_file id="fl-8c">
         <path>C:\ti\ccsv5\tools\compiler\c6000_7.4.4\lib\</path>
         <kind>archive</kind>
         <file>rts6700.lib</file>
         <name>llshift.obj</name>
      </input_file>
      <input_file id="fl-8d">
         <path>C:\ti\ccsv5\tools\compiler\c6000_7.4.4\lib\</path>
         <kind>archive</kind>
         <file>rts6700.lib</file>
         <name>mpyll.obj</name>
      </input_file>
      <input_file id="fl-8e">
         <path>C:\ti\ccsv5\tools\compiler\c6000_7.4.4\lib\</path>
         <kind>archive</kind>
         <file>rts6700.lib</file>
         <name>_lock.obj</name>
      </input_file>
      <input_file id="fl-8f">
         <path>C:\ti\ccsv5\tools\compiler\c6000_7.4.4\lib\</path>
         <kind>archive</kind>
         <file>rts6700.lib</file>
         <name>remi.obj</name>
      </input_file>
      <input_file id="fl-90">
         <path>C:\ti\ccsv5\tools\compiler\c6000_7.4.4\lib\</path>
         <kind>archive</kind>
         <file>rts6700.lib</file>
         <name>strasg.obj</name>
      </input_file>
      <input_file id="fl-91">
         <path>C:\ti\ccsv5\tools\compiler\c6000_7.4.4\lib\</path>
         <kind>archive</kind>
         <file>rts6700.lib</file>
         <name>atexit.obj</name>
      </input_file>
      <input_file id="fl-92">
         <path>C:\ti\ccsv5\tools\compiler\c6000_7.4.4\lib\</path>
         <kind>archive</kind>
         <file>rts6700.lib</file>
         <name>sinit.obj</name>
      </input_file>
      <input_file id="fl-93">
         <path>C:\ti\ccsv5\tools\compiler\c6000_7.4.4\lib\</path>
         <kind>archive</kind>
         <file>rts6700.lib</file>
         <name>exit.obj</name>
      </input_file>
      <input_file id="fl-94">
         <path>C:\ti\ccsv5\tools\compiler\c6000_7.4.4\lib\</path>
         <kind>archive</kind>
         <file>rts6700.lib</file>
         <name>cosf.obj</name>
      </input_file>
      <input_file id="fl-95">
         <path>C:\ti\ccsv5\tools\compiler\c6000_7.4.4\lib\</path>
         <kind>archive</kind>
         <file>rts6700.lib</file>
         <name>roundf.obj</name>
      </input_file>
      <input_file id="fl-96">
         <path>C:\ti\ccsv5\tools\compiler\c6000_7.4.4\lib\</path>
         <kind>archive</kind>
         <file>rts6700.lib</file>
         <name>truncf.obj</name>
      </input_file>
      <input_file id="fl-97">
         <path>C:\ti\bios_5_42_01_09\packages\ti\bios\lib\</path>
         <kind>archive</kind>
         <file>bios.a67</file>
         <name>malloc.o67</name>
      </input_file>
      <input_file id="fl-98">
         <path>C:\ti\ccsv5\tools\compiler\c6000_7.4.4\lib\</path>
         <kind>archive</kind>
         <file>rts6700.lib</file>
         <name>memcpy62.obj</name>
      </input_file>
      <input_file id="fl-99">
         <path>C:\ti\ccsv5\tools\compiler\c6000_7.4.4\lib\</path>
         <kind>archive</kind>
         <file>rts6700.lib</file>
         <name>memset.obj</name>
      </input_file>
      <input_file id="fl-9a">
         <path>C:\ti\ccsv5\tools\compiler\c6000_7.4.4\lib\</path>
         <kind>archive</kind>
         <file>rts6700.lib</file>
         <name>modff.obj</name>
      </input_file>
      <input_file id="fl-9b">
         <path>C:\ti\ccsv5\tools\compiler\c6000_7.4.4\lib\</path>
         <kind>archive</kind>
         <file>rts6700.lib</file>
         <name>printf.obj</name>
      </input_file>
      <input_file id="fl-9c">
         <path>C:\ti\ccsv5\tools\compiler\c6000_7.4.4\lib\</path>
         <kind>archive</kind>
         <file>rts6700.lib</file>
         <name>defs.obj</name>
      </input_file>
      <input_file id="fl-9d">
         <path>C:\ti\ccsv5\tools\compiler\c6000_7.4.4\lib\</path>
         <kind>archive</kind>
         <file>rts6700.lib</file>
         <name>_printfi.obj</name>
      </input_file>
      <input_file id="fl-9e">
         <path>C:\ti\ccsv5\tools\compiler\c6000_7.4.4\lib\</path>
         <kind>archive</kind>
         <file>rts6700.lib</file>
         <name>isinf.obj</name>
      </input_file>
      <input_file id="fl-9f">
         <path>C:\ti\ccsv5\tools\compiler\c6000_7.4.4\lib\</path>
         <kind>archive</kind>
         <file>rts6700.lib</file>
         <name>imath40.obj</name>
      </input_file>
      <input_file id="fl-a0">
         <path>C:\ti\ccsv5\tools\compiler\c6000_7.4.4\lib\</path>
         <kind>archive</kind>
         <file>rts6700.lib</file>
         <name>imath64.obj</name>
      </input_file>
      <input_file id="fl-a1">
         <path>C:\ti\ccsv5\tools\compiler\c6000_7.4.4\lib\</path>
         <kind>archive</kind>
         <file>rts6700.lib</file>
         <name>fixdli.obj</name>
      </input_file>
      <input_file id="fl-a2">
         <path>C:\ti\ccsv5\tools\compiler\c6000_7.4.4\lib\</path>
         <kind>archive</kind>
         <file>rts6700.lib</file>
         <name>fltlid.obj</name>
      </input_file>
      <input_file id="fl-a3">
         <path>C:\ti\ccsv5\tools\compiler\c6000_7.4.4\lib\</path>
         <kind>archive</kind>
         <file>rts6700.lib</file>
         <name>negll.obj</name>
      </input_file>
      <input_file id="fl-a4">
         <path>C:\ti\ccsv5\tools\compiler\c6000_7.4.4\lib\</path>
         <kind>archive</kind>
         <file>rts6700.lib</file>
         <name>atoi.obj</name>
      </input_file>
      <input_file id="fl-a5">
         <path>C:\ti\ccsv5\tools\compiler\c6000_7.4.4\lib\</path>
         <kind>archive</kind>
         <file>rts6700.lib</file>
         <name>ctype.obj</name>
      </input_file>
      <input_file id="fl-a6">
         <path>C:\ti\ccsv5\tools\compiler\c6000_7.4.4\lib\</path>
         <kind>archive</kind>
         <file>rts6700.lib</file>
         <name>fputc.obj</name>
      </input_file>
      <input_file id="fl-a7">
         <path>C:\ti\ccsv5\tools\compiler\c6000_7.4.4\lib\</path>
         <kind>archive</kind>
         <file>rts6700.lib</file>
         <name>fflush.obj</name>
      </input_file>
      <input_file id="fl-a8">
         <path>C:\ti\ccsv5\tools\compiler\c6000_7.4.4\lib\</path>
         <kind>archive</kind>
         <file>rts6700.lib</file>
         <name>_io_perm.obj</name>
      </input_file>
      <input_file id="fl-a9">
         <path>C:\ti\ccsv5\tools\compiler\c6000_7.4.4\lib\</path>
         <kind>archive</kind>
         <file>rts6700.lib</file>
         <name>fputs.obj</name>
      </input_file>
      <input_file id="fl-aa">
         <path>C:\ti\ccsv5\tools\compiler\c6000_7.4.4\lib\</path>
         <kind>archive</kind>
         <file>rts6700.lib</file>
         <name>fseek.obj</name>
      </input_file>
      <input_file id="fl-ab">
         <path>C:\ti\ccsv5\tools\compiler\c6000_7.4.4\lib\</path>
         <kind>archive</kind>
         <file>rts6700.lib</file>
         <name>abs.obj</name>
      </input_file>
      <input_file id="fl-ac">
         <path>C:\ti\ccsv5\tools\compiler\c6000_7.4.4\lib\</path>
         <kind>archive</kind>
         <file>rts6700.lib</file>
         <name>lowlev.obj</name>
      </input_file>
      <input_file id="fl-ad">
         <path>C:\ti\ccsv5\tools\compiler\c6000_7.4.4\lib\</path>
         <kind>archive</kind>
         <file>rts6700.lib</file>
         <name>trgdrv.obj</name>
      </input_file>
      <input_file id="fl-ae">
         <path>C:\ti\ccsv5\tools\compiler\c6000_7.4.4\lib\</path>
         <kind>archive</kind>
         <file>rts6700.lib</file>
         <name>ltoa.obj</name>
      </input_file>
      <input_file id="fl-af">
         <path>C:\ti\ccsv5\tools\compiler\c6000_7.4.4\lib\</path>
         <kind>archive</kind>
         <file>rts6700.lib</file>
         <name>memccpy.obj</name>
      </input_file>
      <input_file id="fl-b0">
         <path>C:\ti\ccsv5\tools\compiler\c6000_7.4.4\lib\</path>
         <kind>archive</kind>
         <file>rts6700.lib</file>
         <name>rand.obj</name>
      </input_file>
      <input_file id="fl-b1">
         <path>C:\ti\ccsv5\tools\compiler\c6000_7.4.4\lib\</path>
         <kind>archive</kind>
         <file>rts6700.lib</file>
         <name>trgmsg.obj</name>
      </input_file>
      <input_file id="fl-b2">
         <path>C:\ti\ccsv5\tools\compiler\c6000_7.4.4\lib\</path>
         <kind>archive</kind>
         <file>rts6700.lib</file>
         <name>setvbuf.obj</name>
      </input_file>
      <input_file id="fl-b3">
         <path>C:\ti\ccsv5\tools\compiler\c6000_7.4.4\lib\</path>
         <kind>archive</kind>
         <file>rts6700.lib</file>
         <name>fopen.obj</name>
      </input_file>
      <input_file id="fl-b4">
         <path>C:\ti\ccsv5\tools\compiler\c6000_7.4.4\lib\</path>
         <kind>archive</kind>
         <file>rts6700.lib</file>
         <name>fclose.obj</name>
      </input_file>
      <input_file id="fl-b5">
         <path>C:\ti\ccsv5\tools\compiler\c6000_7.4.4\lib\</path>
         <kind>archive</kind>
         <file>rts6700.lib</file>
         <name>remove.obj</name>
      </input_file>
      <input_file id="fl-b6">
         <path>C:\ti\ccsv5\tools\compiler\c6000_7.4.4\lib\</path>
         <kind>archive</kind>
         <file>rts6700.lib</file>
         <name>sinf.obj</name>
      </input_file>
      <input_file id="fl-b7">
         <path>C:\ti\ccsv5\tools\compiler\c6000_7.4.4\lib\</path>
         <kind>archive</kind>
         <file>rts6700.lib</file>
         <name>sqrtf.obj</name>
      </input_file>
      <input_file id="fl-b8">
         <path>C:\ti\ccsv5\tools\compiler\c6000_7.4.4\lib\</path>
         <kind>archive</kind>
         <file>rts6700.lib</file>
         <name>errno.obj</name>
      </input_file>
   </input_file_list>
   <object_component_list>
      <object_component id="oc-88">
         <name>.vers</name>
         <load_address>0x0</load_address>
         <run_address>0x0</run_address>
         <size>0x40</size>
         <input_file_ref idref="fl-10"/>
      </object_component>
      <object_component id="oc-76">
         <name>.clk</name>
         <uninitialized>true</uninitialized>
         <run_address>0x367f8</run_address>
         <size>0x8</size>
         <input_file_ref idref="fl-10"/>
      </object_component>
      <object_component id="oc-7">
         <name>HWI_A_VECS</name>
         <load_address>0x0</load_address>
         <run_address>0x0</run_address>
         <size>0x0</size>
      </object_component>
      <object_component id="oc-7b">
         <name>.hwi_vec</name>
         <load_address>0x0</load_address>
         <run_address>0x0</run_address>
         <size>0x200</size>
         <input_file_ref idref="fl-10"/>
      </object_component>
      <object_component id="oc-7c">
         <name>.swi</name>
         <uninitialized>true</uninitialized>
         <run_address>0x39a38</run_address>
         <size>0x2c</size>
         <input_file_ref idref="fl-10"/>
      </object_component>
      <object_component id="oc-7f">
         <name>.tsk</name>
         <uninitialized>true</uninitialized>
         <run_address>0x39900</run_address>
         <size>0xc0</size>
         <input_file_ref idref="fl-10"/>
      </object_component>
      <object_component id="oc-83">
         <name>.idl</name>
         <uninitialized>true</uninitialized>
         <run_address>0x396f0</run_address>
         <size>0x10</size>
         <input_file_ref idref="fl-10"/>
      </object_component>
      <object_component id="oc-82">
         <name>.idlcal</name>
         <uninitialized>true</uninitialized>
         <run_address>0x39a8c</run_address>
         <size>0x10</size>
         <input_file_ref idref="fl-10"/>
      </object_component>
      <object_component id="oc-4d">
         <name>.bss</name>
         <uninitialized>true</uninitialized>
         <run_address>0x38db0</run_address>
         <size>0x48</size>
         <input_file_ref idref="fl-10"/>
      </object_component>
      <object_component id="oc-5b">
         <name>.bss</name>
         <uninitialized>true</uninitialized>
         <run_address>0x38e80</run_address>
         <size>0x30</size>
         <input_file_ref idref="fl-c"/>
      </object_component>
      <object_component id="oc-65">
         <name>.bss</name>
         <uninitialized>true</uninitialized>
         <run_address>0x38edc</run_address>
         <size>0x1c</size>
         <input_file_ref idref="fl-e"/>
      </object_component>
      <object_component id="oc-8c">
         <name>.bss</name>
         <uninitialized>true</uninitialized>
         <run_address>0x38eb0</run_address>
         <size>0x2c</size>
         <input_file_ref idref="fl-15"/>
      </object_component>
      <object_component id="oc-96">
         <name>.bss</name>
         <uninitialized>true</uninitialized>
         <run_address>0x38c48</run_address>
         <size>0xcc</size>
         <input_file_ref idref="fl-20"/>
      </object_component>
      <object_component id="oc-98">
         <name>.bss</name>
         <uninitialized>true</uninitialized>
         <run_address>0x38b48</run_address>
         <size>0x100</size>
         <input_file_ref idref="fl-21"/>
      </object_component>
      <object_component id="oc-9f">
         <name>.bss</name>
         <uninitialized>true</uninitialized>
         <run_address>0x38f10</run_address>
         <size>0x18</size>
         <input_file_ref idref="fl-23"/>
      </object_component>
      <object_component id="oc-a5">
         <name>.bss</name>
         <uninitialized>true</uninitialized>
         <run_address>0x38d14</run_address>
         <size>0x9c</size>
         <input_file_ref idref="fl-24"/>
      </object_component>
      <object_component id="oc-aa">
         <name>.bss</name>
         <uninitialized>true</uninitialized>
         <run_address>0x38e40</run_address>
         <size>0x40</size>
         <input_file_ref idref="fl-25"/>
      </object_component>
      <object_component id="oc-e2">
         <name>.bss</name>
         <uninitialized>true</uninitialized>
         <run_address>0x38ef8</run_address>
         <size>0x18</size>
         <input_file_ref idref="fl-34"/>
      </object_component>
      <object_component id="oc-e4">
         <name>.bss</name>
         <uninitialized>true</uninitialized>
         <run_address>0x38f60</run_address>
         <size>0x4</size>
         <input_file_ref idref="fl-35"/>
      </object_component>
      <object_component id="oc-110">
         <name>.bss</name>
         <uninitialized>true</uninitialized>
         <run_address>0x38f44</run_address>
         <size>0x8</size>
         <input_file_ref idref="fl-3f"/>
      </object_component>
      <object_component id="oc-113">
         <name>.bss</name>
         <uninitialized>true</uninitialized>
         <run_address>0x38f54</run_address>
         <size>0x4</size>
         <input_file_ref idref="fl-40"/>
      </object_component>
      <object_component id="oc-13d">
         <name>.bss</name>
         <uninitialized>true</uninitialized>
         <run_address>0x38f58</run_address>
         <size>0x4</size>
         <input_file_ref idref="fl-49"/>
      </object_component>
      <object_component id="oc-17f">
         <name>.bss</name>
         <uninitialized>true</uninitialized>
         <run_address>0x38df8</run_address>
         <size>0x48</size>
         <input_file_ref idref="fl-59"/>
      </object_component>
      <object_component id="oc-19f">
         <name>.bss</name>
         <uninitialized>true</uninitialized>
         <run_address>0x38f64</run_address>
         <size>0x4</size>
         <input_file_ref idref="fl-61"/>
      </object_component>
      <object_component id="oc-1ca">
         <name>.bss</name>
         <uninitialized>true</uninitialized>
         <run_address>0x38f28</run_address>
         <size>0x10</size>
         <input_file_ref idref="fl-6c"/>
      </object_component>
      <object_component id="oc-215">
         <name>.bss</name>
         <uninitialized>true</uninitialized>
         <run_address>0x38f38</run_address>
         <size>0xc</size>
         <input_file_ref idref="fl-7d"/>
      </object_component>
      <object_component id="oc-223">
         <name>.bss</name>
         <uninitialized>true</uninitialized>
         <run_address>0x38f4c</run_address>
         <size>0x8</size>
         <input_file_ref idref="fl-80"/>
      </object_component>
      <object_component id="oc-23c">
         <name>.bss</name>
         <uninitialized>true</uninitialized>
         <run_address>0x38f5c</run_address>
         <size>0x4</size>
         <input_file_ref idref="fl-85"/>
      </object_component>
      <object_component id="oc-62">
         <name>.far</name>
         <uninitialized>true</uninitialized>
         <run_address>0x353a8</run_address>
         <size>0x7c</size>
         <input_file_ref idref="fl-d"/>
      </object_component>
      <object_component id="oc-68">
         <name>.far</name>
         <uninitialized>true</uninitialized>
         <run_address>0x345b8</run_address>
         <size>0x400</size>
         <input_file_ref idref="fl-e"/>
      </object_component>
      <object_component id="oc-8f">
         <name>.far</name>
         <uninitialized>true</uninitialized>
         <run_address>0x35494</run_address>
         <size>0x68</size>
         <input_file_ref idref="fl-15"/>
      </object_component>
      <object_component id="oc-b2">
         <name>.far</name>
         <uninitialized>true</uninitialized>
         <run_address>0x35758</run_address>
         <size>0x10</size>
         <input_file_ref idref="fl-27"/>
      </object_component>
      <object_component id="oc-b7">
         <name>.far</name>
         <uninitialized>true</uninitialized>
         <run_address>0x357bc</run_address>
         <size>0x8</size>
         <input_file_ref idref="fl-28"/>
      </object_component>
      <object_component id="oc-ce">
         <name>.far</name>
         <uninitialized>true</uninitialized>
         <run_address>0x357a4</run_address>
         <size>0xc</size>
         <input_file_ref idref="fl-2e"/>
      </object_component>
      <object_component id="oc-124">
         <name>.far</name>
         <uninitialized>true</uninitialized>
         <run_address>0x35424</run_address>
         <size>0x70</size>
         <input_file_ref idref="fl-44"/>
      </object_component>
      <object_component id="oc-12b">
         <name>.far</name>
         <uninitialized>true</uninitialized>
         <run_address>0x35650</run_address>
         <size>0x48</size>
         <input_file_ref idref="fl-45"/>
      </object_component>
      <object_component id="oc-130">
         <name>.far</name>
         <uninitialized>true</uninitialized>
         <run_address>0x34cdc</run_address>
         <size>0x1c2</size>
         <input_file_ref idref="fl-46"/>
      </object_component>
      <object_component id="oc-13a">
         <name>.far</name>
         <uninitialized>true</uninitialized>
         <run_address>0x357e4</run_address>
         <size>0x4</size>
         <input_file_ref idref="fl-48"/>
      </object_component>
      <object_component id="oc-13f">
         <name>.far</name>
         <uninitialized>true</uninitialized>
         <run_address>0x357cc</run_address>
         <size>0x4</size>
         <input_file_ref idref="fl-49"/>
      </object_component>
      <object_component id="oc-14c">
         <name>.far</name>
         <uninitialized>true</uninitialized>
         <run_address>0x35720</run_address>
         <size>0x1c</size>
         <input_file_ref idref="fl-4b"/>
      </object_component>
      <object_component id="oc-158">
         <name>.far</name>
         <uninitialized>true</uninitialized>
         <run_address>0x355ac</run_address>
         <size>0x54</size>
         <input_file_ref idref="fl-4e"/>
      </object_component>
      <object_component id="oc-15b">
         <name>.far</name>
         <uninitialized>true</uninitialized>
         <run_address>0x35698</run_address>
         <size>0x40</size>
         <input_file_ref idref="fl-4f"/>
      </object_component>
      <object_component id="oc-16c">
         <name>.far</name>
         <uninitialized>true</uninitialized>
         <run_address>0x35798</run_address>
         <size>0xc</size>
         <input_file_ref idref="fl-54"/>
      </object_component>
      <object_component id="oc-175">
         <name>.far</name>
         <uninitialized>true</uninitialized>
         <run_address>0x356d8</run_address>
         <size>0x28</size>
         <input_file_ref idref="fl-56"/>
      </object_component>
      <object_component id="oc-17d">
         <name>.far</name>
         <uninitialized>true</uninitialized>
         <run_address>0x35144</run_address>
         <size>0xf4</size>
         <input_file_ref idref="fl-58"/>
      </object_component>
      <object_component id="oc-182">
         <name>.far</name>
         <uninitialized>true</uninitialized>
         <run_address>0x35238</run_address>
         <size>0xd8</size>
         <input_file_ref idref="fl-59"/>
      </object_component>
      <object_component id="oc-19d">
         <name>.far</name>
         <uninitialized>true</uninitialized>
         <run_address>0x35310</run_address>
         <size>0x98</size>
         <input_file_ref idref="fl-60"/>
      </object_component>
      <object_component id="oc-1bc">
         <name>.far</name>
         <uninitialized>true</uninitialized>
         <run_address>0x35558</run_address>
         <size>0x54</size>
         <input_file_ref idref="fl-68"/>
      </object_component>
      <object_component id="oc-1c1">
         <name>.far</name>
         <uninitialized>true</uninitialized>
         <run_address>0x35768</run_address>
         <size>0x10</size>
         <input_file_ref idref="fl-69"/>
      </object_component>
      <object_component id="oc-1e4">
         <name>.far</name>
         <uninitialized>true</uninitialized>
         <run_address>0x3573c</run_address>
         <size>0x1c</size>
         <input_file_ref idref="fl-71"/>
      </object_component>
      <object_component id="oc-1f1">
         <name>.far</name>
         <uninitialized>true</uninitialized>
         <run_address>0x357e0</run_address>
         <size>0x4</size>
         <input_file_ref idref="fl-74"/>
      </object_component>
      <object_component id="oc-218">
         <name>.far</name>
         <uninitialized>true</uninitialized>
         <run_address>0x354fc</run_address>
         <size>0x5c</size>
         <input_file_ref idref="fl-7d"/>
      </object_component>
      <object_component id="oc-226">
         <name>.far</name>
         <uninitialized>true</uninitialized>
         <run_address>0x35700</run_address>
         <size>0x20</size>
         <input_file_ref idref="fl-80"/>
      </object_component>
      <object_component id="oc-233">
         <name>.far</name>
         <uninitialized>true</uninitialized>
         <run_address>0x35600</run_address>
         <size>0x50</size>
         <input_file_ref idref="fl-83"/>
      </object_component>
      <object_component id="oc-25e">
         <name>.far</name>
         <uninitialized>true</uninitialized>
         <run_address>0x357c4</run_address>
         <size>0x8</size>
         <input_file_ref idref="fl-8e"/>
      </object_component>
      <object_component id="oc-269">
         <name>.far</name>
         <uninitialized>true</uninitialized>
         <run_address>0x34ea0</run_address>
         <size>0x188</size>
         <input_file_ref idref="fl-91"/>
      </object_component>
      <object_component id="oc-26e">
         <name>.far</name>
         <uninitialized>true</uninitialized>
         <run_address>0x357f0</run_address>
         <size>0x4</size>
         <input_file_ref idref="fl-92"/>
      </object_component>
      <object_component id="oc-273">
         <name>.far</name>
         <uninitialized>true</uninitialized>
         <run_address>0x357b0</run_address>
         <size>0xc</size>
         <input_file_ref idref="fl-93"/>
      </object_component>
      <object_component id="oc-278">
         <name>.far</name>
         <uninitialized>true</uninitialized>
         <run_address>0x35778</run_address>
         <size>0x10</size>
         <input_file_ref idref="fl-94"/>
      </object_component>
      <object_component id="oc-293">
         <name>.far</name>
         <uninitialized>true</uninitialized>
         <run_address>0x349b8</run_address>
         <size>0x324</size>
         <input_file_ref idref="fl-9c"/>
      </object_component>
      <object_component id="oc-2c5">
         <name>.far</name>
         <uninitialized>true</uninitialized>
         <run_address>0x35028</run_address>
         <size>0x11c</size>
         <input_file_ref idref="fl-ac"/>
      </object_component>
      <object_component id="oc-2c9">
         <name>.far</name>
         <uninitialized>true</uninitialized>
         <run_address>0x357d8</run_address>
         <size>0x8</size>
         <input_file_ref idref="fl-ad"/>
      </object_component>
      <object_component id="oc-2d4">
         <name>.far</name>
         <uninitialized>true</uninitialized>
         <run_address>0x357d0</run_address>
         <size>0x8</size>
         <input_file_ref idref="fl-b0"/>
      </object_component>
      <object_component id="oc-2e0">
         <name>.far</name>
         <uninitialized>true</uninitialized>
         <run_address>0x357ec</run_address>
         <size>0x4</size>
         <input_file_ref idref="fl-b3"/>
      </object_component>
      <object_component id="oc-2eb">
         <name>.far</name>
         <uninitialized>true</uninitialized>
         <run_address>0x35788</run_address>
         <size>0x10</size>
         <input_file_ref idref="fl-b6"/>
      </object_component>
      <object_component id="oc-2f3">
         <name>.far</name>
         <uninitialized>true</uninitialized>
         <run_address>0x357e8</run_address>
         <size>0x4</size>
         <input_file_ref idref="fl-b8"/>
      </object_component>
      <object_component id="oc-6e">
         <name>.mem</name>
         <uninitialized>true</uninitialized>
         <run_address>0x357f4</run_address>
         <size>0x4</size>
         <input_file_ref idref="fl-10"/>
      </object_component>
      <object_component id="oc-a1">
         <name>.bios</name>
         <load_address>0x2d240</load_address>
         <run_address>0x2d240</run_address>
         <size>0x600</size>
         <input_file_ref idref="fl-23"/>
      </object_component>
      <object_component id="oc-23f">
         <name>.bios</name>
         <load_address>0x2d840</load_address>
         <run_address>0x2d840</run_address>
         <size>0x5e0</size>
         <input_file_ref idref="fl-85"/>
      </object_component>
      <object_component id="oc-4c">
         <name>.bios</name>
         <load_address>0x2de20</load_address>
         <run_address>0x2de20</run_address>
         <size>0x540</size>
         <input_file_ref idref="fl-24"/>
      </object_component>
      <object_component id="oc-50">
         <name>.bios</name>
         <load_address>0x2e360</load_address>
         <run_address>0x2e360</run_address>
         <size>0x460</size>
         <input_file_ref idref="fl-21"/>
      </object_component>
      <object_component id="oc-1e7">
         <name>.bios</name>
         <load_address>0x2e7c0</load_address>
         <run_address>0x2e7c0</run_address>
         <size>0x460</size>
         <input_file_ref idref="fl-72"/>
      </object_component>
      <object_component id="oc-282">
         <name>.bios</name>
         <load_address>0x2ec20</load_address>
         <run_address>0x2ec20</run_address>
         <size>0x3e0</size>
         <input_file_ref idref="fl-97"/>
      </object_component>
      <object_component id="oc-ff">
         <name>.bios</name>
         <load_address>0x2f000</load_address>
         <run_address>0x2f000</run_address>
         <size>0x3a0</size>
         <input_file_ref idref="fl-3b"/>
      </object_component>
      <object_component id="oc-1f6">
         <name>.bios</name>
         <load_address>0x2f3a0</load_address>
         <run_address>0x2f3a0</run_address>
         <size>0x2e0</size>
         <input_file_ref idref="fl-75"/>
      </object_component>
      <object_component id="oc-195">
         <name>.bios</name>
         <load_address>0x2f680</load_address>
         <run_address>0x2f680</run_address>
         <size>0x2c0</size>
         <input_file_ref idref="fl-5e"/>
      </object_component>
      <object_component id="oc-104">
         <name>.bios</name>
         <load_address>0x2f940</load_address>
         <run_address>0x2f940</run_address>
         <size>0x2c0</size>
         <input_file_ref idref="fl-3c"/>
      </object_component>
      <object_component id="oc-1db">
         <name>.bios</name>
         <load_address>0x2fc00</load_address>
         <run_address>0x2fc00</run_address>
         <size>0x2c0</size>
         <input_file_ref idref="fl-6f"/>
      </object_component>
      <object_component id="oc-1ae">
         <name>.bios:.near</name>
         <load_address>0x2fec0</load_address>
         <run_address>0x2fec0</run_address>
         <size>0x280</size>
         <input_file_ref idref="fl-65"/>
      </object_component>
      <object_component id="oc-1a1">
         <name>.bios:.near</name>
         <load_address>0x30140</load_address>
         <run_address>0x30140</run_address>
         <size>0x280</size>
         <input_file_ref idref="fl-62"/>
      </object_component>
      <object_component id="oc-54">
         <name>.bios</name>
         <load_address>0x303c0</load_address>
         <run_address>0x303c0</run_address>
         <size>0x260</size>
         <input_file_ref idref="fl-27"/>
      </object_component>
      <object_component id="oc-fb">
         <name>.bios</name>
         <load_address>0x30620</load_address>
         <run_address>0x30620</run_address>
         <size>0x240</size>
         <input_file_ref idref="fl-3a"/>
      </object_component>
      <object_component id="oc-243">
         <name>.bios</name>
         <load_address>0x30860</load_address>
         <run_address>0x30860</run_address>
         <size>0x220</size>
         <input_file_ref idref="fl-86"/>
      </object_component>
      <object_component id="oc-22d">
         <name>.bios</name>
         <load_address>0x30a80</load_address>
         <run_address>0x30a80</run_address>
         <size>0x200</size>
         <input_file_ref idref="fl-82"/>
      </object_component>
      <object_component id="oc-f3">
         <name>.bios</name>
         <load_address>0x30c80</load_address>
         <run_address>0x30c80</run_address>
         <size>0x1c0</size>
         <input_file_ref idref="fl-38"/>
      </object_component>
      <object_component id="oc-d4">
         <name>.bios</name>
         <load_address>0x30e40</load_address>
         <run_address>0x30e40</run_address>
         <size>0x1c0</size>
         <input_file_ref idref="fl-30"/>
      </object_component>
      <object_component id="oc-21c">
         <name>.bios</name>
         <load_address>0x31000</load_address>
         <run_address>0x31000</run_address>
         <size>0x1a0</size>
         <input_file_ref idref="fl-7e"/>
      </object_component>
      <object_component id="oc-247">
         <name>.bios</name>
         <load_address>0x311a0</load_address>
         <run_address>0x311a0</run_address>
         <size>0x180</size>
         <input_file_ref idref="fl-87"/>
      </object_component>
      <object_component id="oc-234">
         <name>.bios</name>
         <load_address>0x31320</load_address>
         <run_address>0x31320</run_address>
         <size>0x180</size>
         <input_file_ref idref="fl-83"/>
      </object_component>
      <object_component id="oc-188">
         <name>.bios</name>
         <load_address>0x314a0</load_address>
         <run_address>0x314a0</run_address>
         <size>0x140</size>
         <input_file_ref idref="fl-5b"/>
      </object_component>
      <object_component id="oc-170">
         <name>.bios</name>
         <load_address>0x315e0</load_address>
         <run_address>0x315e0</run_address>
         <size>0x120</size>
         <input_file_ref idref="fl-55"/>
      </object_component>
      <object_component id="oc-150">
         <name>.bios</name>
         <load_address>0x31700</load_address>
         <run_address>0x31700</run_address>
         <size>0x100</size>
         <input_file_ref idref="fl-4c"/>
      </object_component>
      <object_component id="oc-1ec">
         <name>.bios</name>
         <load_address>0x31800</load_address>
         <run_address>0x31800</run_address>
         <size>0x100</size>
         <input_file_ref idref="fl-73"/>
      </object_component>
      <object_component id="oc-1fe">
         <name>.bios</name>
         <load_address>0x31900</load_address>
         <run_address>0x31900</run_address>
         <size>0x100</size>
         <input_file_ref idref="fl-77"/>
      </object_component>
      <object_component id="oc-202">
         <name>.bios</name>
         <load_address>0x31a00</load_address>
         <run_address>0x31a00</run_address>
         <size>0x100</size>
         <input_file_ref idref="fl-78"/>
      </object_component>
      <object_component id="oc-15f">
         <name>.bios</name>
         <load_address>0x31b00</load_address>
         <run_address>0x31b00</run_address>
         <size>0xe0</size>
         <input_file_ref idref="fl-51"/>
      </object_component>
      <object_component id="oc-185">
         <name>.bios</name>
         <load_address>0x31be0</load_address>
         <run_address>0x31be0</run_address>
         <size>0xe0</size>
         <input_file_ref idref="fl-5a"/>
      </object_component>
      <object_component id="oc-1df">
         <name>.bios</name>
         <load_address>0x31cc0</load_address>
         <run_address>0x31cc0</run_address>
         <size>0xe0</size>
         <input_file_ref idref="fl-70"/>
      </object_component>
      <object_component id="oc-4e">
         <name>.bios</name>
         <load_address>0x31da0</load_address>
         <run_address>0x31da0</run_address>
         <size>0xe0</size>
         <input_file_ref idref="fl-2b"/>
      </object_component>
      <object_component id="oc-116">
         <name>.bios</name>
         <load_address>0x31e80</load_address>
         <run_address>0x31e80</run_address>
         <size>0xe0</size>
         <input_file_ref idref="fl-41"/>
      </object_component>
      <object_component id="oc-18d">
         <name>.bios</name>
         <load_address>0x31f60</load_address>
         <run_address>0x31f60</run_address>
         <size>0xc0</size>
         <input_file_ref idref="fl-5c"/>
      </object_component>
      <object_component id="oc-191">
         <name>.bios</name>
         <load_address>0x32020</load_address>
         <run_address>0x32020</run_address>
         <size>0xc0</size>
         <input_file_ref idref="fl-5d"/>
      </object_component>
      <object_component id="oc-239">
         <name>.bios</name>
         <load_address>0x320e0</load_address>
         <run_address>0x320e0</run_address>
         <size>0xc0</size>
         <input_file_ref idref="fl-84"/>
      </object_component>
      <object_component id="oc-1b3">
         <name>.bios</name>
         <load_address>0x321a0</load_address>
         <run_address>0x321a0</run_address>
         <size>0xc0</size>
         <input_file_ref idref="fl-66"/>
      </object_component>
      <object_component id="oc-220">
         <name>.bios</name>
         <load_address>0x32260</load_address>
         <run_address>0x32260</run_address>
         <size>0xc0</size>
         <input_file_ref idref="fl-7f"/>
      </object_component>
      <object_component id="oc-51">
         <name>.bios</name>
         <load_address>0x32320</load_address>
         <run_address>0x32320</run_address>
         <size>0xc0</size>
         <input_file_ref idref="fl-1f"/>
      </object_component>
      <object_component id="oc-1aa">
         <name>.bios:.near</name>
         <load_address>0x323e0</load_address>
         <run_address>0x323e0</run_address>
         <size>0xa0</size>
         <input_file_ref idref="fl-64"/>
      </object_component>
      <object_component id="oc-135">
         <name>.bios</name>
         <load_address>0x32480</load_address>
         <run_address>0x32480</run_address>
         <size>0xa0</size>
         <input_file_ref idref="fl-47"/>
      </object_component>
      <object_component id="oc-16d">
         <name>.bios</name>
         <load_address>0x32520</load_address>
         <run_address>0x32520</run_address>
         <size>0xa0</size>
         <input_file_ref idref="fl-54"/>
      </object_component>
      <object_component id="oc-4b">
         <name>.bios</name>
         <load_address>0x325c0</load_address>
         <run_address>0x325c0</run_address>
         <size>0xa0</size>
         <input_file_ref idref="fl-28"/>
      </object_component>
      <object_component id="oc-1fa">
         <name>.bios</name>
         <load_address>0x32660</load_address>
         <run_address>0x32660</run_address>
         <size>0x80</size>
         <input_file_ref idref="fl-76"/>
      </object_component>
      <object_component id="oc-d8">
         <name>.bios</name>
         <load_address>0x326e0</load_address>
         <run_address>0x326e0</run_address>
         <size>0x80</size>
         <input_file_ref idref="fl-31"/>
      </object_component>
      <object_component id="oc-e6">
         <name>.bios</name>
         <load_address>0x32760</load_address>
         <run_address>0x32760</run_address>
         <size>0x80</size>
         <input_file_ref idref="fl-35"/>
      </object_component>
      <object_component id="oc-f7">
         <name>.bios</name>
         <load_address>0x327e0</load_address>
         <run_address>0x327e0</run_address>
         <size>0x80</size>
         <input_file_ref idref="fl-39"/>
      </object_component>
      <object_component id="oc-10c">
         <name>.bios</name>
         <load_address>0x32860</load_address>
         <run_address>0x32860</run_address>
         <size>0x80</size>
         <input_file_ref idref="fl-3e"/>
      </object_component>
      <object_component id="oc-ea">
         <name>.bios</name>
         <load_address>0x328e0</load_address>
         <run_address>0x328e0</run_address>
         <size>0x80</size>
         <input_file_ref idref="fl-36"/>
      </object_component>
      <object_component id="oc-20e">
         <name>.bios:.near</name>
         <load_address>0x32960</load_address>
         <run_address>0x32960</run_address>
         <size>0x60</size>
         <input_file_ref idref="fl-7b"/>
      </object_component>
      <object_component id="oc-166">
         <name>.bios</name>
         <load_address>0x329c0</load_address>
         <run_address>0x329c0</run_address>
         <size>0x60</size>
         <input_file_ref idref="fl-53"/>
      </object_component>
      <object_component id="oc-1b7">
         <name>.bios</name>
         <load_address>0x32a20</load_address>
         <run_address>0x32a20</run_address>
         <size>0x60</size>
         <input_file_ref idref="fl-67"/>
      </object_component>
      <object_component id="oc-1f2">
         <name>.bios</name>
         <load_address>0x32a80</load_address>
         <run_address>0x32a80</run_address>
         <size>0x60</size>
         <input_file_ref idref="fl-74"/>
      </object_component>
      <object_component id="oc-1c3">
         <name>.bios</name>
         <load_address>0x32ae0</load_address>
         <run_address>0x32ae0</run_address>
         <size>0x60</size>
         <input_file_ref idref="fl-6a"/>
      </object_component>
      <object_component id="oc-48">
         <name>.bios</name>
         <load_address>0x32b40</load_address>
         <run_address>0x32b40</run_address>
         <size>0x60</size>
         <input_file_ref idref="fl-2a"/>
      </object_component>
      <object_component id="oc-20a">
         <name>.bios</name>
         <load_address>0x32ba0</load_address>
         <run_address>0x32ba0</run_address>
         <size>0x60</size>
         <input_file_ref idref="fl-7a"/>
      </object_component>
      <object_component id="oc-53">
         <name>.bios</name>
         <load_address>0x32c00</load_address>
         <run_address>0x32c00</run_address>
         <size>0x60</size>
         <input_file_ref idref="fl-2e"/>
      </object_component>
      <object_component id="oc-11a">
         <name>.bios</name>
         <load_address>0x32c60</load_address>
         <run_address>0x32c60</run_address>
         <size>0x60</size>
         <input_file_ref idref="fl-42"/>
      </object_component>
      <object_component id="oc-49">
         <name>.bios</name>
         <load_address>0x32cc0</load_address>
         <run_address>0x32cc0</run_address>
         <size>0x40</size>
         <input_file_ref idref="fl-22"/>
      </object_component>
      <object_component id="oc-108">
         <name>.bios</name>
         <load_address>0x32d00</load_address>
         <run_address>0x32d00</run_address>
         <size>0x40</size>
         <input_file_ref idref="fl-3d"/>
      </object_component>
      <object_component id="oc-47">
         <name>.bios</name>
         <load_address>0x32d40</load_address>
         <run_address>0x32d40</run_address>
         <size>0x40</size>
         <input_file_ref idref="fl-2c"/>
      </object_component>
      <object_component id="oc-11e">
         <name>.bios</name>
         <load_address>0x32d80</load_address>
         <run_address>0x32d80</run_address>
         <size>0x40</size>
         <input_file_ref idref="fl-43"/>
      </object_component>
      <object_component id="oc-57">
         <name>.bios</name>
         <load_address>0x32dc0</load_address>
         <run_address>0x32dc0</run_address>
         <size>0x20</size>
         <input_file_ref idref="fl-26"/>
      </object_component>
      <object_component id="oc-162">
         <name>.bios</name>
         <load_address>0x32de0</load_address>
         <run_address>0x32de0</run_address>
         <size>0x20</size>
         <input_file_ref idref="fl-52"/>
      </object_component>
      <object_component id="oc-ee">
         <name>.bios</name>
         <load_address>0x32e00</load_address>
         <run_address>0x32e00</run_address>
         <size>0x20</size>
         <input_file_ref idref="fl-37"/>
      </object_component>
      <object_component id="oc-178">
         <name>.bios</name>
         <load_address>0x32e20</load_address>
         <run_address>0x32e20</run_address>
         <size>0x20</size>
         <input_file_ref idref="fl-57"/>
      </object_component>
      <object_component id="oc-198">
         <name>.bios</name>
         <load_address>0x32e40</load_address>
         <run_address>0x32e40</run_address>
         <size>0x20</size>
         <input_file_ref idref="fl-5f"/>
      </object_component>
      <object_component id="oc-4f">
         <name>.bios</name>
         <load_address>0x32e60</load_address>
         <run_address>0x32e60</run_address>
         <size>0x20</size>
         <input_file_ref idref="fl-29"/>
      </object_component>
      <object_component id="oc-205">
         <name>.bios</name>
         <load_address>0x32e80</load_address>
         <run_address>0x32e80</run_address>
         <size>0x20</size>
         <input_file_ref idref="fl-79"/>
      </object_component>
      <object_component id="oc-212">
         <name>.bios</name>
         <load_address>0x32ea0</load_address>
         <run_address>0x32ea0</run_address>
         <size>0x20</size>
         <input_file_ref idref="fl-7c"/>
      </object_component>
      <object_component id="oc-56">
         <name>.bios</name>
         <load_address>0x32ec0</load_address>
         <run_address>0x32ec0</run_address>
         <size>0x20</size>
         <input_file_ref idref="fl-2d"/>
      </object_component>
      <object_component id="oc-55">
         <name>.bios</name>
         <load_address>0x32ee0</load_address>
         <run_address>0x32ee0</run_address>
         <size>0x20</size>
         <input_file_ref idref="fl-2f"/>
      </object_component>
      <object_component id="oc-2d8">
         <name>.cio</name>
         <uninitialized>true</uninitialized>
         <run_address>0x39568</run_address>
         <size>0x120</size>
         <input_file_ref idref="fl-b1"/>
      </object_component>
      <object_component id="oc-72">
         <name>.gio</name>
         <uninitialized>true</uninitialized>
         <run_address>0x396e0</run_address>
         <size>0x10</size>
         <input_file_ref idref="fl-10"/>
      </object_component>
      <object_component id="oc-1ce">
         <name>.pinit</name>
         <load_address>0x39aac</load_address>
         <run_address>0x39aac</run_address>
         <size>0x4</size>
         <input_file_ref idref="fl-6c"/>
      </object_component>
      <object_component id="oc-1d7">
         <name>.pinit</name>
         <load_address>0x39ab0</load_address>
         <run_address>0x39ab0</run_address>
         <size>0x4</size>
         <input_file_ref idref="fl-6e"/>
      </object_component>
      <object_component id="oc-71">
         <name>.sys</name>
         <uninitialized>true</uninitialized>
         <run_address>0x39a9c</run_address>
         <size>0x10</size>
         <input_file_ref idref="fl-10"/>
      </object_component>
      <object_component id="oc-33b">
         <name>.text</name>
         <load_address>0x200</load_address>
         <run_address>0x200</run_address>
         <size>0x6ac0</size>
         <input_file_ref idref="fl-c"/>
      </object_component>
      <object_component id="oc-12f">
         <name>.text</name>
         <load_address>0x6cc0</load_address>
         <run_address>0x6cc0</run_address>
         <size>0x2840</size>
         <input_file_ref idref="fl-46"/>
      </object_component>
      <object_component id="oc-329">
         <name>.text</name>
         <load_address>0x9500</load_address>
         <run_address>0x9500</run_address>
         <size>0x1d60</size>
         <input_file_ref idref="fl-d"/>
      </object_component>
      <object_component id="oc-33e">
         <name>.text</name>
         <load_address>0xb260</load_address>
         <run_address>0xb260</run_address>
         <size>0xc20</size>
         <input_file_ref idref="fl-e"/>
      </object_component>
      <object_component id="oc-2f5">
         <name>.text</name>
         <load_address>0xbe80</load_address>
         <run_address>0xbe80</run_address>
         <size>0x8c0</size>
         <input_file_ref idref="fl-15"/>
      </object_component>
      <object_component id="oc-34e">
         <name>.text:__divd</name>
         <load_address>0xc740</load_address>
         <run_address>0xc740</run_address>
         <size>0x720</size>
         <input_file_ref idref="fl-88"/>
      </object_component>
      <object_component id="oc-370">
         <name>.text:__getarg_diouxp</name>
         <load_address>0xce60</load_address>
         <run_address>0xce60</run_address>
         <size>0x6c0</size>
         <input_file_ref idref="fl-9d"/>
      </object_component>
      <object_component id="oc-35e">
         <name>.text:__setfield</name>
         <load_address>0xd520</load_address>
         <run_address>0xd520</run_address>
         <size>0x5a0</size>
         <input_file_ref idref="fl-9d"/>
      </object_component>
      <object_component id="oc-354">
         <name>.text:__printfi</name>
         <load_address>0xdac0</load_address>
         <run_address>0xdac0</run_address>
         <size>0x560</size>
         <input_file_ref idref="fl-9d"/>
      </object_component>
      <object_component id="oc-35a">
         <name>.text:_fputs</name>
         <load_address>0xe020</load_address>
         <run_address>0xe020</run_address>
         <size>0x4c0</size>
         <input_file_ref idref="fl-a9"/>
      </object_component>
      <object_component id="oc-2ff">
         <name>.text</name>
         <load_address>0xe4e0</load_address>
         <run_address>0xe4e0</run_address>
         <size>0x480</size>
         <input_file_ref idref="fl-44"/>
      </object_component>
      <object_component id="oc-378">
         <name>.text:_fcvt</name>
         <load_address>0xe960</load_address>
         <run_address>0xe960</run_address>
         <size>0x420</size>
         <input_file_ref idref="fl-9d"/>
      </object_component>
      <object_component id="oc-52">
         <name>.text</name>
         <load_address>0xed80</load_address>
         <run_address>0xed80</run_address>
         <size>0x400</size>
         <input_file_ref idref="fl-25"/>
      </object_component>
      <object_component id="oc-365">
         <name>.text:__pproc_fge</name>
         <load_address>0xf180</load_address>
         <run_address>0xf180</run_address>
         <size>0x400</size>
         <input_file_ref idref="fl-9d"/>
      </object_component>
      <object_component id="oc-375">
         <name>.text:_ecvt</name>
         <load_address>0xf580</load_address>
         <run_address>0xf580</run_address>
         <size>0x400</size>
         <input_file_ref idref="fl-9d"/>
      </object_component>
      <object_component id="oc-380">
         <name>.text:__divull</name>
         <load_address>0xf980</load_address>
         <run_address>0xf980</run_address>
         <size>0x380</size>
         <input_file_ref idref="fl-a0"/>
      </object_component>
      <object_component id="oc-36f">
         <name>.text:__pconv_e</name>
         <load_address>0xfd00</load_address>
         <run_address>0xfd00</run_address>
         <size>0x360</size>
         <input_file_ref idref="fl-9d"/>
      </object_component>
      <object_component id="oc-35d">
         <name>.text:__pproc_fwp</name>
         <load_address>0x10060</load_address>
         <run_address>0x10060</run_address>
         <size>0x360</size>
         <input_file_ref idref="fl-9d"/>
      </object_component>
      <object_component id="oc-153">
         <name>.text</name>
         <load_address>0x103c0</load_address>
         <run_address>0x103c0</run_address>
         <size>0x360</size>
         <input_file_ref idref="fl-4d"/>
      </object_component>
      <object_component id="oc-33d">
         <name>.text:__divf</name>
         <load_address>0x10720</load_address>
         <run_address>0x10720</run_address>
         <size>0x340</size>
         <input_file_ref idref="fl-89"/>
      </object_component>
      <object_component id="oc-333">
         <name>.text:_MCASP_reset</name>
         <load_address>0x10a60</load_address>
         <run_address>0x10a60</run_address>
         <size>0x300</size>
         <input_file_ref idref="fl-60"/>
      </object_component>
      <object_component id="oc-366">
         <name>.text:__pproc_diouxp</name>
         <load_address>0x10d60</load_address>
         <run_address>0x10d60</run_address>
         <size>0x300</size>
         <input_file_ref idref="fl-9d"/>
      </object_component>
      <object_component id="oc-34f">
         <name>.text:_cosf</name>
         <load_address>0x11060</load_address>
         <run_address>0x11060</run_address>
         <size>0x300</size>
         <input_file_ref idref="fl-94"/>
      </object_component>
      <object_component id="oc-32c">
         <name>.text</name>
         <load_address>0x11360</load_address>
         <run_address>0x11360</run_address>
         <size>0x300</size>
         <input_file_ref idref="fl-45"/>
      </object_component>
      <object_component id="oc-149">
         <name>.text</name>
         <load_address>0x11660</load_address>
         <run_address>0x11660</run_address>
         <size>0x2e0</size>
         <input_file_ref idref="fl-4b"/>
      </object_component>
      <object_component id="oc-36d">
         <name>.text:__pconv_g</name>
         <load_address>0x11940</load_address>
         <run_address>0x11940</run_address>
         <size>0x2c0</size>
         <input_file_ref idref="fl-9d"/>
      </object_component>
      <object_component id="oc-35f">
         <name>.text:__pproc_str</name>
         <load_address>0x11c00</load_address>
         <run_address>0x11c00</run_address>
         <size>0x2c0</size>
         <input_file_ref idref="fl-9d"/>
      </object_component>
      <object_component id="oc-30f">
         <name>.text:_EDMA_map</name>
         <load_address>0x11ec0</load_address>
         <run_address>0x11ec0</run_address>
         <size>0x2a0</size>
         <input_file_ref idref="fl-4e"/>
      </object_component>
      <object_component id="oc-35b">
         <name>.text:_fputc</name>
         <load_address>0x12160</load_address>
         <run_address>0x12160</run_address>
         <size>0x2a0</size>
         <input_file_ref idref="fl-a6"/>
      </object_component>
      <object_component id="oc-369">
         <name>.text:_setvbuf</name>
         <load_address>0x12400</load_address>
         <run_address>0x12400</run_address>
         <size>0x2a0</size>
         <input_file_ref idref="fl-b2"/>
      </object_component>
      <object_component id="oc-350">
         <name>.text:_sinf</name>
         <load_address>0x126a0</load_address>
         <run_address>0x126a0</run_address>
         <size>0x2a0</size>
         <input_file_ref idref="fl-b6"/>
      </object_component>
      <object_component id="oc-310">
         <name>.text:_EDMA_open</name>
         <load_address>0x12940</load_address>
         <run_address>0x12940</run_address>
         <size>0x260</size>
         <input_file_ref idref="fl-4e"/>
      </object_component>
      <object_component id="oc-37f">
         <name>.text:__divul</name>
         <load_address>0x12ba0</load_address>
         <run_address>0x12ba0</run_address>
         <size>0x260</size>
         <input_file_ref idref="fl-9f"/>
      </object_component>
      <object_component id="oc-317">
         <name>.text:_CACHE_flush</name>
         <load_address>0x12e00</load_address>
         <run_address>0x12e00</run_address>
         <size>0x240</size>
         <input_file_ref idref="fl-48"/>
      </object_component>
      <object_component id="oc-377">
         <name>.text:__mcpy</name>
         <load_address>0x13040</load_address>
         <run_address>0x13040</run_address>
         <size>0x240</size>
         <input_file_ref idref="fl-9d"/>
      </object_component>
      <object_component id="oc-320">
         <name>.text:_memcpy</name>
         <load_address>0x13280</load_address>
         <run_address>0x13280</run_address>
         <size>0x240</size>
         <input_file_ref idref="fl-98"/>
      </object_component>
      <object_component id="oc-328">
         <name>.text:_HOSTrename</name>
         <load_address>0x134c0</load_address>
         <run_address>0x134c0</run_address>
         <size>0x220</size>
         <input_file_ref idref="fl-ad"/>
      </object_component>
      <object_component id="oc-30c">
         <name>.text:_EDMA_allocTable</name>
         <load_address>0x136e0</load_address>
         <run_address>0x136e0</run_address>
         <size>0x200</size>
         <input_file_ref idref="fl-4e"/>
      </object_component>
      <object_component id="oc-32a">
         <name>.text</name>
         <load_address>0x138e0</load_address>
         <run_address>0x138e0</run_address>
         <size>0x200</size>
         <input_file_ref idref="fl-b"/>
      </object_component>
      <object_component id="oc-388">
         <name>.text:_getdevice</name>
         <load_address>0x13ae0</load_address>
         <run_address>0x13ae0</run_address>
[...]
         <object_component_ref idref="oc-345"/>
      </symbol>
      <symbol id="sm-c78">
         <name>_RTDX_Mask_IER</name>
         <value>0x37680</value>
         <object_component_ref idref="oc-1d2"/>
      </symbol>
      <symbol id="sm-c90">
         <name>_RTDX_Mon_Queue</name>
         <value>0x37240</value>
         <object_component_ref idref="oc-348"/>
      </symbol>
      <symbol id="sm-c91">
         <name>_rtdx_mon_state</name>
         <value>0x80038430</value>
         <object_component_ref idref="oc-1d6"/>
      </symbol>
      <symbol id="sm-c92">
         <name>_RTDX_JTAGONLY</name>
         <value>0x2</value>
      </symbol>
      <symbol id="sm-c93">
         <name>_RTDX_Final_RT_Monitor</name>
         <value>0x375e0</value>
         <object_component_ref idref="oc-338"/>
      </symbol>
      <symbol id="sm-c94">
         <name>_RTDX_Poll</name>
         <value>0x36800</value>
         <object_component_ref idref="oc-300"/>
      </symbol>
      <symbol id="sm-c95">
         <name>_RTDX_Init_RT_Monitor</name>
         <value>0x37460</value>
         <object_component_ref idref="oc-31c"/>
      </symbol>
      <symbol id="sm-c9f">
         <name>_SEM_pendEnterKnl</name>
         <value>0x2fc00</value>
         <object_component_ref idref="oc-1db"/>
      </symbol>
      <symbol id="sm-ca9">
         <name>_SEM_postEnterKnl</name>
         <value>0x31cc0</value>
         <object_component_ref idref="oc-1df"/>
      </symbol>
      <symbol id="sm-cb3">
         <name>_SIO_ATTRS</name>
         <value>0x3573c</value>
         <object_component_ref idref="oc-1e4"/>
      </symbol>
      <symbol id="sm-cbf">
         <name>_SIO_create</name>
         <value>0x2e7c0</value>
         <object_component_ref idref="oc-1e7"/>
      </symbol>
      <symbol id="sm-cc9">
         <name>_DEV_mkframe</name>
         <value>0x31800</value>
         <object_component_ref idref="oc-1ec"/>
      </symbol>
      <symbol id="sm-cd7">
         <name>_QUE_ATTRS</name>
         <value>0x357e0</value>
         <object_component_ref idref="oc-1f1"/>
      </symbol>
      <symbol id="sm-cd8">
         <name>_QUE_create</name>
         <value>0x32a80</value>
         <object_component_ref idref="oc-1f2"/>
      </symbol>
      <symbol id="sm-ce2">
         <name>_SIO_delete</name>
         <value>0x2f3a0</value>
         <object_component_ref idref="oc-1f6"/>
      </symbol>
      <symbol id="sm-cec">
         <name>_DEV_rmframe</name>
         <value>0x32660</value>
         <object_component_ref idref="oc-1fa"/>
      </symbol>
      <symbol id="sm-cf6">
         <name>_SIO_issue</name>
         <value>0x31900</value>
         <object_component_ref idref="oc-1fe"/>
      </symbol>
      <symbol id="sm-d00">
         <name>_SIO_reclaim</name>
         <value>0x31a00</value>
         <object_component_ref idref="oc-202"/>
      </symbol>
      <symbol id="sm-d08">
         <name>_STS_set</name>
         <value>0x32e80</value>
         <object_component_ref idref="oc-205"/>
      </symbol>
      <symbol id="sm-d12">
         <name>_SYS_abort</name>
         <value>0x32ba0</value>
         <object_component_ref idref="oc-20a"/>
      </symbol>
      <symbol id="sm-d1c">
         <name>_SYS_error</name>
         <value>0x32960</value>
         <object_component_ref idref="oc-20e"/>
      </symbol>
      <symbol id="sm-d26">
         <name>_SYS_one</name>
         <value>0x32eac</value>
         <object_component_ref idref="oc-212"/>
      </symbol>
      <symbol id="sm-d27">
         <name>_SYS_zero</name>
         <value>0x32ea0</value>
         <object_component_ref idref="oc-212"/>
      </symbol>
      <symbol id="sm-d35">
         <name>_TSK_nTasks</name>
         <value>0x38f38</value>
         <object_component_ref idref="oc-215"/>
      </symbol>
      <symbol id="sm-d36">
         <name>_TSK_config</name>
         <value>0x35518</value>
         <object_component_ref idref="oc-218"/>
      </symbol>
      <symbol id="sm-d37">
         <name>_TSK</name>
         <value>0x38f40</value>
         <object_component_ref idref="oc-215"/>
      </symbol>
      <symbol id="sm-d38">
         <name>_TSK_timerSem</name>
         <value>0x35538</value>
         <object_component_ref idref="oc-218"/>
      </symbol>
      <symbol id="sm-d39">
         <name>_TSK_pid</name>
         <value>0x38f3c</value>
         <object_component_ref idref="oc-215"/>
      </symbol>
      <symbol id="sm-d3a">
         <name>_TSK_ATTRS</name>
         <value>0x354fc</value>
         <object_component_ref idref="oc-218"/>
      </symbol>
      <symbol id="sm-d44">
         <name>_TSK_exit</name>
         <value>0x31000</value>
         <object_component_ref idref="oc-21c"/>
      </symbol>
      <symbol id="sm-d4e">
         <name>_SYS_exit</name>
         <value>0x32260</value>
         <object_component_ref idref="oc-220"/>
      </symbol>
      <symbol id="sm-d5a">
         <name>_SYS_exitStack</name>
         <value>0x35700</value>
         <object_component_ref idref="oc-226"/>
      </symbol>
      <symbol id="sm-d5b">
         <name>_SYS_exitStackPtr</name>
         <value>0x38f4c</value>
         <object_component_ref idref="oc-223"/>
      </symbol>
      <symbol id="sm-d5c">
         <name>_SYS_exitStackTop</name>
         <value>0x38f50</value>
         <object_component_ref idref="oc-223"/>
      </symbol>
      <symbol id="sm-d66">
         <name>_TSK_init</name>
         <value>0x385a0</value>
         <object_component_ref idref="oc-229"/>
      </symbol>
      <symbol id="sm-d70">
         <name>_TSK_setup</name>
         <value>0x30a80</value>
         <object_component_ref idref="oc-22d"/>
      </symbol>
      <symbol id="sm-d82">
         <name>__MEM_mutex</name>
         <value>0x35628</value>
         <object_component_ref idref="oc-233"/>
      </symbol>
      <symbol id="sm-d83">
         <name>_TSK_startup</name>
         <value>0x313e0</value>
         <object_component_ref idref="oc-234"/>
      </symbol>
      <symbol id="sm-d84">
         <name>__TSK_mutex</name>
         <value>0x35600</value>
         <object_component_ref idref="oc-233"/>
      </symbol>
      <symbol id="sm-d8e">
         <name>_LCK_pend</name>
         <value>0x32110</value>
         <object_component_ref idref="oc-239"/>
      </symbol>
      <symbol id="sm-d8f">
         <name>_LCK_post</name>
         <value>0x320e0</value>
         <object_component_ref idref="oc-239"/>
      </symbol>
      <symbol id="sm-d9d">
         <name>__GBL_setL2CacheMode</name>
         <value>0x2dc74</value>
         <object_component_ref idref="oc-23f"/>
      </symbol>
      <symbol id="sm-da7">
         <name>__SEM_dopost</name>
         <value>0x30860</value>
         <object_component_ref idref="oc-243"/>
      </symbol>
      <symbol id="sm-db1">
         <name>__auto_init</name>
         <value>0x311a0</value>
         <object_component_ref idref="oc-247"/>
      </symbol>
      <symbol id="sm-dbb">
         <name>__divd</name>
         <value>0xc740</value>
         <object_component_ref idref="oc-34e"/>
      </symbol>
      <symbol id="sm-dc5">
         <name>__divf</name>
         <value>0x10720</value>
         <object_component_ref idref="oc-33d"/>
      </symbol>
      <symbol id="sm-dcd">
         <name>__c6xabi_divu</name>
         <value>0x16c80</value>
         <object_component_ref idref="oc-307"/>
      </symbol>
      <symbol id="sm-dce">
         <name>__divu</name>
         <value>0x16c80</value>
         <object_component_ref idref="oc-307"/>
      </symbol>
      <symbol id="sm-dd8">
         <name>__frcmpyd_div</name>
         <value>0x14d20</value>
         <object_component_ref idref="oc-356"/>
      </symbol>
      <symbol id="sm-de4">
         <name>__llshl</name>
         <value>0x17840</value>
         <object_component_ref idref="oc-385"/>
      </symbol>
      <symbol id="sm-de5">
         <name>__llshru</name>
         <value>0x17bc0</value>
         <object_component_ref idref="oc-355"/>
      </symbol>
      <symbol id="sm-def">
         <name>__mpyll</name>
         <value>0x17160</value>
         <object_component_ref idref="oc-360"/>
      </symbol>
      <symbol id="sm-e01">
         <name>__unlock</name>
         <value>0x357c8</value>
         <object_component_ref idref="oc-25e"/>
      </symbol>
      <symbol id="sm-e02">
         <name>__lock</name>
         <value>0x357c4</value>
         <object_component_ref idref="oc-25e"/>
      </symbol>
      <symbol id="sm-e03">
         <name>__register_lock</name>
         <value>0x181c0</value>
         <object_component_ref idref="oc-31e"/>
      </symbol>
      <symbol id="sm-e04">
         <name>__nop</name>
         <value>0x18160</value>
         <object_component_ref idref="oc-321"/>
      </symbol>
      <symbol id="sm-e05">
         <name>__register_unlock</name>
         <value>0x181e0</value>
         <object_component_ref idref="oc-31f"/>
      </symbol>
      <symbol id="sm-e0d">
         <name>__remi</name>
         <value>0x15ee0</value>
         <object_component_ref idref="oc-34d"/>
      </symbol>
      <symbol id="sm-e0e">
         <name>__c6xabi_remi</name>
         <value>0x15ee0</value>
         <object_component_ref idref="oc-34d"/>
      </symbol>
      <symbol id="sm-e18">
         <name>__c6xabi_strasgi</name>
         <value>0x14e60</value>
         <object_component_ref idref="oc-31d"/>
      </symbol>
      <symbol id="sm-e19">
         <name>__strasg</name>
         <value>0x16a00</value>
         <object_component_ref idref="oc-2f6"/>
      </symbol>
      <symbol id="sm-e1a">
         <name>__strasgi</name>
         <value>0x14e60</value>
         <object_component_ref idref="oc-31d"/>
      </symbol>
      <symbol id="sm-e28">
         <name>_atexit</name>
         <value>0x16ae0</value>
         <object_component_ref idref="oc-337"/>
      </symbol>
      <symbol id="sm-e29">
         <name>___atexit_func_id__</name>
         <value>0x34ea0</value>
         <object_component_ref idref="oc-269"/>
      </symbol>
      <symbol id="sm-e39">
         <name>_dtors</name>
         <value>0x357f0</value>
         <object_component_ref idref="oc-26e"/>
      </symbol>
      <symbol id="sm-e3a">
         <name>_call_dtors</name>
         <value>0x14940</value>
         <object_component_ref idref="oc-351"/>
      </symbol>
      <symbol id="sm-e3b">
         <name>___add_dtor</name>
         <value>0x17f60</value>
         <object_component_ref idref="oc-34a"/>
      </symbol>
      <symbol id="sm-e47">
         <name>___TI_enable_exit_profile_output</name>
         <value>0x357b8</value>
         <object_component_ref idref="oc-273"/>
      </symbol>
      <symbol id="sm-e48">
         <name>__cleanup_ptr</name>
         <value>0x357b0</value>
         <object_component_ref idref="oc-273"/>
      </symbol>
      <symbol id="sm-e49">
         <name>__dtors_ptr</name>
         <value>0x357b4</value>
         <object_component_ref idref="oc-273"/>
      </symbol>
      <symbol id="sm-e57">
         <name>_cosf</name>
         <value>0x11060</value>
         <object_component_ref idref="oc-34f"/>
      </symbol>
      <symbol id="sm-e61">
         <name>__roundf</name>
         <value>0x172a0</value>
         <object_component_ref idref="oc-358"/>
      </symbol>
      <symbol id="sm-e6b">
         <name>__truncf</name>
         <value>0x17fe0</value>
         <object_component_ref idref="oc-357"/>
      </symbol>
      <symbol id="sm-e75">
         <name>_memalign</name>
         <value>0x2ee14</value>
         <object_component_ref idref="oc-282"/>
      </symbol>
      <symbol id="sm-e76">
         <name>_malloc</name>
         <value>0x2ec4c</value>
         <object_component_ref idref="oc-282"/>
      </symbol>
      <symbol id="sm-e77">
         <name>_realloc</name>
         <value>0x2ecd0</value>
         <object_component_ref idref="oc-282"/>
      </symbol>
      <symbol id="sm-e78">
         <name>_free</name>
         <value>0x2ec20</value>
         <object_component_ref idref="oc-282"/>
      </symbol>
      <symbol id="sm-e79">
         <name>_calloc</name>
         <value>0x2ef68</value>
         <object_component_ref idref="oc-282"/>
      </symbol>
      <symbol id="sm-e83">
         <name>_memcpy</name>
         <value>0x13280</value>
         <object_component_ref idref="oc-320"/>
      </symbol>
      <symbol id="sm-e8d">
         <name>_memset</name>
         <value>0x158c0</value>
         <object_component_ref idref="oc-31a"/>
      </symbol>
      <symbol id="sm-e97">
         <name>_modff</name>
         <value>0x17940</value>
         <object_component_ref idref="oc-359"/>
      </symbol>
      <symbol id="sm-ea5">
         <name>_printf</name>
         <value>0x160e0</value>
         <object_component_ref idref="oc-34b"/>
      </symbol>
      <symbol id="sm-eaf">
         <name>__tmpnams</name>
         <value>0x34b98</value>
         <object_component_ref idref="oc-293"/>
      </symbol>
      <symbol id="sm-eb0">
         <name>__ft_end</name>
         <value>0x34cd8</value>
         <object_component_ref idref="oc-293"/>
      </symbol>
      <symbol id="sm-eb1">
         <name>__ftable</name>
         <value>0x349b8</value>
         <object_component_ref idref="oc-293"/>
      </symbol>
      <symbol id="sm-ee1">
         <name>__printfi</name>
         <value>0xdac0</value>
         <object_component_ref idref="oc-354"/>
      </symbol>
      <symbol id="sm-eeb">
         <name>___isinf</name>
         <value>0x17b60</value>
         <object_component_ref idref="oc-36c"/>
      </symbol>
      <symbol id="sm-ef9">
         <name>__divul</name>
         <value>0x12ba0</value>
         <object_component_ref idref="oc-37f"/>
      </symbol>
      <symbol id="sm-efa">
         <name>__remli</name>
         <value>0x17200</value>
         <object_component_ref idref="oc-383"/>
      </symbol>
      <symbol id="sm-efb">
         <name>__divli</name>
         <value>0x15ce0</value>
         <object_component_ref idref="oc-384"/>
      </symbol>
      <symbol id="sm-f07">
         <name>__subcull</name>
         <value>0x17c20</value>
         <object_component_ref idref="oc-386"/>
      </symbol>
      <symbol id="sm-f08">
         <name>__divull</name>
         <value>0xf980</value>
         <object_component_ref idref="oc-380"/>
      </symbol>
      <symbol id="sm-f12">
         <name>__fixdli</name>
         <value>0x170c0</value>
         <object_component_ref idref="oc-37c"/>
      </symbol>
      <symbol id="sm-f1c">
         <name>__fltlid</name>
         <value>0x177c0</value>
         <object_component_ref idref="oc-37e"/>
      </symbol>
      <symbol id="sm-f26">
         <name>__negll</name>
         <value>0x18140</value>
         <object_component_ref idref="oc-371"/>
      </symbol>
      <symbol id="sm-f30">
         <name>_atoi</name>
         <value>0x14fa0</value>
         <object_component_ref idref="oc-364"/>
      </symbol>
      <symbol id="sm-f38">
         <name>__ctypes_</name>
         <value>0x387f8</value>
         <object_component_ref idref="oc-36a"/>
      </symbol>
      <symbol id="sm-f42">
         <name>_putc</name>
         <value>0x12160</value>
         <object_component_ref idref="oc-35b"/>
      </symbol>
      <symbol id="sm-f43">
         <name>_fputc</name>
         <value>0x12160</value>
         <object_component_ref idref="oc-35b"/>
      </symbol>
      <symbol id="sm-f4d">
         <name>__doflush</name>
         <value>0x16760</value>
         <object_component_ref idref="oc-362"/>
      </symbol>
      <symbol id="sm-f57">
         <name>__wrt_ok</name>
         <value>0x15560</value>
         <object_component_ref idref="oc-361"/>
      </symbol>
      <symbol id="sm-f63">
         <name>_fputs</name>
         <value>0xe020</value>
         <object_component_ref idref="oc-35a"/>
      </symbol>
      <symbol id="sm-f6d">
         <name>_fseek</name>
         <value>0x13cc0</value>
         <object_component_ref idref="oc-368"/>
      </symbol>
      <symbol id="sm-f8c">
         <name>_unlink</name>
         <value>0x17480</value>
         <object_component_ref idref="oc-387"/>
      </symbol>
      <symbol id="sm-f8d">
         <name>_lseek</name>
         <value>0x15fe0</value>
         <object_component_ref idref="oc-373"/>
      </symbol>
      <symbol id="sm-f8e">
         <name>_close</name>
         <value>0x15680</value>
         <object_component_ref idref="oc-381"/>
      </symbol>
      <symbol id="sm-f8f">
         <name>_write</name>
         <value>0x162e0</value>
         <object_component_ref idref="oc-363"/>
      </symbol>
      <symbol id="sm-fa7">
         <name>_HOSTopen</name>
         <value>0x15320</value>
         <object_component_ref idref="oc-322"/>
      </symbol>
      <symbol id="sm-fa8">
         <name>_HOSTread</name>
         <value>0x14be0</value>
         <object_component_ref idref="oc-324"/>
      </symbol>
      <symbol id="sm-fa9">
         <name>_HOSTrename</name>
         <value>0x134c0</value>
         <object_component_ref idref="oc-328"/>
      </symbol>
      <symbol id="sm-faa">
         <name>_HOSTwrite</name>
         <value>0x15440</value>
         <object_component_ref idref="oc-325"/>
      </symbol>
      <symbol id="sm-fab">
         <name>_HOSTlseek</name>
         <value>0x14680</value>
         <object_component_ref idref="oc-326"/>
      </symbol>
      <symbol id="sm-fac">
         <name>_HOSTunlink</name>
         <value>0x15ae0</value>
         <object_component_ref idref="oc-327"/>
      </symbol>
      <symbol id="sm-fad">
         <name>_HOSTclose</name>
         <value>0x159e0</value>
         <object_component_ref idref="oc-323"/>
      </symbol>
      <symbol id="sm-fb7">
         <name>_ltoa</name>
         <value>0x157a0</value>
         <object_component_ref idref="oc-37d"/>
      </symbol>
      <symbol id="sm-fc1">
         <name>_memccpy</name>
         <value>0x178c0</value>
         <object_component_ref idref="oc-367"/>
      </symbol>
      <symbol id="sm-fcf">
         <name>_rand</name>
         <value>0x16e00</value>
         <object_component_ref idref="oc-34c"/>
      </symbol>
      <symbol id="sm-fdd">
         <name>C$$IO$$</name>
         <value>0x17598</value>
         <object_component_ref idref="oc-339"/>
      </symbol>
      <symbol id="sm-fde">
         <name>__CIOBUF_</name>
         <value>0x39568</value>
         <object_component_ref idref="oc-2d8"/>
      </symbol>
      <symbol id="sm-fdf">
         <name>_readmsg</name>
         <value>0x17340</value>
         <object_component_ref idref="oc-33a"/>
      </symbol>
      <symbol id="sm-fe0">
         <name>_writemsg</name>
         <value>0x17520</value>
         <object_component_ref idref="oc-339"/>
      </symbol>
      <symbol id="sm-fea">
         <name>_setvbuf</name>
         <value>0x12400</value>
         <object_component_ref idref="oc-369"/>
      </symbol>
      <symbol id="sm-ff8">
         <name>__cleanup</name>
         <value>0x16680</value>
         <object_component_ref idref="oc-374"/>
      </symbol>
      <symbol id="sm-1002">
         <name>__closefile</name>
         <value>0x147e0</value>
         <object_component_ref idref="oc-37b"/>
      </symbol>
      <symbol id="sm-100c">
         <name>_remove</name>
         <value>0x18200</value>
         <object_component_ref idref="oc-382"/>
      </symbol>
      <symbol id="sm-101a">
         <name>_sinf</name>
         <value>0x126a0</value>
         <object_component_ref idref="oc-350"/>
      </symbol>
      <symbol id="sm-1024">
         <name>_sqrtf</name>
         <value>0x161e0</value>
         <object_component_ref idref="oc-33c"/>
      </symbol>
      <symbol id="sm-102e">
         <name>_errno</name>
         <value>0x357e8</value>
         <object_component_ref idref="oc-2f3"/>
      </symbol>
   </symbol_table>
</link_info>
