******************************************************************************
               TMS320C6x Linker PC v7.4.4                      
******************************************************************************
>> Linked Mon Jun 11 16:51:37 2018

OUTPUT FILE NAME:   <../bin/MP3Encoder.out>
ENTRY POINT SYMBOL: "_c_int00"  address: 0003e520


MEMORY CONFIGURATION

         name            origin    length      used     unused   attr    fill
----------------------  --------  ---------  --------  --------  ----  --------
  BOOT_SEC              00000000   00000400  00000120  000002e0  RWIX
  IRAM                  00000400   0003fc00  0003f949  000002b7  RWIX
  SDRAM                 80000000   01000000  000486a0  00fb7960  RWIX


SECTION ALLOCATION MAP

 output                                  attributes/
section   page    origin      length       input sections
--------  ----  ----------  ----------   ----------------
.boot_load 
*          0    00000000    00000120     
                  00000000    00000120     boot_c671x.obj (.boot_load)

.prd       0    00000400    00000000     UNINITIALIZED

.data      0    00000400    00000000     UNINITIALIZED

.IRAM$heap 
*          0    00000400    0001a000     UNINITIALIZED
                  00000400    0001a000     --HOLE--

$BRID      0    00000400    000006b0     COPY SECTION
                  00000400    00000064     DEC6713BSL.lib : DEC6713.obj ($BRID)
                  00000464    0000012c     c6x1x_edma_mcasp.l67 : c6x1x_edma_mcas ($BRID)
                  00000590    00000120     csl6713.lib : csl_cache.obj ($BRID)
                  000006b0    000000e8                 : csl_edma.obj ($BRID)
                  00000798    00000010                 : csl_edmadsptr.obj ($BRID)
                  000007a8    0000000c                 : csl_emif.obj ($BRID)
                  000007b4    00000064                 : csl_gpio.obj ($BRID)
                  00000818    00000074                 : csl_i2c.obj ($BRID)
                  0000088c    00000078                 : csl_irq.obj ($BRID)
                  00000904    00000118                 : csl_mcasp.obj ($BRID)
                  00000a1c    00000094                 : csl_pll.obj ($BRID)

.text      0    0001a400    00018400     
                  0001a400    00006ac0     matrix.obj (.text)
                  00020ec0    00002840     c6x1x_edma_mcasp.l67 : c6x1x_edma_mcas (.text)
                  00023700    00001da0     iva.obj (.text)
                  000254a0    00000c20     fft.obj (.text)
                  000260c0    00000920     MP3Encoder.obj (.text)
                  000269e0    00000720     rts6700.lib : divd.obj (.text:__divd)
                  00027100    000006c0                 : _printfi.obj (.text:__getarg_diouxp)
                  000277c0    000005a0                 : _printfi.obj (.text:__setfield)
                  00027d60    00000560                 : _printfi.obj (.text:__printfi)
                  000282c0    000004c0                 : fputs.obj (.text:_fputs)
                  00028780    00000480     dec6713_edma_aic23_l67.l67 : dec6713_edma_aic23.obj (.text)
                  00028c00    00000420     rts6700.lib : _printfi.obj (.text:_fcvt)
                  00029020    00000400     DEC6713BSL.lib : DEC6713.obj (.text)
                  00029420    00000400     rts6700.lib : _printfi.obj (.text:__pproc_fge)
                  00029820    00000400                 : _printfi.obj (.text:_ecvt)
                  00029c20    00000380                 : imath64.obj (.text:__divull)
                  00029fa0    00000360                 : _printfi.obj (.text:__pconv_e)
                  0002a300    00000360                 : _printfi.obj (.text:__pproc_fwp)
                  0002a660    00000360     drivers.a67 : dio_tsk.o67 (.text)
                  0002a9c0    00000340     rts6700.lib : divf.obj (.text:__divf)
                  0002ad00    00000300     csl6713.lib : csl_mcasp.obj (.text:_MCASP_reset)
                  0002b000    00000300     rts6700.lib : _printfi.obj (.text:__pproc_diouxp)
                  0002b300    00000300                 : cosf.obj (.text:_cosf)
                  0002b600    00000300     dec6713_edma_aic23_l67.l67 : aic23.obj (.text)
                  0002b900    000002e0     drivers.a67 : dio_tskDynamic.o67 (.text)
                  0002bbe0    000002c0     rts6700.lib : _printfi.obj (.text:__pconv_g)
                  0002bea0    000002c0                 : _printfi.obj (.text:__pproc_str)
                  0002c160    000002a0     csl6713.lib : csl_edma.obj (.text:_EDMA_map)
                  0002c400    000002a0     rts6700.lib : fputc.obj (.text:_fputc)
                  0002c6a0    000002a0                 : setvbuf.obj (.text:_setvbuf)
                  0002c940    000002a0                 : sinf.obj (.text:_sinf)
                  0002cbe0    00000260     csl6713.lib : csl_edma.obj (.text:_EDMA_open)
                  0002ce40    00000260     rts6700.lib : imath40.obj (.text:__divul)
                  0002d0a0    00000240     csl6713.lib : csl_cache.obj (.text:_CACHE_flush)
                  0002d2e0    00000240     rts6700.lib : _printfi.obj (.text:__mcpy)
                  0002d520    00000240                 : memcpy62.obj (.text:_memcpy)
                  0002d760    00000220                 : trgdrv.obj (.text:_HOSTrename)
                  0002d980    00000200     csl6713.lib : csl_edma.obj (.text:_EDMA_allocTable)
                  0002db80    00000200     my_sys.obj (.text)
                  0002dd80    000001e0     rts6700.lib : lowlev.obj (.text:_getdevice)
                  0002df60    000001c0                 : fseek.obj (.text:_fseek)
                  0002e120    000001a0     csl6713.lib : csl_i2c.obj (.text:_I2C_reset)
                  0002e2c0    000001a0                 : csl_irq.obj (.text:_IRQ_map)
                  0002e460    000001a0     rts6700.lib : _printfi.obj (.text:__ltostr)
                  0002e600    000001a0                 : _printfi.obj (.text:__pproc_fflags)
                  0002e7a0    000001a0     led.obj (.text)
                  0002e940    00000180     csl6713.lib : csl_cache.obj (.text:_CACHE_clean)
                  0002eac0    00000160     rts6700.lib : trgdrv.obj (.text:_HOSTlseek)
                  0002ec20    00000160                 : fclose.obj (.text:__closefile)
                  0002ed80    00000160                 : sinit.obj (.text:_call_dtors)
                  0002eee0    00000140     csl6713.lib : csl_edma.obj (.text:_EDMA_allocTableEx)
                  0002f020    00000140     rts6700.lib : trgdrv.obj (.text:_HOSTread)
                  0002f160    00000140                 : frcmpyd_div.obj (.text:__frcmpyd_div)
                  0002f2a0    00000140                 : strasg.obj (.text:__strasgi)
                  0002f3e0    00000140                 : atoi.obj (.text:_atoi)
                  0002f520    00000120     csl6713.lib : csl_edma.obj (.text:_EDMA_intAlloc)
                  0002f640    00000120                 : csl_edma.obj (.text:_EDMA_reset)
                  0002f760    00000120     rts6700.lib : trgdrv.obj (.text:_HOSTopen)
                  0002f880    00000120                 : trgdrv.obj (.text:_HOSTwrite)
                  0002f9a0    00000120                 : _io_perm.obj (.text:__wrt_ok)
                  0002fac0    00000120                 : lowlev.obj (.text:_close)
                  0002fbe0    00000120                 : ltoa.obj (.text:_ltoa)
                  0002fd00    00000120                 : memset.obj (.text:_memset)
                  0002fe20    00000100                 : trgdrv.obj (.text:_HOSTclose)
                  0002ff20    00000100                 : trgdrv.obj (.text:_HOSTunlink)
                  00030020    00000100                 : _printfi.obj (.text:__div)
                  00030120    00000100                 : imath40.obj (.text:__divli)
                  00030220    00000100                 : _printfi.obj (.text:__pconv_f)
                  00030320    00000100                 : remi.obj (.text:__remi)
                  00030420    00000100                 : lowlev.obj (.text:_lseek)
                  00030520    00000100                 : printf.obj (.text:_printf)
                  00030620    00000100                 : sqrtf.obj (.text:_sqrtf)
                  00030720    00000100                 : lowlev.obj (.text:_write)
                  00030820    000000e0     csl6713.lib : csl_edmadsptr.obj (.text:_EDMA_intDispatcher)
                  00030900    000000e0                 : csl_i2c.obj (.text:_I2C_open)
                  000309e0    000000e0                 : csl_mcasp.obj (.text:_MCASP_open)
                  00030ac0    000000e0     rts6700.lib : fopen.obj (.text:__cleanup)
                  00030ba0    000000e0                 : fflush.obj (.text:__doflush)
                  00030c80    000000e0                 : _printfi.obj (.text:__ecpy)
                  00030d60    000000e0                 : _printfi.obj (.text:__fcpy)
                  00030e40    000000e0                 : strasg.obj (.text:__strasg)
                  00030f20    000000e0                 : atexit.obj (.text:_atexit)
                  00031000    000000c0     csl6713.lib : csl_edma.obj (.text:_EDMA_close)
                  000310c0    000000c0                 : csl_gpio.obj (.text:_GPIO_open)
                  00031180    000000c0                 : csl_gpio.obj (.text:_GPIO_reset)
                  00031240    000000c0     rts6700.lib : divu.obj (.text:__divu)
                  00031300    000000c0                 : lowlev.obj (.text:_finddevice)
                  000313c0    000000c0                 : rand.obj (.text:_rand)
                  00031480    000000c0     bios.a67 : tsk_stup.o67 (.text)
                  00031540    000000a0     csl6713.lib : csl_edma.obj (.text:_EDMA_freeTableEx)
                  000315e0    000000a0                 : csl_mcasp.obj (.text:_MCASP_close)
                  00031680    000000a0     rts6700.lib : fixdli.obj (.text:__fixdli)
                  00031720    000000a0                 : mpyll.obj (.text:__mpyll)
                  000317c0    000000a0                 : imath40.obj (.text:__remli)
                  00031860    000000a0                 : roundf.obj (.text:__roundf)
                  00031900    000000a0                 : trgmsg.obj (.text:_readmsg)
                  000319a0    000000a0     csl6713.lib : csl_irq.obj (.text:_setMux)
                  00031a40    000000a0     rts6700.lib : lowlev.obj (.text:_unlink)
                  00031ae0    000000a0                 : trgmsg.obj (.text:_writemsg)
                  00031b80    00000080     csl6713.lib : csl_edma.obj (.text:_EDMA_freeTable)
                  00031c00    00000080                 : csl_emif.obj (.text:_EMIF_config)
                  00031c80    00000080                 : csl_i2c.obj (.text:_I2C_config)
                  00031d00    00000080                 : csl_i2c.obj (.text:_I2C_getConfig)
                  00031d80    00000080     rts6700.lib : fltlid.obj (.text:__fltlid)
                  00031e00    00000080                 : llshift.obj (.text:__llshl)
                  00031e80    00000080                 : memccpy.obj (.text:_memccpy)
                  00031f00    00000080                 : modff.obj (.text:_modff)
                  00031f80    00000080     c6x1x_edma_mcasp.l67 : c6x1x_edma_mcas (.text:init)
                  00032000    00000060     csl6713.lib : csl_edma.obj (.text:_EDMA_disableChannel)
                  00032060    00000060                 : csl_edma.obj (.text:_EDMA_enableChannel)
                  000320c0    00000060                 : csl_edmadsptr.obj (.text:_EDMA_intHook)
                  00032120    00000060     rts6700.lib : isinf.obj (.text:___isinf)
                  00032180    00000060                 : llshift.obj (.text:__llshru)
                  000321e0    00000060                 : imath64.obj (.text:__subcull)
                  00032240    00000060     drivers.a67 : dio.o67 (.text)
                  000322a0    00000040     csl6713.lib : csl_edma.obj (.text:_EDMA_intFree)
                  000322e0    00000040                 : csl_mcasp.obj (.text:_MCASP_enableClk)
                  00032320    00000040                 : csl_mcasp.obj (.text:_MCASP_enableFsync)
                  00032360    00000040                 : csl_mcasp.obj (.text:_MCASP_enableHclk)
                  000323a0    00000040                 : csl_mcasp.obj (.text:_MCASP_enableSers)
                  000323e0    00000040                 : csl_mcasp.obj (.text:_MCASP_enableSm)
                  00032420    00000040                 : csl_pll.obj (.text:_PLL_bypass)
                  00032460    00000040                 : csl_pll.obj (.text:_PLL_deassert)
                  000324a0    00000040                 : csl_pll.obj (.text:_PLL_enable)
                  000324e0    00000040                 : csl_pll.obj (.text:_PLL_reset)
                  00032520    00000040     rts6700.lib : sinit.obj (.text:___add_dtor)
                  00032560    00000040                 : _printfi.obj (.text:___isnan)
                  000325a0    00000040                 : truncf.obj (.text:__truncf)
                  000325e0    00000020     csl6713.lib : csl_edmadsptr.obj (.text:_EDMA_intDefaultHandler)
                  00032600    00000020                 : csl_i2c.obj (.text:_I2C_bb)
                  00032620    00000020                 : csl_i2c.obj (.text:_I2C_outOfReset)
                  00032640    00000020                 : csl_i2c.obj (.text:_I2C_sendStop)
                  00032660    00000020                 : csl_i2c.obj (.text:_I2C_start)
                  00032680    00000020                 : csl_i2c.obj (.text:_I2C_writeByte)
                  000326a0    00000020                 : csl_i2c.obj (.text:_I2C_xrdy)
                  000326c0    00000020                 : csl_irq.obj (.text:_IRQ_globalDisable)
                  000326e0    00000020                 : csl_irq.obj (.text:_IRQ_globalRestore)
                  00032700    00000020     rts6700.lib : negll.obj (.text:__negll)
                  00032720    00000020                 : _lock.obj (.text:__nop)
                  00032740    00000020                 : printf.obj (.text:__outc)
                  00032760    00000020                 : printf.obj (.text:__outs)
                  00032780    00000020                 : _lock.obj (.text:__register_lock)
                  000327a0    00000020                 : _lock.obj (.text:__register_unlock)
                  000327c0    00000020                 : remove.obj (.text:_remove)
                  000327e0    00000020     csl6713.lib : csl_irq.obj (.text)

.bios      0    00032800    00005cc0     
                  00032800    00000600     lnkrtdx.a67 : rtdx.o67 (.bios)
                  00032e00    000005e0     bios.a67 : gbl_setL2CacheMode.o67 (.bios)
                  000333e0    00000540              : swi.o67 (.bios)
                  00033920    00000460              : hwi_disp_asm.o67 (.bios)
                  00033d80    00000460     sioboth.a67 : sio_crea.o67 (.bios)
                  000341e0    000003e0     bios.a67 : malloc.o67 (.bios)
                  000345c0    000003a0              : prd.o67 (.bios)
                  00034960    000002e0     sioboth.a67 : sio_dele.o67 (.bios)
                  00034c40    000002c0     bios.a67 : knl_run.o67 (.bios)
                  00034f00    000002c0              : rta.o67 (.bios)
                  000351c0    000002c0              : sem_pend.o67 (.bios)
                  00035480    00000280              : mem_allo.o67 (.bios:.near)
                  00035700    00000280              : mem_free.o67 (.bios:.near)
                  00035980    00000260              : knl_tick.o67 (.bios)
                  00035be0    00000240              : pip.o67 (.bios)
                  00035e20    00000220              : sem_dopo.o67 (.bios)
                  00036040    00000200              : tsk_setu.o67 (.bios)
                  00036240    000001c0              : knl_swit.o67 (.bios)
                  00036400    000001c0     biosC6000.a67 : clk.o67 (.bios)
                  000365c0    000001a0     bios.a67 : tsk_exit.o67 (.bios)
                  00036760    00000180              : autoinit.o67 (.bios)
                  000368e0    00000180              : tsk_stup.o67 (.bios)
                  00036a60    00000140              : knl_chec.o67 (.bios)
                  00036ba0    00000120     bios6x1x.a67 : c62_plug.o67 (.bios)
                  00036cc0    00000100     bios.a67 : dev_matc.o67 (.bios)
                  00036dc0    00000100              : dev_mkfr.o67 (.bios)
                  00036ec0    00000100     sioboth.a67 : sio_issu.o67 (.bios)
                  00036fc0    00000100                 : sio_recl.o67 (.bios)
                  000370c0    000000e0     bios.a67 : gbl_cslcacheinit.o67 (.bios)
                  000371a0    000000e0              : knl_exit.o67 (.bios)
                  00037280    000000e0              : sem_post.o67 (.bios)
                  00037360    000000e0              : sem_post_asm.o67 (.bios)
                  00037440    000000e0     biosC6000.a67 : clk_meas.o67 (.bios)
                  00037520    000000c0     bios.a67 : knl_ipos.o67 (.bios)
                  000375e0    000000c0              : knl_post.o67 (.bios)
                  000376a0    000000c0              : lck.o67 (.bios)
                  00037760    000000c0              : obj_crea.o67 (.bios)
                  00037820    000000c0              : sys_exit.o67 (.bios)
                  000378e0    000000c0     biosC6000.a67 : clk_htime.o67 (.bios)
                  000379a0    000000a0     bios.a67 : mem_vall.o67 (.bios:.near)
                  00037a40    000000a0              : atm.o67 (.bios)
                  00037ae0    000000a0              : hwi_disp.o67 (.bios)
                  00037b80    000000a0              : sem_crea.o67 (.bios)
                  00037c20    00000080              : dev_rmfr.o67 (.bios)
                  00037ca0    00000080              : fxn.o67 (.bios)
                  00037d20    00000080              : idl_busy.o67 (.bios)
                  00037da0    00000080              : log.o67 (.bios)
                  00037e20    00000080              : sts.o67 (.bios)
                  00037ea0    00000080     biosC6000.a67 : idl_cal.o67 (.bios)
                  00037f20    00000060     bios.a67 : sys_erro.o67 (.bios:.near)
                  00037f80    00000060              : hwi_c.o67 (.bios)
                  00037fe0    00000060              : obj_dele.o67 (.bios)
                  00038040    00000060              : que_crea.o67 (.bios)
                  000380a0    00000060              : que_get.o67 (.bios)
                  00038100    00000060              : sem_pend_counting.o67 (.bios)
                  00038160    00000060              : sys_abor.o67 (.bios)
                  000381c0    00000060              : utl_putc.o67 (.bios)
                  00038220    00000060     biosC6000.a67 : clk_start.o67 (.bios)
                  00038280    00000040     bios.a67 : idl_stub.o67 (.bios)
                  000382c0    00000040              : rta_andn.o67 (.bios)
                  00038300    00000040              : utl_doab.o67 (.bios)
                  00038340    00000040     biosC6000.a67 : clk_stop.o67 (.bios)
                  00038380    00000020     bios.a67 : fxn_c.o67 (.bios)
                  000383a0    00000020              : gbl_vers.o67 (.bios)
                  000383c0    00000020              : idl.o67 (.bios)
                  000383e0    00000020              : iom_stub.o67 (.bios)
                  00038400    00000020              : log_printf.o67 (.bios)
                  00038420    00000020              : sem_dele.o67 (.bios)
                  00038440    00000020              : sts_set.o67 (.bios)
                  00038460    00000020              : sys_one.o67 (.bios)
                  00038480    00000020              : utl_doer.o67 (.bios)
                  000384a0    00000020              : utl_halt.o67 (.bios)

.cinit     0    000384c0    0000170c     
                  000384c0    000007ac     MP3Encodercfg.obj (.cinit)
                  00038c6c    00000004     --HOLE-- [fill = 0]
                  00038c70    0000026c     bios.a67 : biosdata.o67 (.cinit)
                  00038edc    00000004     --HOLE-- [fill = 0]
                  00038ee0    000001a4              : knl.o67 (.cinit)
                  00039084    00000004     --HOLE-- [fill = 0]
                  00039088    0000012c     csl6713.lib : csl_irq.obj (.cinit)
                  000391b4    00000004     --HOLE-- [fill = 0]
                  000391b8    000000b4                 : csl_mcasp.obj (.cinit)
                  0003926c    00000004     --HOLE-- [fill = 0]
                  00039270    000000b0     bios.a67 : swi.o67 (.cinit)
                  00039320    000000ac     MP3Encoder.obj (.cinit)
                  000393cc    00000004     --HOLE-- [fill = 0]
                  000393d0    00000080     bios.a67 : tsk.o67 (.cinit)
                  00039450    00000080     dec6713_edma_aic23_l67.l67 : dec6713_edma_aic23.obj (.cinit)
                  000394d0    00000070     csl6713.lib : csl_edma.obj (.cinit)
                  00039540    00000060     bios.a67 : tsk_stup.o67 (.cinit)
                  000395a0    0000005c     lnkrtdx.a67 : rtdx.o67 (.cinit)
                  000395fc    00000004     --HOLE-- [fill = 0]
                  00039600    0000005c     rts6700.lib : defs.obj (.cinit)
                  0003965c    00000004     --HOLE-- [fill = 0]
                  00039660    0000005c                 : lowlev.obj (.cinit)
                  000396bc    00000004     --HOLE-- [fill = 0]
                  000396c0    00000058     dec6713_edma_aic23_l67.l67 : aic23.obj (.cinit)
                  00039718    00000050     DEC6713BSL.lib : DEC6713.obj (.cinit)
                  00039768    0000004c     bios.a67 : rta.o67 (.cinit)
                  000397b4    00000004     --HOLE-- [fill = 0]
                  000397b8    0000004c     rtdx.lib : buffer1.o62 (.cinit)
                  00039804    00000004     --HOLE-- [fill = 0]
                  00039808    00000048     csl6713.lib : csl_edmadsptr.obj (.cinit)
                  00039850    00000044                 : csl_gpio.obj (.cinit)
                  00039894    00000004     --HOLE-- [fill = 0]
                  00039898    00000042     c6x1x_edma_mcasp.l67 : c6x1x_edma_mcas (.cinit)
                  000398da    00000006     --HOLE-- [fill = 0]
                  000398e0    00000034     bios.a67 : hwi.o67 (.cinit)
                  00039914    00000004     --HOLE-- [fill = 0]
                  00039918    00000030     csl6713.lib : csl_i2c.obj (.cinit)
                  00039948    0000002c     bios.a67 : utl_putc.o67 (.cinit)
                  00039974    00000004     --HOLE-- [fill = 0]
                  00039978    0000002c     rts6700.lib : exit.obj (.cinit)
                  000399a4    00000004     --HOLE-- [fill = 0]
                  000399a8    00000024     bios.a67 : obj_init.o67 (.cinit)
                  000399cc    00000004     --HOLE-- [fill = 0]
                  000399d0    00000024     drivers.a67 : dio_tskDynamic.o67 (.cinit)
                  000399f4    00000004     --HOLE-- [fill = 0]
                  000399f8    00000024     sioboth.a67 : sio.o67 (.cinit)
                  00039a1c    00000004     --HOLE-- [fill = 0]
                  00039a20    0000001c     bios.a67 : sys.o67 (.cinit)
                  00039a3c    00000004     --HOLE-- [fill = 0]
                  00039a40    0000001c     matrix.obj (.cinit)
                  00039a5c    00000004     --HOLE-- [fill = 0]
                  00039a60    0000001c     rts6700.lib : _lock.obj (.cinit)
                  00039a7c    00000004     --HOLE-- [fill = 0]
                  00039a80    0000001c                 : atexit.obj (.cinit)
                  00039a9c    00000004     --HOLE-- [fill = 0]
                  00039aa0    00000018     bios.a67 : knl_tick.o67 (.cinit)
                  00039ab8    00000018     csl6713.lib : csl_pll.obj (.cinit)
                  00039ad0    00000018     rts6700.lib : cosf.obj (.cinit)
                  00039ae8    00000018                 : sinf.obj (.cinit)
                  00039b00    00000014     bios.a67 : hwi_disp.o67 (.cinit)
                  00039b14    00000004     --HOLE-- [fill = 0]
                  00039b18    00000010              : sem_crea.o67 (.cinit)
                  00039b28    00000010     rts6700.lib : rand.obj (.cinit)
                  00039b38    0000000c     bios.a67 : gbl_setL2CacheMode.o67 (.cinit)
                  00039b44    00000004     --HOLE-- [fill = 0]
                  00039b48    0000000c              : idl_busy.o67 (.cinit)
                  00039b54    00000004     --HOLE-- [fill = 0]
                  00039b58    0000000c              : knl_swit.o67 (.cinit)
                  00039b64    00000004     --HOLE-- [fill = 0]
                  00039b68    0000000c              : que_crea.o67 (.cinit)
                  00039b74    00000004     --HOLE-- [fill = 0]
                  00039b78    0000000c     csl6713.lib : csl_cache.obj (.cinit)
                  00039b84    00000004     --HOLE-- [fill = 0]
                  00039b88    0000000c     fft.obj (.cinit)
                  00039b94    00000004     --HOLE-- [fill = 0]
                  00039b98    0000000c     rts6700.lib : errno.obj (.cinit)
                  00039ba4    00000004     --HOLE-- [fill = 0]
                  00039ba8    0000000c                 : fopen.obj (.cinit)
                  00039bb4    00000004     --HOLE-- [fill = 0]
                  00039bb8    0000000c                 : sinit.obj (.cinit)
                  00039bc4    00000004     --HOLE-- [fill = 0]
                  00039bc8    00000004     (.pad.cinit) [fill = 0]

.args      0    00039bcc    00000004     
                  00039bcc    00000004     --HOLE-- [fill = 0]

.stack     0    00039bd0    00001300     UNINITIALIZED
                  00039bd0    00001300     --HOLE--

.far       0    0003aed0    00001260     UNINITIALIZED
                  0003aed0    00000400     fft.obj (.far)
                  0003b2d0    00000324     rts6700.lib : defs.obj (.far)
                  0003b5f4    000001c2     c6x1x_edma_mcasp.l67 : c6x1x_edma_mcas (.far)
                  0003b7b6    00000002     --HOLE--
                  0003b7b8    00000188     rts6700.lib : atexit.obj (.far)
                  0003b940    0000011c                 : lowlev.obj (.far)
                  0003ba5c    000000f4     csl6713.lib : csl_irq.obj (.far)
                  0003bb50    000000d8     bios.a67 : knl.o67 (.far)
                  0003bc28    00000098     csl6713.lib : csl_mcasp.obj (.far)
                  0003bcc0    0000007c     iva.obj (.far)
                  0003bd3c    00000070     dec6713_edma_aic23_l67.l67 : dec6713_edma_aic23.obj (.far)
                  0003bdac    00000068     MP3Encoder.obj (.far)
                  0003be14    0000005c     bios.a67 : tsk.o67 (.far)
                  0003be70    00000054              : obj_init.o67 (.far)
                  0003bec4    00000054     csl6713.lib : csl_edma.obj (.far)
                  0003bf18    00000050     bios.a67 : tsk_stup.o67 (.far)
                  0003bf68    00000048     dec6713_edma_aic23_l67.l67 : aic23.obj (.far)
                  0003bfb0    00000040     csl6713.lib : csl_edmadsptr.obj (.far)
                  0003bff0    00000028                 : csl_i2c.obj (.far)
                  0003c018    00000024                 : csl_gpio.obj (.far)
                  0003c03c    00000020     bios.a67 : sys.o67 (.far)
                  0003c05c    0000001c     drivers.a67 : dio_tskDynamic.o67 (.far)
                  0003c078    0000001c     sioboth.a67 : sio.o67 (.far)
                  0003c094    00000010     bios.a67 : knl_tick.o67 (.far)
                  0003c0a4    00000010     csl6713.lib : csl_pll.obj (.far)
                  0003c0b4    00000010     rts6700.lib : cosf.obj (.far)
                  0003c0c4    00000010                 : sinf.obj (.far)
                  0003c0d4    0000000c     bios.a67 : hwi_disp.o67 (.far)
                  0003c0e0    0000000c              : utl_putc.o67 (.far)
                  0003c0ec    0000000c     rts6700.lib : exit.obj (.far)
                  0003c0f8    00000008     bios.a67 : sem_crea.o67 (.far)
                  0003c100    00000008     rts6700.lib : _lock.obj (.far)
                  0003c108    00000008                 : rand.obj (.far)
                  0003c110    00000008                 : trgdrv.obj (.far)
                  0003c118    00000004     bios.a67 : dev_init.o67 (.far)
                  0003c11c    00000004              : que_crea.o67 (.far)
                  0003c120    00000004     csl6713.lib : csl_cache.obj (.far)
                  0003c124    00000004     rts6700.lib : errno.obj (.far)
                  0003c128    00000004                 : fopen.obj (.far)
                  0003c12c    00000004                 : sinit.obj (.far)

.tskAudio$stk 
*          0    0003c130    00001000     UNINITIALIZED
                  0003c130    00001000     MP3Encodercfg.obj (.tskAudio$stk)

.gio       0    0003d130    00000010     UNINITIALIZED
                  0003d130    00000010     MP3Encodercfg.obj (.gio)

.rtdx_text 
*          0    0003d140    00000ea0     
                  0003d140    00000400     rtdx.lib : rtdx_mon.o62 (.rtdx_text:_RTDX_Poll)
                  0003d540    00000340              : buffer1.o62 (.rtdx_text:_RTDX_Buffer_WriteCB)
                  0003d880    00000300              : buffer1.o62 (.rtdx_text:_RTDX_write_next)
                  0003db80    00000140              : rtdx_mon.o62 (.rtdx_text:_RTDX_Mon_Queue)
                  0003dcc0    000000e0              : buffer1.o62 (.rtdx_text:_claim)
                  0003dda0    00000080              : rtdx_mon.o62 (.rtdx_text:_RTDX_Init_RT_Monitor)
                  0003de20    00000060              : buffer1.o62 (.rtdx_text:_RTDX_Buffer_Initialize)
                  0003de80    00000060              : buffer2.o62 (.rtdx_text:_RTDX_Buffer_ReadCB)
                  0003dee0    00000040              : buffer1.o62 (.rtdx_text:_RTDX_Buffer_Size)
                  0003df20    00000040              : rtdx_mon.o62 (.rtdx_text:_RTDX_Final_RT_Monitor)
                  0003df60    00000020              : buffer2.o62 (.rtdx_text:_RTDX_Buffer_Read)
                  0003df80    00000020              : buffer1.o62 (.rtdx_text:_RTDX_Buffer_Write)
                  0003dfa0    00000020              : rtdx_mon.o62 (.rtdx_text:_RTDX_checksum)
                  0003dfc0    00000020              : intr_tgt.o62 (.rtdx_text)

.sysinit   0    0003dfe0    000006c0     
                  0003dfe0    00000300     MP3Encodercfg.obj (.sysinit)
                  0003e2e0    00000160     bios.a67 : dev_init.o67 (.sysinit)
                  0003e440    000000e0              : mem_init.o67 (.sysinit)
                  0003e520    000000c0              : boot.o67 (.sysinit)
                  0003e5e0    00000080              : tsk_init.o67 (.sysinit)
                  0003e660    00000020              : obj_init.o67 (.sysinit)
                  0003e680    00000020     drivers.a67 : dio.o67 (.sysinit)

.const     0    0003e6a0    000004e5     
                  0003e6a0    00000196     MP3Encoder.obj (.const:.string)
                  0003e836    00000002     rts6700.lib : fputs.obj (.const:.string)
                  0003e838    00000101                 : ctype.obj (.const:.string:__ctypes_)
                  0003e939    00000003     --HOLE-- [fill = 0]
                  0003e93c    000000c0     dec6713_edma_aic23_l67.l67 : dec6713_edma_aic23.obj (.const)
                  0003e9fc    0000004e     bios.a67 : tsk_stup.o67 (.const)
                  0003ea4a    00000047     matrix.obj (.const:.string)
                  0003ea91    00000023     rts6700.lib : _printfi.obj (.const:.string)
                  0003eab4    00000023     bios.a67 : utl_doab.o67 (.const)
                  0003ead7    00000022              : utl_doer.o67 (.const)
                  0003eaf9    00000021     MP3Encodercfg.obj (.const)
                  0003eb1a    00000020     bios.a67 : dev_init.o67 (.const)
                  0003eb3a    00000002     --HOLE-- [fill = 0]
                  0003eb3c    00000020     csl6713.lib : csl_cache.obj (.const)
                  0003eb5c    00000018     c6x1x_edma_mcasp.l67 : c6x1x_edma_mcas (.const)
                  0003eb74    00000004     bios.a67 : mem_allo.o67 (.const)
                  0003eb78    00000004              : mem_free.o67 (.const)
                  0003eb7c    00000004     sioboth.a67 : sio_crea.o67 (.const)
                  0003eb80    00000001     bios.a67 : sem_crea.o67 (.const)
                  0003eb81    00000003     --HOLE-- [fill = 0]
                  0003eb84    00000001              : tsk.o67 (.const)

.printf    0    0003eb85    00000059     COPY SECTION
                  0003eb85    00000059     MP3Encodercfg.obj (.printf)

.bss       0    0003eb88    00000424     UNINITIALIZED
                  0003eb88    00000100     bios.a67 : hwi_disp_asm.o67 (.bss)
                  0003ec88    000000cc              : biosdata.o67 (.bss)
                  0003ed54    0000009c              : swi.o67 (.bss)
                  0003edf0    00000048     MP3Encodercfg.obj (.bss)
                  0003ee38    00000048     bios.a67 : knl.o67 (.bss)
                  0003ee80    00000040     DEC6713BSL.lib : DEC6713.obj (.bss)
                  0003eec0    00000030     matrix.obj (.bss)
                  0003eef0    0000002c     MP3Encoder.obj (.bss)
                  0003ef1c    0000001c     fft.obj (.bss)
                  0003ef38    00000018     bios.a67 : hwi.o67 (.bss)
                  0003ef50    00000018     lnkrtdx.a67 : rtdx.o67 (.bss)
                  0003ef68    00000010     rtdx.lib : buffer1.o62 (.bss)
                  0003ef78    0000000c     bios.a67 : tsk.o67 (.bss)
                  0003ef84    00000008              : clk_data.o67 (.bss)
                  0003ef8c    00000008              : sys.o67 (.bss)
                  0003ef94    00000004              : clk_data2.o67 (.bss)
                  0003ef98    00000004              : dev_init.o67 (.bss)
                  0003ef9c    00000004              : gbl_setL2CacheMode.o67 (.bss)
                  0003efa0    00000004              : idl_busy.o67 (.bss)
                  0003efa4    00000004              : mem_asm.o67 (.bss)
                  0003efa8    00000004     led.obj (.bss)

.mem       0    0003efac    00000004     UNINITIALIZED
                  0003efac    00000004     MP3Encodercfg.obj (.mem)

.TSK_idle$stk 
*          0    0003efb0    00000400     UNINITIALIZED
                  0003efb0    00000400     MP3Encodercfg.obj (.TSK_idle$stk)

.devtable 
*          0    0003f3b0    00000048     UNINITIALIZED
                  0003f3b0    00000048     MP3Encodercfg.obj (.devtable)

.clk       0    0003f3f8    00000008     UNINITIALIZED
                  0003f3f8    00000008     MP3Encodercfg.obj (.clk)

.hwi_vec   0    0003f400    00000200     
                  0003f400    00000200     MP3Encodercfg.obj (.hwi_vec)

.trace     0    0003f600    00000200     
                  0003f600    00000200     --HOLE-- [fill = 00000000]

.cio       0    0003f800    00000120     UNINITIALIZED
                  0003f800    00000120     rts6700.lib : trgmsg.obj (.cio)

.tsk       0    0003f920    000000c0     UNINITIALIZED
                  0003f920    000000c0     MP3Encodercfg.obj (.tsk)

.idl       0    0003f9e0    00000010     UNINITIALIZED
                  0003f9e0    00000010     MP3Encodercfg.obj (.idl)

.idlcal    0    0003f9f0    00000010     UNINITIALIZED
                  0003f9f0    00000010     MP3Encodercfg.obj (.idlcal)

.LOG_system$buf 
*          0    0003fa00    00000100     UNINITIALIZED
                  0003fa00    00000100     MP3Encodercfg.obj (.LOG_system$buf)

.trace$buf 
*          0    0003fb00    00000100     UNINITIALIZED
                  0003fb00    00000100     MP3Encodercfg.obj (.trace$buf)

.gblinit   0    0003fc00    00000058     
                  0003fc00    00000058     MP3Encodercfg.obj (.gblinit)

.vers      0    0003fc58    00000040     
                  0003fc58    00000040     MP3Encodercfg.obj (.vers)

.log       0    0003fc98    00000030     
                  0003fc98    00000030     MP3Encodercfg.obj (.log)

.swi       0    0003fcc8    0000002c     UNINITIALIZED
                  0003fcc8    0000002c     MP3Encodercfg.obj (.swi)

.switch    0    0003fcf4    00000028     
                  0003fcf4    00000028     rtdx.lib : rtdx_mon.o62 (.switch)

.sys       0    0003fd1c    00000010     UNINITIALIZED
                  0003fd1c    00000010     MP3Encodercfg.obj (.sys)

.pinit     0    0003fd2c    0000000c     
                  0003fd2c    00000004     rtdx.lib : buffer1.o62 (.pinit)
                  0003fd30    00000004              : rtdx_mon.o62 (.pinit)
                  0003fd34    00000004     --HOLE-- [fill = 0]

.trcdata   0    0003fd38    0000000c     
                  0003fd38    0000000c     bios.a67 : trc.o67 (.trcdata)

.dio       0    0003fd44    00000008     UNINITIALIZED
                  0003fd44    00000008     MP3Encodercfg.obj (.dio)

.SDRAM$heap 
*          0    80000000    00048000     UNINITIALIZED
                  80000000    00048000     --HOLE--

.rtdx_data 
*          0    80048000    0000044c     UNINITIALIZED
                  80048000    00000410     MP3Encodercfg.obj (.rtdx_data)
                  80048410    00000020     rtdx.lib : buffer1.o62 (.rtdx_data)
                  80048430    0000001c              : rtdx_mon.o62 (.rtdx_data)

.hst0      0    8004844c    00000100     UNINITIALIZED
                  8004844c    00000100     MP3Encodercfg.obj (.hst0)

.pip       0    8004854c    000000c8     UNINITIALIZED
                  8004854c    000000c8     MP3Encodercfg.obj (.pip)

.sts       0    80048614    00000040     
                  80048614    00000040     MP3Encodercfg.obj (.sts)

.hst       0    80048654    0000003c     UNINITIALIZED
                  80048654    0000003c     MP3Encodercfg.obj (.hst)

.hst1      0    80048690    00000010     UNINITIALIZED
                  80048690    00000010     MP3Encodercfg.obj (.hst1)


GLOBAL SYMBOLS: SORTED ALPHABETICALLY BY Name 

address    name
--------   ----
0003eb88   $bss
0003eb88   .bss
00000400   .data
0001a400   .text
0003e19c   BIOS$$CLKOFF
0003e15c   BIOS$$CLKON
0003dfe0   BIOS_init
0003e21c   BIOS_start
ffffffff   BOOT_SEC
00000000   BUF$
00000001   BUF_ENABLED
00031b58   C$$IO$$
00000001   CLK$
0003f3f8   CLK_A_TABBEG
00000001   CLK_CALDIV
00000004   CLK_CALMULT
000124f8   CLK_COUNTSPMS
00000001   CLK_COUNTSPMSHIGH
0003ecb0   CLK_D_idletime
0003ecac   CLK_D_isrhook
0003eca8   CLK_D_tabbeg
0003eca4   CLK_D_timefxn
000378e0   CLK_F_getfhtime
00037900   CLK_F_gethtime
00036400   CLK_F_getltime
00037900   CLK_F_getshtime
00036414   CLK_F_isr
00036574   CLK_F_itime
00033920   CLK_HOOKFXN
00000001   CLK_HTIMEDIV
00000004   CLK_HTIMEMULT
000124f8   CLK_HTIMEPERLTIME
00004000   CLK_INTBIT
00000001   CLK_LTIMEDIV
000493e0   CLK_LTIMEMULT
000003e8   CLK_MICROSECS
000124f8   CLK_PRD
00000001   CLK_PRDHIGH
01940000   CLK_REGS
0003eca0   CLK_R_time
00000020   CLK_TCR
00000000   CLK_TDDR
00000000   CLK_TDDRHIGH
00037900   CLK_TIMEFXN
00000000   CLK_TIMERNUM
00000001   CLK_USETIMER
0003f3fc   CLK_null
00000000   DEV$
00000000   DGN$
00000000   DHL$
00000000   DHL_gChannelsAvailable
00000001   DIO$
00000000   DIO_NUMSWIBASE
00000000   DIO_NUMTSKBASE
00000000   DIO_STATIC
0003f3bc   DIO_dio_codec$device
0003f3b0   DIO_dio_codec$obj
00000000   DPI$
01800008   EMIF_CE0
ffffbf33   EMIF_CE0_V
01800004   EMIF_CE1
02208802   EMIF_CE1_V
01800010   EMIF_CE2
22a28a22   EMIF_CE2_V
01800014   EMIF_CE3
22a28a22   EMIF_CE3_V
01800000   EMIF_GCTL
00000078   EMIF_GCTL_V
01800018   EMIF_SDRAMCTL
47115000   EMIF_SDRAMCTL_V
01800020   EMIF_SDRAMEXT
000a8529   EMIF_SDRAMEXT_V
0180001c   EMIF_SDRAMTIM
00000578   EMIF_SDRAMTIM_V
00037ca0   FXN_F_nop
00037ca8   FXN_F_run
00037cf8   FXN_F_zero
00000001   GBL$
00005205   GBL_A_VERSION
00000000   GBL_BIGENDIAN
00000000   GBL_C641XL2PRIORITY
00000000   GBL_CACHE
00000001   GBL_CALLCSLCFGINIT
00004e20   GBL_CLKIN
00001770   GBL_CLKTYPE
00001a39   GBL_DSPSUBTYPE
0000003e   GBL_DSPTYPE
00000001   GBL_ENABLEINST
00000042   GBL_FOOTPRINT
000493e0   GBL_FREQ
00002226   GBL_L2ALLOC
00000000   GBL_L2CONFIGALLOC
00000001   GBL_L2CONFIGURE
00000001   GBL_L2MARMASK
00000000   GBL_L2MARMASK1
00000000   GBL_L2MARMASK2
00000000   GBL_L2MARMASK3
00000000   GBL_L2MARMASK4
00000000   GBL_L2MARMASK5
00000000   GBL_L2MODE
00000000   GBL_L2PRIORITY
00000000   GBL_NULL
00000000   GBL_PROCID
00000000   GBL_ROM
00000000   GBL_SUPPORTCSL
0000dbef   GBL_TRCMASKVALUE
00000001   GBL_USERINIT
00029074   GBL_USERINITFXN
00000001   GBL_boot
0003fd40   GBL_initdone
00039bd0   GBL_stackbeg
0003aecf   GBL_stackend
00000001   GIO$
0003d130   GIO$config
00037b80   GIO_CREATEFXN
00038420   GIO_DELETEFXN
00038100   GIO_PENDFXN
00037360   GIO_POSTFXN
00000000   HOOK$
00000000   HOOK_KNLID
00000001   HST$
80048654   HST_A_TABBEG
80048690   HST_A_TABEND
00000000   HST_DSM
0003ee10   HST_DSMBUFSEG
00000400   HST_DSMMEMSIZE
0003ed1c   HST_D_chanmask
0003ed20   HST_D_tabbeg
0003ed24   HST_D_tabend
000000ff   HST_MAXFRAMEALLOWED
00000040   HST_MAXFRAMESET
00000000   HST_NONE
00000001   HST_RTDX
00000001   HWI$
0003f400   HWI_A_VECS
00004008   HWI_CFGDISPATCHED
0003ef48   HWI_D_bss
0003ef4c   HWI_D_ccmask
0003ef38   HWI_D_spsave
00033920   HWI_F_dispatch
00000000   HWI_GENERATE_RESET_VEC
0000000a   HWI_INT10
00000000   HWI_INT10$hwi
0000000b   HWI_INT11
00000000   HWI_INT11$hwi
0000000c   HWI_INT12
00000000   HWI_INT12$hwi
0000000d   HWI_INT13
00000000   HWI_INT13$hwi
0000000e   HWI_INT14
00000000   HWI_INT14$hwi
0000000f   HWI_INT15
00000000   HWI_INT15$hwi
00000004   HWI_INT4
00000000   HWI_INT4$hwi
00000005   HWI_INT5
00000000   HWI_INT5$hwi
00000006   HWI_INT6
00000000   HWI_INT6$hwi
00000007   HWI_INT7
00000000   HWI_INT7$hwi
00000008   HWI_INT8
00000000   HWI_INT8$hwi
00000009   HWI_INT9
00000000   HWI_INT9$hwi
082039a3   HWI_INTRMULTHIGH
310718a4   HWI_INTRMULTLOW
00000001   HWI_NMI
00000000   HWI_NMI$hwi
00000000   HWI_POLARITYMASK
00000002   HWI_RESERVED0
00000000   HWI_RESERVED0$hwi
00000003   HWI_RESERVED1
00000000   HWI_RESERVED1$hwi
00000000   HWI_RESET
00000000   HWI_RESET$hwi
00000000   HWI_ZEROTAB
00000001   IDL$
0003f9f0   IDL_A_CALBEG
0003f9e0   IDL_A_TABBEG
00000006   IDL_CALIBRERROR
00038280   IDL_CALIBRFXN
0003efa0   IDL_D_busyObj
0003ec90   IDL_D_calbeg
0003ec8c   IDL_D_calibrate
0003ec88   IDL_D_tabbeg
0003f9ec   IDL_END
0003f9fc   IDL_END$
00037d20   IDL_F_busy
00037ea0   IDL_F_calibrate
000383c0   IDL_F_loop
00038280   IDL_F_stub
00000001   IDL_USECLKIDLTIME
80048648   IDL_busyObj
0003ebd9   IDL_busyObj$avgfmt
00000001   IDL_busyObj$filter
00000001   IDL_busyObj$iA
00000000   IDL_busyObj$iB
00000001   IDL_busyObj$iC
0003ebd3   IDL_busyObj$maxfmt
00000000   IDL_busyObj$operation
80048644   IDL_busyObj$stsobj
0003ebd6   IDL_busyObj$sumfmt
00000002   IDL_busyObj$unittype
0003f9e8   IDL_cpuLoad
0003f9f8   IDL_cpuLoad$
0003ee0c   IRAM
00000400   IRAM$B
0001a000   IRAM$L
00000001   ISRC$
000363c0   KNL_glue
0003fcc8   KNL_swi
00000001   KNL_swi$dorta
00000000   KNL_swi$ord
00000000   KNL_swi$pri
80048618   KNL_swi$sts
0003eb95   KNL_swi$sts$avgfmt
00000002   KNL_swi$sts$filter
00000001   KNL_swi$sts$filtmaxmult
00000001   KNL_swi$sts$filtsummult
0003eb85   KNL_swi$sts$maxfmt
80048614   KNL_swi$sts$stsobj
0003eb8d   KNL_swi$sts$sumfmt
00000000   KNL_swi$sts$unittype
00000000   KNL_swi$swi
00000001   LCK$
00032800   LNK_F_checkBufferCall
00032880   LNK_F_dataPump
00032820   LNK_F_getChanPtr
00032878   LNK_F_init
00032dc4   LNK_F_readCallBack
0003f9e0   LNK_dataPump
0003f9f0   LNK_dataPump$
0003ef54   LNK_dspFrameReadyMask
0003ef50   LNK_dspFrameRequestMask
00032b20   LNK_newin
00032c60   LNK_newout
00032894   LNK_rcloop
00032960   LNK_rdrtry
0003ef5c   LNK_readDone
0003ef60   LNK_readFail
0003ef58   LNK_readPend
00032970   LNK_rrloop
0003ef64   LNK_writeFail
00032a44   LNK_wrloop
00032a34   LNK_wrrtry
00000001   LOG$
0003fc98   LOG_A_TABBEG
0003fcc8   LOG_A_TABEND
00000002   LOG_A_TABLEN
0003ec94   LOG_D_system
00000001   LOG_ENABLED
00037da0   LOG_F_event
0003fc98   LOG_system
0003fa00   LOG_system$buf
00000000   LOG_system$datatype
00000000   LOG_system$log
00000040   LOG_system$size
00000000   MBX$
00000001   MEM$
0003ee0c   MEM_MALLOCSEG
00000000   MEM_NULL
0003ee0c   MEM_SEGZERO
00000000   MEM_USEMPC
00000002   MEM_gNumHeap
00000000   MSGQ$
00000000   MSGQ_USEMSGQ
00000000   OBJ$
00000000   PIP$
8004854c   PIP_A_TABBEG
80048614   PIP_A_TABEND
00000002   PIP_A_TABLEN
0003ec98   PIP_D_tabbeg
0003ec9c   PIP_D_tablen
00035c74   PIP_F_give
00035c74   PIP_F_probe
00035d48   PIP_F_start
00035be0   PIP_F_take
00000064   PIP_OBJSIZE
00000000   PIP_gNextId
00000002   PIP_gNumEmbed
00000000   POOL$
00000000   POOL_USEPOOL
00000001   PRD$
00000400   PRD_A_TABBEG
00000400   PRD_A_TABEND
00000000   PRD_A_TABLEN
0003ecd8   PRD_D_cur
0003ecdc   PRD_D_elapsed
0003ece0   PRD_D_prevtim
0003ece4   PRD_D_scalar
0003ece8   PRD_D_swihandle
0003ecec   PRD_D_tabbeg
0003ecf0   PRD_D_tablen
0003ecf4   PRD_D_thook
0003ecd4   PRD_D_tick
000345c0   PRD_F_swi
00034880   PRD_F_tick
00004000   PRD_SCALAR
00000000   PRD_SWIHANDLE
00035bc0   PRD_THOOKFXN
0003f3f8   PRD_clock
00000001   QUE$
0003ecf8   RTA_D_fromHost
0003ed00   RTA_D_logval
0003ed10   RTA_D_stsval
0003ecfc   RTA_D_toHost
000382c0   RTA_F_andn
00034ff8   RTA_F_dispatch
00034f00   RTA_F_getlog
00034f44   RTA_F_getsts
000382e0   RTA_F_or
00034f8c   RTA_F_readblk
00034fb8   RTA_F_resetmem
00034fac   RTA_F_writeword
0003f9e4   RTA_dispatcher
0003f9f4   RTA_dispatcher$
00035048   RTA_execute
80048658   RTA_fromHost
80048690   RTA_fromHost$buf
00000004   RTA_fromHost$framesize
00000000   RTA_fromHost$hst
00000001   RTA_fromHost$id
00000000   RTA_fromHost$mode
8004854c   RTA_fromHost$pipe
8004857c   RTA_fromHost$pipe$aaa
800485ac   RTA_fromHost$pipe$bbb
0003ee14   RTA_fromHost$pipe$dtab
80048550   RTA_fromHost$pipe$rd
80048580   RTA_fromHost$pipe$wr
80048660   RTA_fromHost$rtdx
80048674   RTA_toHost
8004844c   RTA_toHost$buf
00000040   RTA_toHost$framesize
00000000   RTA_toHost$hst
00000000   RTA_toHost$id
00000001   RTA_toHost$mode
800485b0   RTA_toHost$pipe
800485e0   RTA_toHost$pipe$aaa
80048610   RTA_toHost$pipe$bbb
0003ee20   RTA_toHost$pipe$dtab
800485b4   RTA_toHost$pipe$rd
800485e4   RTA_toHost$pipe$wr
8004867c   RTA_toHost$rtdx
00000001   RTDX$
00000408   RTDX_BUFMEMSIZE
0003ee10   RTDX_DATAMEMSEG
00000000   RTDX_MODE
00000001   RTDX_NORMALIZED_HDR
00000001   RTDX_USERTDX
00000000   RTDX_USERTEXECUTION
0003ee10   SDRAM
80000000   SDRAM$B
00048000   SDRAM$L
00000000   SEM$
00000000   SIO$
00000001   STS$
80048614   STS_A_TABBEG
80048654   STS_A_TABEND
00037e58   STS_F_add
00037e20   STS_F_delta
00037e84   STS_F_reset
00000001   SWI$
0003fcc8   SWI_A_TABBEG
0003fcf4   SWI_A_TABEND
00000001   SWI_A_TABLEN
0003ed6c   SWI_D_curfxn
0003ed5c   SWI_D_curmask
0003ed68   SWI_D_curmbox
0003ed60   SWI_D_curset
0003ed58   SWI_D_execaddr
0003ed74   SWI_D_inswi
0003ed64   SWI_D_lock
0003ed70   SWI_D_rdybeg
0003ed78   SWI_D_rdytab
0003ed54   SWI_D_runaddr
00000000   SWI_EHOOKFXN
000335fc   SWI_EXECFXN
000333e0   SWI_F_enable
000335fc   SWI_F_exec
00033628   SWI_F_iexec
00033450   SWI_F_post
000336b8   SWI_F_run
00000000   SWI_IHOOKFXN
000336b8   SWI_RUNFXN
00000001   SYS$
0003fd1c   SYS$config
00038300   SYS_ABORTFXN
00038480   SYS_ERRORFXN
000384a0   SYS_EXITFXN
000381c0   SYS_PUTCFXN
0003fd3c   TRC_R_mask
0003fd38   TRC_cinit
00000001   TSK$
00000000   TSK_NUM_HOOKS
00000001   TSK_PRIORITY
00000000   TSK_READYFXN
0003ee0c   TSK_STACKSEG
00000400   TSK_STACKSIZE
00000000   TSK_SWITCHFXN
00038380   TSK_VCREATEFXN
00038380   TSK_VDELETEFXN
00038380   TSK_VEXITFXN
0003f92c   TSK_idle
00000000   TSK_idle$ord
00000000   TSK_idle$pri
0003efb0   TSK_idle$stack
0003f348   TSK_idle$stkptr
80048628   TSK_idle$sts
0003ebaf   TSK_idle$sts$avgfmt
00000002   TSK_idle$sts$filter
00000001   TSK_idle$sts$filtmaxmult
00000001   TSK_idle$sts$filtsummult
0003eb9f   TSK_idle$sts$maxfmt
80048624   TSK_idle$sts$stsobj
0003eba7   TSK_idle$sts$sumfmt
00000000   TSK_idle$sts$unittype
00000000   TSK_idle$tsk
00000001   UDEV$
0003f3e0   UDEV_udevCodec$device
0003f3d4   UDEV_udevCodec$obj
0002b600   _AIC23_setParams
00037a40   _ATM_andi
00037a40   _ATM_andu
00037a60   _ATM_cleari
00037a60   _ATM_clearu
00037a78   _ATM_deci
00037a78   _ATM_decu
00037a94   _ATM_inci
00037a94   _ATM_incu
00037ab0   _ATM_ori
00037ab0   _ATM_oru
00037acc   _ATM_seti
00037acc   _ATM_setu
0003dfe0   _BIOS_init
0003e21c   _BIOS_start
ffffffff   _BOOT_SEC
00036bac   _C62_dispatchPlug
00036ba0   _C62_plug
0003b794   _C6X1X_EDMA_MCASP_FXNS
00031f80   _C6X1X_EDMA_MCASP_init
0002e940   _CACHE_clean
0002d0a0   _CACHE_flush
000124f8   _CLK_COUNTSPMS
0003ef84   _CLK_DFLTMICROSECS
0003ecd0   _CLK_D_countspms
0003ecc4   _CLK_D_dirty
0003ef88   _CLK_D_microseconds
0003ecc8   _CLK_D_prd
0003eccc   _CLK_D_tddr
00036574   _CLK_F_itime
000124f8   _CLK_PRD
01940000   _CLK_REGS
00000000   _CLK_TDDR
00000000   _CLK_TIMERNUM
00000001   _CLK_USETIMER
0003ecb4   _CLK_htimeDiv
0003ecb8   _CLK_htimeMult
0003ef94   _CLK_htimePerLtime
00036574   _CLK_itime
0003ecbc   _CLK_ltimeDiv
0003ecc0   _CLK_ltimeMult
00037440   _CLK_measure
00038220   _CLK_start
00038340   _CLK_stop
0003bdac   _DEC6713_CODEC_DEVPARAMS
0003bd3c   _DEC6713_EDMA_AIC23_DEVPARAMS
0003bd94   _DEC6713_EDMA_AIC23_FXNS
00028b70   _DEC6713_EDMA_AIC23_init
0003eef0   _DEC6713_I2C_hI2C
000292cc   _DEC6713_cpld_rget
00029310   _DEC6713_cpld_rset
00029074   _DEC6713_init
00029360   _DEC6713_wait
000293dc   _DEC6713_waitusec
0003c118   _DEV_D_devinit
0003ee2c   _DEV_devinit
0003e2e0   _DEV_init
00036cc0   _DEV_match
00036dc0   _DEV_mkframe
00037c20   _DEV_rmframe
00032240   _DIO_ctrl
0003e680   _DIO_init
0002a900   _DIO_tskCallback
0003c05c   _DIO_tskDynamicFxns
0002a7a8   _DIO_tskIdle
0002a6cc   _DIO_tskIssue
0002a69c   _DIO_tskReady
0002a660   _DIO_tskReclaim
0002d980   _EDMA_allocTable
0002eee0   _EDMA_allocTableEx
00031000   _EDMA_close
00032000   _EDMA_disableChannel
00032060   _EDMA_enableChannel
00031b80   _EDMA_freeTable
00031540   _EDMA_freeTableEx
0002f520   _EDMA_intAlloc
000325e0   _EDMA_intDefaultHandler
00030820   _EDMA_intDispatcher
000322a0   _EDMA_intFree
000320c0   _EDMA_intHook
0002c160   _EDMA_map
0002cbe0   _EDMA_open
0002f640   _EDMA_reset
00031c00   _EMIF_config
00038380   _FXN_F_nop
00037ca8   _FXN_F_run
00037cf8   _FXN_F_zero
00000000   _GBL_CACHE
0003ed2c   _GBL_clkIn
000370c0   _GBL_cslCacheInit
0003ed30   _GBL_freq
000383a0   _GBL_getVersion
0003ed28   _GBL_procId
0003ee08   _GIO
000310c0   _GPIO_open
00031180   _GPIO_reset
0002fe20   _HOSTclose
0002eac0   _HOSTlseek
0002f760   _HOSTopen
0002f020   _HOSTread
0002d760   _HOSTrename
0002ff20   _HOSTunlink
0002f880   _HOSTwrite
80048654   _HST_A_TABBEG
80048690   _HST_A_TABEND
0003c0d4   _HWI_ATTRS
00004008   _HWI_CFGDISPATCHED
0003ef44   _HWI_D_inhwi
0003ef38   _HWI_D_spsave
00033920   _HWI_F_dispatch
0000000a   _HWI_INT10
0000000b   _HWI_INT11
0000000c   _HWI_INT12
0000000d   _HWI_INT13
0000000e   _HWI_INT14
0000000f   _HWI_INT15
00000004   _HWI_INT4
00000005   _HWI_INT5
00000006   _HWI_INT6
00000007   _HWI_INT7
00000008   _HWI_INT8
00000009   _HWI_INT9
00000001   _HWI_NMI
00000002   _HWI_RESERVED0
00000003   _HWI_RESERVED1
00000000   _HWI_RESET
0003aec8   _HWI_STKBOTTOM
00039bd0   _HWI_STKTOP
0003ef38   _HWI_data
00037f80   _HWI_disable
00037ae0   _HWI_dispatchPlug
0003eb88   _HWI_dispatchTab
00037f98   _HWI_enable
00037fac   _HWI_restore
00032600   _I2C_bb
00031c80   _I2C_config
00031d00   _I2C_getConfig
00030900   _I2C_open
00032620   _I2C_outOfReset
0002e120   _I2C_reset
00032640   _I2C_sendStop
00032660   _I2C_start
00032680   _I2C_writeByte
000326a0   _I2C_xrdy
80048648   _IDL_busyObj
0003f9e8   _IDL_cpuLoad
000383c0   _IDL_loop
000383e0   _IOM_mdNotImpl
0003ee0c   _IRAM
00000400   _IRAM_base
0001a000   _IRAM_length
000326c0   _IRQ_globalDisable
000326e0   _IRQ_globalRestore
0002e2c0   _IRQ_map
0003ee40   _KNL_alarm
00036a60   _KNL_check
0003ee64   _KNL_curqueue
0003ee54   _KNL_curtask
0003ee5c   _KNL_curtime
0003bbf0   _KNL_dummy
000371f4   _KNL_enter
000371a0   _KNL_exit
00036b38   _KNL_idle
0003ee7c   _KNL_idlefxn
0003ee48   _KNL_inactive
00037520   _KNL_ipost
00036b5c   _KNL_max
0003ee68   _KNL_maxqueue
000375e0   _KNL_post
0003ee58   _KNL_prevtask
0003ee4c   _KNL_priority
0003bb50   _KNL_queues
00034c40   _KNL_run
00036240   _KNL_saveIsrFrame
0003ee50   _KNL_set
0003ee44   _KNL_setpri
0003fcc8   _KNL_swi
0003ee60   _KNL_swiptr
0003630c   _KNL_switch
0003ee70   _KNL_tcreatefxn
0003ee74   _KNL_tdeletefxn
00035bc0   _KNL_tick
0003ee78   _KNL_treadyfxn
0003ee6c   _KNL_tswitchfxn
0003ee38   _KNL_wFlag
0003ee3c   _KNL_wList
000376d0   _LCK_pend
000376a0   _LCK_post
0003f9e0   _LNK_dataPump
0003ef54   _LNK_dspFrameReadyMask
0003ef50   _LNK_dspFrameRequestMask
0003ef5c   _LNK_readDone
0003ef60   _LNK_readFail
0003ef58   _LNK_readPend
0003ef64   _LNK_writeFail
0003fc98   _LOG_A_TABBEG
0003fcc8   _LOG_A_TABEND
00000002   _LOG_A_TABLEN
0003ec94   _LOG_D_system
00037da0   _LOG_event
00038400   _LOG_printf
0003fc98   _LOG_system
0003eec0   _L_g
0003eec4   _L_inverse_g
000315e0   _MCASP_close
000322e0   _MCASP_enableClk
00032320   _MCASP_enableFsync
00032360   _MCASP_enableHclk
000323a0   _MCASP_enableSers
000323e0   _MCASP_enableSm
000309e0   _MCASP_open
0002ad00   _MCASP_reset
0003efa4   _MEM
0003ed34   _MEM_D_NUMSEGMENTS
0003ed3c   _MEM_D_freelist
0003ed40   _MEM_D_lockaddr
0003ed38   _MEM_D_memtab
0003ed44   _MEM_D_unlockaddr
00035480   _MEM_alloc
00035700   _MEM_free
0003e440   _MEM_init
0003edf0   _MEM_memtab
000379a0   _MEM_valloc
00037760   _OBJ_create
00037fe0   _OBJ_delete
0003e660   _OBJ_init
0003bea8   _OBJ_segtab
0003be70   _OBJ_table
8004854c   _PIP_A_TABBEG
80048614   _PIP_A_TABEND
00032420   _PLL_bypass
00032460   _PLL_deassert
000324a0   _PLL_enable
000324e0   _PLL_reset
0003ecd4   _PRD_D_tick
0003f3f8   _PRD_clock
0003c11c   _QUE_ATTRS
00038040   _QUE_create
000380a0   _QUE_get
000380c8   _QUE_put
0003f9e4   _RTA_dispatcher
80048658   _RTA_fromHost
80048674   _RTA_toHost
80048000   _RTDX_Buffer
8004840c   _RTDX_Buffer_End
0003de20   _RTDX_Buffer_Initialize
0003df60   _RTDX_Buffer_Read
0003de80   _RTDX_Buffer_ReadCB
0003dee0   _RTDX_Buffer_Size
80048408   _RTDX_Buffer_Start
0003df80   _RTDX_Buffer_Write
0003d540   _RTDX_Buffer_WriteCB
0003df20   _RTDX_Final_RT_Monitor
0003dda0   _RTDX_Init_RT_Monitor
00000002   _RTDX_JTAGONLY
0003dfc0   _RTDX_Mask_IER
0003db80   _RTDX_Mon_Queue
0003d140   _RTDX_Poll
00000000   _RTDX_interrupt_mask
8004841c   _RTDX_writing
0003ee10   _SDRAM
80000000   _SDRAM_base
00048000   _SDRAM_length
0003c0f8   _SEM_ATTRS
00037b80   _SEM_create
00038420   _SEM_delete
00038100   _SEM_pend
000351c0   _SEM_pendEnterKnl
00037360   _SEM_post
00037360   _SEM_postBinary
00037280   _SEM_postEnterKnl
0003c078   _SIO_ATTRS
00033d80   _SIO_create
00034960   _SIO_delete
00036ec0   _SIO_issue
00036fc0   _SIO_reclaim
80048614   _STS_A_TABBEG
80048654   _STS_A_TABEND
00037e58   _STS_add
00037e20   _STS_delta
00037e84   _STS_reset
00038440   _STS_set
0003ed6c   _SWI_D_curfxn
0003ed5c   _SWI_D_curmask
0003ed60   _SWI_D_curset
0003ed58   _SWI_D_execaddr
0003ed74   _SWI_D_inswi
0003ed64   _SWI_D_lock
0003ed70   _SWI_D_rdybeg
0003ed54   _SWI_D_runaddr
0003ed54   _SWI_data
00033450   _SWI_post
0003ed48   _SYS
0003f600   _SYS_PUTCBEG
0003f7ff   _SYS_PUTCEND
00038160   _SYS_abort
00037f20   _SYS_error
00037820   _SYS_exit
0003c03c   _SYS_exitStack
0003ef8c   _SYS_exitStackPtr
0003ef90   _SYS_exitStackTop
0003846c   _SYS_one
00038460   _SYS_zero
0003fd3c   _TRC_R_mask
0003ef80   _TSK
0003be14   _TSK_ATTRS
0003be30   _TSK_config
000365c0   _TSK_exit
0003f92c   _TSK_idle
0003e5e0   _TSK_init
0003ef78   _TSK_nTasks
0003ef7c   _TSK_pid
00036040   _TSK_setup
000369a0   _TSK_startup
0003be50   _TSK_timerSem
00038300   _UTL_doAbort
00038480   _UTL_doError
000381c0   _UTL_doPutc
000384a0   _UTL_halt
0003eec8   _U_g
0003eecc   _U_inverse_g
0003f800   __CIOBUF_
00036590   __CLK_lat1beg
000365bc   __CLK_lat1end
0003ef98   __DEV_D_NUMINITFXNS
0003ee34   __DEV_NUMINITFXNS
00033234   __GBL_setL2CacheMode
0003c024   __GPIO_intTable
0003ed50   __HOOK_NUMHOOKS
0003ed4c   __HOOK_knlId
00033920   __HWI_lat1beg
00033aa0   __HWI_lat1end
00033aa0   __HWI_lat2beg
00033c40   __HWI_lat2end1
00033bcc   __HWI_lat2end2
00033c60   __HWI_lat3beg
00033d60   __HWI_lat3end1
00033bfc   __HWI_lat3end2
00037d20   __IDL_lat1beg
00037d70   __IDL_lat1end
0003bb48   __IRQ_dispatchTable
0003ba84   __IRQ_eventTable
000327e0   __IRQ_hookFetchPacket
0003bb08   __IRQ_intTable
00036ab0   __KNL_lat1beg
00036b38   __KNL_lat1end
00037da0   __LOG_lat1beg
0003bf40   __MEM_mutex
0003c0a4   __PLL_divAddr
000380a0   __QUE_lat1beg
000380c0   __QUE_lat1end
000380c8   __QUE_lat2beg
000380e0   __QUE_lat2end
00034fb8   __RTA_lat1beg
00034ff0   __RTA_lat1end
00035e20   __SEM_dopost
0003aed0   __STACK_END
00001300   __STACK_SIZE
0003358c   __SWI_lat1beg
00033640   __SWI_lat1end
00033644   __SWI_lat2beg
000336b4   __SWI_lat2end
000333e0   __SWI_lat3beg
0003344c   __SWI_lat3end
0003bf18   __TSK_mutex
0003eed4   ___BASE_NUM_COMPLEX__
0003eed0   ___BASE_NUM_REAL__
0003eee4   ___COMPLEX_BASE__
0003eee8   ___MATRICE_INTI__
0003eedc   ___MAX_SIZE_COMPLEX__
0003eed8   ___MAX_SIZE_REAL__
0003eeec   ___MULTI_TEMP_COUNT__
0003eee0   ___REAL_BASE__
0003c0f4   ___TI_enable_exit_profile_output
ffffffff   ___TI_pprof_out_hndl
ffffffff   ___TI_prof_data_size
ffffffff   ___TI_prof_data_start
00032520   ___add_dtor
0003b7b8   ___atexit_func_id__
ffffffff   ___binit__
0003eb88   ___bss__
ffffffff   ___c_args__
000384c0   ___cinit__
00000400   ___data__
00000400   ___edata__
0003efac   ___end__
00032800   ___etext__
00032120   ___isinf
0003fd2c   ___pinit__
0001a400   ___text__
00036760   __auto_init
00031240   __c6xabi_divu
00030320   __c6xabi_remi
0002f2a0   __c6xabi_strasgi
00030ac0   __cleanup
0003c0ec   __cleanup_ptr
0002ec20   __closefile
0003e838   __ctypes_
000269e0   __divd
0002a9c0   __divf
00030120   __divli
00031240   __divu
0002ce40   __divul
00029c20   __divull
00030ba0   __doflush
0003c0f0   __dtors_ptr
00031680   __fixdli
00031d80   __fltlid
0002f160   __frcmpyd_div
0003b5f0   __ft_end
0003b2d0   __ftable
0003c038   __hGpioDev0
00031e00   __llshl
00032180   __llshru
0003c100   __lock
00031720   __mpyll
00032700   __negll
00032720   __nop
00027d60   __printfi
00032780   __register_lock
000327a0   __register_unlock
00030320   __remi
000317c0   __remli
00031860   __roundf
00039bd0   __stack
00030e40   __strasg
0002f2a0   __strasgi
000321e0   __subcull
0003b4b0   __tmpnams
000325a0   __truncf
0003c104   __unlock
0002f9a0   __wrt_ok
00026060   _add_win_real
00030f20   _atexit
0002f3e0   _atoi
00000000   _boot
0001fe94   _c_add
000205b8   _c_conj
00020eb0   _c_create
0001ee58   _c_div
00020ea8   _c_free
0003e520   _c_int00
0001fe40   _c_mul
0001a660   _c_print
00020e00   _c_println
0001e7d4   _c_real_div
0001e4ec   _c_real_mul
0001ee44   _c_set_zero
0001dd20   _c_sub
0002ed80   _call_dtors
00034528   _calloc
0002fac0   _close
0003aed0   _cos_buffer
0002b300   _cosf
0003ef04   _delayTime
0003be0c   _double_buffer
0003c12c   _dtors
0003ef08   _echoAtt
0003ef00   _echoBufOffset
0003eefc   _echoBufSize
0003c124   _errno
0003ef34   _ex
0003ee10   _extHeap
000255f8   _fft
00025bc8   _fft_init
000254a0   _fft_ishift
00025b74   _fft_real
00025b00   _fft_shift
0003ef28   _fft_temp1
0003ef2c   _fft_temp2
0003ef30   _fft_temp3
0002c400   _fputc
000282c0   _fputs
000341e0   _free
0001b360   _free_matc
0001b26c   _free_matf
0002df60   _fseek
00025a80   _hanning_window_get
00025948   _ifft
00025a14   _ifft_real
0003eef4   _inStream
0003ef10   _inbuf
000252e8   _iva_R_matrix
00023ff0   _iva_est_update
00023980   _iva_estimate
000252e0   _iva_exit
0002395c   _iva_frame_cat
00024074   _iva_frame_cat_zeros
0002393c   _iva_frame_shift
00024058   _iva_frame_split
000243c0   _iva_init
0003bcc0   _iva_instance
00023e20   _iva_ksi_update
00023bc0   _iva_norm_matrix
000240a0   _iva_process
000242c4   _iva_step
00023700   _iva_unmix_matrix_update
0002e878   _led_configuration
0002e844   _led_off
0002e80c   _led_on
0002e7a0   _led_toggle
00030420   _lseek
0002fbe0   _ltoa
000269b0   _main
0003420c   _malloc
000209d4   _matc_LU_compose
000208e8   _matc_add
000207a8   _matc_complex_div
000206c0   _matc_complex_mul
000205d8   _matc_conj
00020534   _matc_convert2real
000204d4   _matc_copy
0001ab64   _matc_create
000203f4   _matc_cwise_div
00020300   _matc_cwise_mul
0001fec4   _matc_det
0001fd98   _matc_eye
0001fbe4   _matc_eye_n
0001ef24   _matc_inverse
0001ec64   _matc_metrix
0001ea94   _matc_mul
0001e97c   _matc_ones
0001e848   _matc_real_col_div
0001e6e0   _matc_real_cwise_mul
0001e608   _matc_real_mul
0001e510   _matc_real_row_mul
0001e304   _matc_reallocate
0001ae24   _matc_resize
0001e234   _matc_select_diag
0001e174   _matc_set_all_num
0001e0c0   _matc_set_conj
0001e018   _matc_set_eye
0001dec8   _matc_set_rand
0001de34   _matc_set_zeros
0001dd4c   _matc_sub
0001dc64   _matc_transpose
0001dbb4   _matc_zeros
0001ace0   _matc_zeros_n
0001d6c8   _matf_LU_compose
0001d624   _matf_add
0001d5a4   _matf_convert2com
0001d508   _matf_copy
0001a894   _matf_create
0001d400   _matf_cwise_div
0001d35c   _matf_cwise_mul
0001cf98   _matf_det
0001c508   _matf_eye
0001cda0   _matf_eye_n
0001c6c0   _matf_inverse
0001c3c0   _matf_mul
0001c2bc   _matf_ones
0001c1e8   _matf_real_div
0001c158   _matf_real_mul
0001bf80   _matf_reallocate
0001be54   _matf_resize
0001bdb4   _matf_row_mul
0001bcfc   _matf_set_all_num
0001bb60   _matf_set_eye
0001ba40   _matf_set_hamming
0001b920   _matf_set_hanning
0001b824   _matf_set_rand
0001b7c8   _matf_set_rectwin
0001b734   _matf_set_zeros
0001b694   _matf_sub
0001b5e4   _matf_transpose
0001b524   _matf_zeros
0001aa20   _matf_zeros_n
0001b444   _matrice_sys_exit
0001af60   _matrice_sys_init
000343d4   _memalign
00031e80   _memccpy
0002d520   _memcpy
0002fd00   _memset
00031f00   _modff
0002dd18   _my_sys_init
0003eef8   _outStream
0003ef0c   _out_buffer
0003ef14   _outbuf
0002dc00   _pll_set
0001a708   _print_matc
0001a4b4   _print_matf
00030520   _printf
0002c400   _putc
000313c0   _rand
00031900   _readmsg
0001a418   _real_c_div
00034290   _realloc
000327c0   _remove
0003ef70   _rtdxNullChanCnt
0003ef74   _rtdxNullFuncCnt
80048410   _rtdx_buffer_state
80048430   _rtdx_mon_state
0002c6a0   _setvbuf
0003ef1c   _signal_temp1
0003ef20   _signal_temp2
0003ef24   _signal_temp3
0003b0d0   _sin_buffer
0002c940   _sinf
0003ef18   _slank_time
00030620   _sqrtf
0001a400   _swap
0003bed8   _tccAllocTable
0003be04   _tem_in
0003fcb0   _trace
0003f98c   _tskAudio
0002673c   _tsk_Audio
000260c0   _tsk_Process
00031a40   _unlink
00030720   _write
00031ae0   _writemsg
ffffffff   binit
000384c0   cinit
00000400   edata
0003efac   end
00032800   etext
0003f400   hwi0
0003f420   hwi1
0003f540   hwi10
0003f560   hwi11
0003f580   hwi12
0003f5a0   hwi13
0003f5c0   hwi14
0003f5e0   hwi15
0003f440   hwi2
0003f460   hwi3
0003f480   hwi4
0003f4a0   hwi5
0003f4c0   hwi6
0003f4e0   hwi7
0003f500   hwi8
0003f520   hwi9
0003fd2c   pinit
0003fcb0   trace
0003fb00   trace$buf
00000001   trace$datatype
00000000   trace$log
00000040   trace$size
0003f98c   tskAudio
00000000   tskAudio$ord
00000003   tskAudio$pri
0003c130   tskAudio$stack
0003d0c8   tskAudio$stkptr
80048638   tskAudio$sts
0003ebc9   tskAudio$sts$avgfmt
00000002   tskAudio$sts$filter
00000001   tskAudio$sts$filtmaxmult
00000001   tskAudio$sts$filtsummult
0003ebb9   tskAudio$sts$maxfmt
80048634   tskAudio$sts$stsobj
0003ebc1   tskAudio$sts$sumfmt
00000000   tskAudio$sts$unittype
00000000   tskAudio$tsk


GLOBAL SYMBOLS: SORTED BY Symbol Address 

address    name
--------   ----
00000000   BUF$
00000000   CLK_TDDR
00000000   CLK_TDDRHIGH
00000000   CLK_TIMERNUM
00000000   DEV$
00000000   DGN$
00000000   DHL$
00000000   DHL_gChannelsAvailable
00000000   DIO_NUMSWIBASE
00000000   DIO_NUMTSKBASE
00000000   DIO_STATIC
00000000   DPI$
00000000   GBL_BIGENDIAN
00000000   GBL_C641XL2PRIORITY
00000000   GBL_CACHE
00000000   GBL_L2CONFIGALLOC
00000000   GBL_L2MARMASK1
00000000   GBL_L2MARMASK2
00000000   GBL_L2MARMASK3
00000000   GBL_L2MARMASK4
00000000   GBL_L2MARMASK5
00000000   GBL_L2MODE
00000000   GBL_L2PRIORITY
00000000   GBL_NULL
00000000   GBL_PROCID
00000000   GBL_ROM
00000000   GBL_SUPPORTCSL
00000000   HOOK$
00000000   HOOK_KNLID
00000000   HST_DSM
00000000   HST_NONE
00000000   HWI_GENERATE_RESET_VEC
00000000   HWI_INT10$hwi
00000000   HWI_INT11$hwi
00000000   HWI_INT12$hwi
00000000   HWI_INT13$hwi
00000000   HWI_INT14$hwi
00000000   HWI_INT15$hwi
00000000   HWI_INT4$hwi
00000000   HWI_INT5$hwi
00000000   HWI_INT6$hwi
00000000   HWI_INT7$hwi
00000000   HWI_INT8$hwi
00000000   HWI_INT9$hwi
00000000   HWI_NMI$hwi
00000000   HWI_POLARITYMASK
00000000   HWI_RESERVED0$hwi
00000000   HWI_RESERVED1$hwi
00000000   HWI_RESET
00000000   HWI_RESET$hwi
00000000   HWI_ZEROTAB
00000000   IDL_busyObj$iB
00000000   IDL_busyObj$operation
00000000   KNL_swi$ord
00000000   KNL_swi$pri
00000000   KNL_swi$sts$unittype
00000000   KNL_swi$swi
00000000   LOG_system$datatype
00000000   LOG_system$log
00000000   MBX$
00000000   MEM_NULL
00000000   MEM_USEMPC
00000000   MSGQ$
00000000   MSGQ_USEMSGQ
00000000   OBJ$
00000000   PIP$
00000000   PIP_gNextId
00000000   POOL$
00000000   POOL_USEPOOL
00000000   PRD_A_TABLEN
00000000   PRD_SWIHANDLE
00000000   RTA_fromHost$hst
00000000   RTA_fromHost$mode
00000000   RTA_toHost$hst
00000000   RTA_toHost$id
00000000   RTDX_MODE
00000000   RTDX_USERTEXECUTION
00000000   SEM$
00000000   SIO$
00000000   SWI_EHOOKFXN
00000000   SWI_IHOOKFXN
00000000   TSK_NUM_HOOKS
00000000   TSK_READYFXN
00000000   TSK_SWITCHFXN
00000000   TSK_idle$ord
00000000   TSK_idle$pri
00000000   TSK_idle$sts$unittype
00000000   TSK_idle$tsk
00000000   _CLK_TDDR
00000000   _CLK_TIMERNUM
00000000   _GBL_CACHE
00000000   _HWI_RESET
00000000   _RTDX_interrupt_mask
00000000   _boot
00000000   trace$log
00000000   tskAudio$ord
00000000   tskAudio$sts$unittype
00000000   tskAudio$tsk
00000001   BUF_ENABLED
00000001   CLK$
00000001   CLK_CALDIV
00000001   CLK_COUNTSPMSHIGH
00000001   CLK_HTIMEDIV
00000001   CLK_LTIMEDIV
00000001   CLK_PRDHIGH
00000001   CLK_USETIMER
00000001   DIO$
00000001   GBL$
00000001   GBL_CALLCSLCFGINIT
00000001   GBL_ENABLEINST
00000001   GBL_L2CONFIGURE
00000001   GBL_L2MARMASK
00000001   GBL_USERINIT
00000001   GBL_boot
00000001   GIO$
00000001   HST$
00000001   HST_RTDX
00000001   HWI$
00000001   HWI_NMI
00000001   IDL$
00000001   IDL_USECLKIDLTIME
00000001   IDL_busyObj$filter
00000001   IDL_busyObj$iA
00000001   IDL_busyObj$iC
00000001   ISRC$
00000001   KNL_swi$dorta
00000001   KNL_swi$sts$filtmaxmult
00000001   KNL_swi$sts$filtsummult
00000001   LCK$
00000001   LOG$
00000001   LOG_ENABLED
00000001   MEM$
00000001   PRD$
00000001   QUE$
00000001   RTA_fromHost$id
00000001   RTA_toHost$mode
00000001   RTDX$
00000001   RTDX_NORMALIZED_HDR
00000001   RTDX_USERTDX
00000001   STS$
00000001   SWI$
00000001   SWI_A_TABLEN
00000001   SYS$
00000001   TSK$
00000001   TSK_PRIORITY
00000001   TSK_idle$sts$filtmaxmult
00000001   TSK_idle$sts$filtsummult
00000001   UDEV$
00000001   _CLK_USETIMER
00000001   _HWI_NMI
00000001   trace$datatype
00000001   tskAudio$sts$filtmaxmult
00000001   tskAudio$sts$filtsummult
00000002   HWI_RESERVED0
00000002   IDL_busyObj$unittype
00000002   KNL_swi$sts$filter
00000002   LOG_A_TABLEN
00000002   MEM_gNumHeap
00000002   PIP_A_TABLEN
00000002   PIP_gNumEmbed
00000002   TSK_idle$sts$filter
00000002   _HWI_RESERVED0
00000002   _LOG_A_TABLEN
00000002   _RTDX_JTAGONLY
00000002   tskAudio$sts$filter
00000003   HWI_RESERVED1
00000003   _HWI_RESERVED1
00000003   tskAudio$pri
00000004   CLK_CALMULT
00000004   CLK_HTIMEMULT
00000004   HWI_INT4
00000004   RTA_fromHost$framesize
00000004   _HWI_INT4
00000005   HWI_INT5
00000005   _HWI_INT5
00000006   HWI_INT6
00000006   IDL_CALIBRERROR
00000006   _HWI_INT6
00000007   HWI_INT7
00000007   _HWI_INT7
00000008   HWI_INT8
00000008   _HWI_INT8
00000009   HWI_INT9
00000009   _HWI_INT9
0000000a   HWI_INT10
0000000a   _HWI_INT10
0000000b   HWI_INT11
0000000b   _HWI_INT11
0000000c   HWI_INT12
0000000c   _HWI_INT12
0000000d   HWI_INT13
0000000d   _HWI_INT13
0000000e   HWI_INT14
0000000e   _HWI_INT14
0000000f   HWI_INT15
0000000f   _HWI_INT15
00000020   CLK_TCR
0000003e   GBL_DSPTYPE
00000040   HST_MAXFRAMESET
00000040   LOG_system$size
00000040   RTA_toHost$framesize
00000040   trace$size
00000042   GBL_FOOTPRINT
00000064   PIP_OBJSIZE
00000078   EMIF_GCTL_V
000000ff   HST_MAXFRAMEALLOWED
000003e8   CLK_MICROSECS
00000400   .data
00000400   HST_DSMMEMSIZE
00000400   IRAM$B
00000400   PRD_A_TABBEG
00000400   PRD_A_TABEND
00000400   TSK_STACKSIZE
00000400   _IRAM_base
00000400   ___data__
00000400   ___edata__
00000400   edata
00000408   RTDX_BUFMEMSIZE
00000578   EMIF_SDRAMTIM_V
00001300   __STACK_SIZE
00001770   GBL_CLKTYPE
00001a39   GBL_DSPSUBTYPE
00002226   GBL_L2ALLOC
00004000   CLK_INTBIT
00004000   PRD_SCALAR
00004008   HWI_CFGDISPATCHED
00004008   _HWI_CFGDISPATCHED
00004e20   GBL_CLKIN
00005205   GBL_A_VERSION
0000dbef   GBL_TRCMASKVALUE
000124f8   CLK_COUNTSPMS
000124f8   CLK_HTIMEPERLTIME
000124f8   CLK_PRD
000124f8   _CLK_COUNTSPMS
000124f8   _CLK_PRD
0001a000   IRAM$L
0001a000   _IRAM_length
0001a400   .text
0001a400   ___text__
0001a400   _swap
0001a418   _real_c_div
0001a4b4   _print_matf
0001a660   _c_print
0001a708   _print_matc
0001a894   _matf_create
0001aa20   _matf_zeros_n
0001ab64   _matc_create
0001ace0   _matc_zeros_n
0001ae24   _matc_resize
0001af60   _matrice_sys_init
0001b26c   _free_matf
0001b360   _free_matc
0001b444   _matrice_sys_exit
0001b524   _matf_zeros
0001b5e4   _matf_transpose
0001b694   _matf_sub
0001b734   _matf_set_zeros
0001b7c8   _matf_set_rectwin
0001b824   _matf_set_rand
0001b920   _matf_set_hanning
0001ba40   _matf_set_hamming
0001bb60   _matf_set_eye
0001bcfc   _matf_set_all_num
0001bdb4   _matf_row_mul
0001be54   _matf_resize
0001bf80   _matf_reallocate
0001c158   _matf_real_mul
0001c1e8   _matf_real_div
0001c2bc   _matf_ones
0001c3c0   _matf_mul
0001c508   _matf_eye
0001c6c0   _matf_inverse
0001cda0   _matf_eye_n
0001cf98   _matf_det
0001d35c   _matf_cwise_mul
0001d400   _matf_cwise_div
0001d508   _matf_copy
0001d5a4   _matf_convert2com
0001d624   _matf_add
0001d6c8   _matf_LU_compose
0001dbb4   _matc_zeros
0001dc64   _matc_transpose
0001dd20   _c_sub
0001dd4c   _matc_sub
0001de34   _matc_set_zeros
0001dec8   _matc_set_rand
0001e018   _matc_set_eye
0001e0c0   _matc_set_conj
0001e174   _matc_set_all_num
0001e234   _matc_select_diag
0001e304   _matc_reallocate
0001e4ec   _c_real_mul
0001e510   _matc_real_row_mul
0001e608   _matc_real_mul
0001e6e0   _matc_real_cwise_mul
0001e7d4   _c_real_div
0001e848   _matc_real_col_div
0001e97c   _matc_ones
0001ea94   _matc_mul
0001ec64   _matc_metrix
0001ee44   _c_set_zero
0001ee58   _c_div
0001ef24   _matc_inverse
0001fbe4   _matc_eye_n
0001fd98   _matc_eye
0001fe40   _c_mul
0001fe94   _c_add
0001fec4   _matc_det
00020300   _matc_cwise_mul
000203f4   _matc_cwise_div
000204d4   _matc_copy
00020534   _matc_convert2real
000205b8   _c_conj
000205d8   _matc_conj
000206c0   _matc_complex_mul
000207a8   _matc_complex_div
000208e8   _matc_add
000209d4   _matc_LU_compose
00020e00   _c_println
00020ea8   _c_free
00020eb0   _c_create
00023700   _iva_unmix_matrix_update
0002393c   _iva_frame_shift
0002395c   _iva_frame_cat
00023980   _iva_estimate
00023bc0   _iva_norm_matrix
00023e20   _iva_ksi_update
00023ff0   _iva_est_update
00024058   _iva_frame_split
00024074   _iva_frame_cat_zeros
000240a0   _iva_process
000242c4   _iva_step
000243c0   _iva_init
000252e0   _iva_exit
000252e8   _iva_R_matrix
000254a0   _fft_ishift
000255f8   _fft
00025948   _ifft
00025a14   _ifft_real
00025a80   _hanning_window_get
00025b00   _fft_shift
00025b74   _fft_real
00025bc8   _fft_init
00026060   _add_win_real
000260c0   _tsk_Process
0002673c   _tsk_Audio
000269b0   _main
000269e0   __divd
00027d60   __printfi
000282c0   _fputs
00028b70   _DEC6713_EDMA_AIC23_init
00029074   GBL_USERINITFXN
00029074   _DEC6713_init
000292cc   _DEC6713_cpld_rget
00029310   _DEC6713_cpld_rset
00029360   _DEC6713_wait
000293dc   _DEC6713_waitusec
00029c20   __divull
0002a660   _DIO_tskReclaim
0002a69c   _DIO_tskReady
0002a6cc   _DIO_tskIssue
0002a7a8   _DIO_tskIdle
0002a900   _DIO_tskCallback
0002a9c0   __divf
0002ad00   _MCASP_reset
0002b300   _cosf
0002b600   _AIC23_setParams
0002c160   _EDMA_map
0002c400   _fputc
0002c400   _putc
0002c6a0   _setvbuf
0002c940   _sinf
0002cbe0   _EDMA_open
0002ce40   __divul
0002d0a0   _CACHE_flush
0002d520   _memcpy
0002d760   _HOSTrename
0002d980   _EDMA_allocTable
0002dc00   _pll_set
0002dd18   _my_sys_init
0002df60   _fseek
0002e120   _I2C_reset
0002e2c0   _IRQ_map
0002e7a0   _led_toggle
0002e80c   _led_on
0002e844   _led_off
0002e878   _led_configuration
0002e940   _CACHE_clean
0002eac0   _HOSTlseek
0002ec20   __closefile
0002ed80   _call_dtors
0002eee0   _EDMA_allocTableEx
0002f020   _HOSTread
0002f160   __frcmpyd_div
0002f2a0   __c6xabi_strasgi
0002f2a0   __strasgi
0002f3e0   _atoi
0002f520   _EDMA_intAlloc
0002f640   _EDMA_reset
0002f760   _HOSTopen
0002f880   _HOSTwrite
0002f9a0   __wrt_ok
0002fac0   _close
0002fbe0   _ltoa
0002fd00   _memset
0002fe20   _HOSTclose
0002ff20   _HOSTunlink
00030120   __divli
00030320   __c6xabi_remi
00030320   __remi
00030420   _lseek
00030520   _printf
00030620   _sqrtf
00030720   _write
00030820   _EDMA_intDispatcher
00030900   _I2C_open
000309e0   _MCASP_open
00030ac0   __cleanup
00030ba0   __doflush
00030e40   __strasg
00030f20   _atexit
00031000   _EDMA_close
000310c0   _GPIO_open
00031180   _GPIO_reset
00031240   __c6xabi_divu
00031240   __divu
000313c0   _rand
00031540   _EDMA_freeTableEx
000315e0   _MCASP_close
00031680   __fixdli
00031720   __mpyll
000317c0   __remli
00031860   __roundf
00031900   _readmsg
00031a40   _unlink
00031ae0   _writemsg
00031b58   C$$IO$$
00031b80   _EDMA_freeTable
00031c00   _EMIF_config
00031c80   _I2C_config
00031d00   _I2C_getConfig
00031d80   __fltlid
00031e00   __llshl
00031e80   _memccpy
00031f00   _modff
00031f80   _C6X1X_EDMA_MCASP_init
00032000   _EDMA_disableChannel
00032060   _EDMA_enableChannel
000320c0   _EDMA_intHook
00032120   ___isinf
00032180   __llshru
000321e0   __subcull
00032240   _DIO_ctrl
000322a0   _EDMA_intFree
000322e0   _MCASP_enableClk
00032320   _MCASP_enableFsync
00032360   _MCASP_enableHclk
000323a0   _MCASP_enableSers
000323e0   _MCASP_enableSm
00032420   _PLL_bypass
00032460   _PLL_deassert
000324a0   _PLL_enable
000324e0   _PLL_reset
00032520   ___add_dtor
000325a0   __truncf
000325e0   _EDMA_intDefaultHandler
00032600   _I2C_bb
00032620   _I2C_outOfReset
00032640   _I2C_sendStop
00032660   _I2C_start
00032680   _I2C_writeByte
000326a0   _I2C_xrdy
000326c0   _IRQ_globalDisable
000326e0   _IRQ_globalRestore
00032700   __negll
00032720   __nop
00032780   __register_lock
000327a0   __register_unlock
000327c0   _remove
000327e0   __IRQ_hookFetchPacket
00032800   LNK_F_checkBufferCall
00032800   ___etext__
00032800   etext
00032820   LNK_F_getChanPtr
00032878   LNK_F_init
00032880   LNK_F_dataPump
00032894   LNK_rcloop
00032960   LNK_rdrtry
00032970   LNK_rrloop
00032a34   LNK_wrrtry
00032a44   LNK_wrloop
00032b20   LNK_newin
00032c60   LNK_newout
00032dc4   LNK_F_readCallBack
00033234   __GBL_setL2CacheMode
000333e0   SWI_F_enable
000333e0   __SWI_lat3beg
0003344c   __SWI_lat3end
00033450   SWI_F_post
00033450   _SWI_post
0003358c   __SWI_lat1beg
000335fc   SWI_EXECFXN
000335fc   SWI_F_exec
00033628   SWI_F_iexec
00033640   __SWI_lat1end
00033644   __SWI_lat2beg
000336b4   __SWI_lat2end
000336b8   SWI_F_run
000336b8   SWI_RUNFXN
00033920   CLK_HOOKFXN
00033920   HWI_F_dispatch
00033920   _HWI_F_dispatch
00033920   __HWI_lat1beg
00033aa0   __HWI_lat1end
00033aa0   __HWI_lat2beg
00033bcc   __HWI_lat2end2
00033bfc   __HWI_lat3end2
00033c40   __HWI_lat2end1
00033c60   __HWI_lat3beg
00033d60   __HWI_lat3end1
00033d80   _SIO_create
000341e0   _free
0003420c   _malloc
00034290   _realloc
000343d4   _memalign
00034528   _calloc
000345c0   PRD_F_swi
00034880   PRD_F_tick
00034960   _SIO_delete
00034c40   _KNL_run
00034f00   RTA_F_getlog
00034f44   RTA_F_getsts
00034f8c   RTA_F_readblk
00034fac   RTA_F_writeword
00034fb8   RTA_F_resetmem
00034fb8   __RTA_lat1beg
00034ff0   __RTA_lat1end
00034ff8   RTA_F_dispatch
00035048   RTA_execute
000351c0   _SEM_pendEnterKnl
00035480   _MEM_alloc
00035700   _MEM_free
00035bc0   PRD_THOOKFXN
00035bc0   _KNL_tick
00035be0   PIP_F_take
00035c74   PIP_F_give
00035c74   PIP_F_probe
00035d48   PIP_F_start
00035e20   __SEM_dopost
00036040   _TSK_setup
00036240   _KNL_saveIsrFrame
0003630c   _KNL_switch
000363c0   KNL_glue
00036400   CLK_F_getltime
00036414   CLK_F_isr
00036574   CLK_F_itime
00036574   _CLK_F_itime
00036574   _CLK_itime
00036590   __CLK_lat1beg
000365bc   __CLK_lat1end
000365c0   _TSK_exit
00036760   __auto_init
000369a0   _TSK_startup
00036a60   _KNL_check
00036ab0   __KNL_lat1beg
00036b38   _KNL_idle
00036b38   __KNL_lat1end
00036b5c   _KNL_max
00036ba0   _C62_plug
00036bac   _C62_dispatchPlug
00036cc0   _DEV_match
00036dc0   _DEV_mkframe
00036ec0   _SIO_issue
00036fc0   _SIO_reclaim
000370c0   _GBL_cslCacheInit
000371a0   _KNL_exit
000371f4   _KNL_enter
00037280   _SEM_postEnterKnl
00037360   GIO_POSTFXN
00037360   _SEM_post
00037360   _SEM_postBinary
00037440   _CLK_measure
00037520   _KNL_ipost
000375e0   _KNL_post
000376a0   _LCK_post
000376d0   _LCK_pend
00037760   _OBJ_create
00037820   _SYS_exit
000378e0   CLK_F_getfhtime
00037900   CLK_F_gethtime
00037900   CLK_F_getshtime
00037900   CLK_TIMEFXN
000379a0   _MEM_valloc
00037a40   _ATM_andi
00037a40   _ATM_andu
00037a60   _ATM_cleari
00037a60   _ATM_clearu
00037a78   _ATM_deci
00037a78   _ATM_decu
00037a94   _ATM_inci
00037a94   _ATM_incu
00037ab0   _ATM_ori
00037ab0   _ATM_oru
00037acc   _ATM_seti
00037acc   _ATM_setu
00037ae0   _HWI_dispatchPlug
00037b80   GIO_CREATEFXN
00037b80   _SEM_create
00037c20   _DEV_rmframe
00037ca0   FXN_F_nop
00037ca8   FXN_F_run
00037ca8   _FXN_F_run
00037cf8   FXN_F_zero
00037cf8   _FXN_F_zero
00037d20   IDL_F_busy
00037d20   __IDL_lat1beg
00037d70   __IDL_lat1end
00037da0   LOG_F_event
00037da0   _LOG_event
00037da0   __LOG_lat1beg
00037e20   STS_F_delta
00037e20   _STS_delta
00037e58   STS_F_add
00037e58   _STS_add
00037e84   STS_F_reset
00037e84   _STS_reset
00037ea0   IDL_F_calibrate
00037f20   _SYS_error
00037f80   _HWI_disable
00037f98   _HWI_enable
00037fac   _HWI_restore
00037fe0   _OBJ_delete
00038040   _QUE_create
000380a0   _QUE_get
000380a0   __QUE_lat1beg
000380c0   __QUE_lat1end
000380c8   _QUE_put
000380c8   __QUE_lat2beg
000380e0   __QUE_lat2end
00038100   GIO_PENDFXN
00038100   _SEM_pend
00038160   _SYS_abort
000381c0   SYS_PUTCFXN
000381c0   _UTL_doPutc
00038220   _CLK_start
00038280   IDL_CALIBRFXN
00038280   IDL_F_stub
000382c0   RTA_F_andn
000382e0   RTA_F_or
00038300   SYS_ABORTFXN
00038300   _UTL_doAbort
00038340   _CLK_stop
00038380   TSK_VCREATEFXN
00038380   TSK_VDELETEFXN
00038380   TSK_VEXITFXN
00038380   _FXN_F_nop
000383a0   _GBL_getVersion
000383c0   IDL_F_loop
000383c0   _IDL_loop
000383e0   _IOM_mdNotImpl
00038400   _LOG_printf
00038420   GIO_DELETEFXN
00038420   _SEM_delete
00038440   _STS_set
00038460   _SYS_zero
0003846c   _SYS_one
00038480   SYS_ERRORFXN
00038480   _UTL_doError
000384a0   SYS_EXITFXN
000384a0   _UTL_halt
000384c0   ___cinit__
000384c0   cinit
00039bd0   GBL_stackbeg
00039bd0   _HWI_STKTOP
00039bd0   __stack
0003aec8   _HWI_STKBOTTOM
0003aecf   GBL_stackend
0003aed0   __STACK_END
0003aed0   _cos_buffer
0003b0d0   _sin_buffer
0003b2d0   __ftable
0003b4b0   __tmpnams
0003b5f0   __ft_end
0003b794   _C6X1X_EDMA_MCASP_FXNS
0003b7b8   ___atexit_func_id__
0003ba84   __IRQ_eventTable
0003bb08   __IRQ_intTable
0003bb48   __IRQ_dispatchTable
0003bb50   _KNL_queues
0003bbf0   _KNL_dummy
0003bcc0   _iva_instance
0003bd3c   _DEC6713_EDMA_AIC23_DEVPARAMS
0003bd94   _DEC6713_EDMA_AIC23_FXNS
0003bdac   _DEC6713_CODEC_DEVPARAMS
0003be04   _tem_in
0003be0c   _double_buffer
0003be14   _TSK_ATTRS
0003be30   _TSK_config
0003be50   _TSK_timerSem
0003be70   _OBJ_table
0003bea8   _OBJ_segtab
0003bed8   _tccAllocTable
0003bf18   __TSK_mutex
0003bf40   __MEM_mutex
0003c024   __GPIO_intTable
0003c038   __hGpioDev0
0003c03c   _SYS_exitStack
0003c05c   _DIO_tskDynamicFxns
0003c078   _SIO_ATTRS
0003c0a4   __PLL_divAddr
0003c0d4   _HWI_ATTRS
0003c0ec   __cleanup_ptr
0003c0f0   __dtors_ptr
0003c0f4   ___TI_enable_exit_profile_output
0003c0f8   _SEM_ATTRS
0003c100   __lock
0003c104   __unlock
0003c118   _DEV_D_devinit
0003c11c   _QUE_ATTRS
0003c124   _errno
0003c12c   _dtors
0003c130   tskAudio$stack
0003d0c8   tskAudio$stkptr
0003d130   GIO$config
0003d140   _RTDX_Poll
0003d540   _RTDX_Buffer_WriteCB
0003db80   _RTDX_Mon_Queue
0003dda0   _RTDX_Init_RT_Monitor
0003de20   _RTDX_Buffer_Initialize
0003de80   _RTDX_Buffer_ReadCB
0003dee0   _RTDX_Buffer_Size
0003df20   _RTDX_Final_RT_Monitor
0003df60   _RTDX_Buffer_Read
0003df80   _RTDX_Buffer_Write
0003dfc0   _RTDX_Mask_IER
0003dfe0   BIOS_init
0003dfe0   _BIOS_init
0003e15c   BIOS$$CLKON
0003e19c   BIOS$$CLKOFF
0003e21c   BIOS_start
0003e21c   _BIOS_start
0003e2e0   _DEV_init
0003e440   _MEM_init
0003e520   _c_int00
0003e5e0   _TSK_init
0003e660   _OBJ_init
0003e680   _DIO_init
0003e838   __ctypes_
0003eb85   KNL_swi$sts$maxfmt
0003eb88   $bss
0003eb88   .bss
0003eb88   _HWI_dispatchTab
0003eb88   ___bss__
0003eb8d   KNL_swi$sts$sumfmt
0003eb95   KNL_swi$sts$avgfmt
0003eb9f   TSK_idle$sts$maxfmt
0003eba7   TSK_idle$sts$sumfmt
0003ebaf   TSK_idle$sts$avgfmt
0003ebb9   tskAudio$sts$maxfmt
0003ebc1   tskAudio$sts$sumfmt
0003ebc9   tskAudio$sts$avgfmt
0003ebd3   IDL_busyObj$maxfmt
0003ebd6   IDL_busyObj$sumfmt
0003ebd9   IDL_busyObj$avgfmt
0003ec88   IDL_D_tabbeg
0003ec8c   IDL_D_calibrate
0003ec90   IDL_D_calbeg
0003ec94   LOG_D_system
0003ec94   _LOG_D_system
0003ec98   PIP_D_tabbeg
0003ec9c   PIP_D_tablen
0003eca0   CLK_R_time
0003eca4   CLK_D_timefxn
0003eca8   CLK_D_tabbeg
0003ecac   CLK_D_isrhook
0003ecb0   CLK_D_idletime
0003ecb4   _CLK_htimeDiv
0003ecb8   _CLK_htimeMult
0003ecbc   _CLK_ltimeDiv
0003ecc0   _CLK_ltimeMult
0003ecc4   _CLK_D_dirty
0003ecc8   _CLK_D_prd
0003eccc   _CLK_D_tddr
0003ecd0   _CLK_D_countspms
0003ecd4   PRD_D_tick
0003ecd4   _PRD_D_tick
0003ecd8   PRD_D_cur
0003ecdc   PRD_D_elapsed
0003ece0   PRD_D_prevtim
0003ece4   PRD_D_scalar
0003ece8   PRD_D_swihandle
0003ecec   PRD_D_tabbeg
0003ecf0   PRD_D_tablen
0003ecf4   PRD_D_thook
0003ecf8   RTA_D_fromHost
0003ecfc   RTA_D_toHost
0003ed00   RTA_D_logval
0003ed10   RTA_D_stsval
0003ed1c   HST_D_chanmask
0003ed20   HST_D_tabbeg
0003ed24   HST_D_tabend
0003ed28   _GBL_procId
0003ed2c   _GBL_clkIn
0003ed30   _GBL_freq
0003ed34   _MEM_D_NUMSEGMENTS
0003ed38   _MEM_D_memtab
0003ed3c   _MEM_D_freelist
0003ed40   _MEM_D_lockaddr
0003ed44   _MEM_D_unlockaddr
0003ed48   _SYS
0003ed4c   __HOOK_knlId
0003ed50   __HOOK_NUMHOOKS
0003ed54   SWI_D_runaddr
0003ed54   _SWI_D_runaddr
0003ed54   _SWI_data
0003ed58   SWI_D_execaddr
0003ed58   _SWI_D_execaddr
0003ed5c   SWI_D_curmask
0003ed5c   _SWI_D_curmask
0003ed60   SWI_D_curset
0003ed60   _SWI_D_curset
0003ed64   SWI_D_lock
0003ed64   _SWI_D_lock
0003ed68   SWI_D_curmbox
0003ed6c   SWI_D_curfxn
0003ed6c   _SWI_D_curfxn
0003ed70   SWI_D_rdybeg
0003ed70   _SWI_D_rdybeg
0003ed74   SWI_D_inswi
0003ed74   _SWI_D_inswi
0003ed78   SWI_D_rdytab
0003edf0   _MEM_memtab
0003ee08   _GIO
0003ee0c   IRAM
0003ee0c   MEM_MALLOCSEG
0003ee0c   MEM_SEGZERO
0003ee0c   TSK_STACKSEG
0003ee0c   _IRAM
0003ee10   HST_DSMBUFSEG
0003ee10   RTDX_DATAMEMSEG
0003ee10   SDRAM
0003ee10   _SDRAM
0003ee10   _extHeap
0003ee14   RTA_fromHost$pipe$dtab
0003ee20   RTA_toHost$pipe$dtab
0003ee2c   _DEV_devinit
0003ee34   __DEV_NUMINITFXNS
0003ee38   _KNL_wFlag
0003ee3c   _KNL_wList
0003ee40   _KNL_alarm
0003ee44   _KNL_setpri
0003ee48   _KNL_inactive
0003ee4c   _KNL_priority
0003ee50   _KNL_set
0003ee54   _KNL_curtask
0003ee58   _KNL_prevtask
0003ee5c   _KNL_curtime
0003ee60   _KNL_swiptr
0003ee64   _KNL_curqueue
0003ee68   _KNL_maxqueue
0003ee6c   _KNL_tswitchfxn
0003ee70   _KNL_tcreatefxn
0003ee74   _KNL_tdeletefxn
0003ee78   _KNL_treadyfxn
0003ee7c   _KNL_idlefxn
0003eec0   _L_g
0003eec4   _L_inverse_g
0003eec8   _U_g
0003eecc   _U_inverse_g
0003eed0   ___BASE_NUM_REAL__
0003eed4   ___BASE_NUM_COMPLEX__
0003eed8   ___MAX_SIZE_REAL__
0003eedc   ___MAX_SIZE_COMPLEX__
0003eee0   ___REAL_BASE__
0003eee4   ___COMPLEX_BASE__
0003eee8   ___MATRICE_INTI__
0003eeec   ___MULTI_TEMP_COUNT__
0003eef0   _DEC6713_I2C_hI2C
0003eef4   _inStream
0003eef8   _outStream
0003eefc   _echoBufSize
0003ef00   _echoBufOffset
0003ef04   _delayTime
0003ef08   _echoAtt
0003ef0c   _out_buffer
0003ef10   _inbuf
0003ef14   _outbuf
0003ef18   _slank_time
0003ef1c   _signal_temp1
0003ef20   _signal_temp2
0003ef24   _signal_temp3
0003ef28   _fft_temp1
0003ef2c   _fft_temp2
0003ef30   _fft_temp3
0003ef34   _ex
0003ef38   HWI_D_spsave
0003ef38   _HWI_D_spsave
0003ef38   _HWI_data
0003ef44   _HWI_D_inhwi
0003ef48   HWI_D_bss
0003ef4c   HWI_D_ccmask
0003ef50   LNK_dspFrameRequestMask
0003ef50   _LNK_dspFrameRequestMask
0003ef54   LNK_dspFrameReadyMask
0003ef54   _LNK_dspFrameReadyMask
0003ef58   LNK_readPend
0003ef58   _LNK_readPend
0003ef5c   LNK_readDone
0003ef5c   _LNK_readDone
0003ef60   LNK_readFail
0003ef60   _LNK_readFail
0003ef64   LNK_writeFail
0003ef64   _LNK_writeFail
0003ef70   _rtdxNullChanCnt
0003ef74   _rtdxNullFuncCnt
0003ef78   _TSK_nTasks
0003ef7c   _TSK_pid
0003ef80   _TSK
0003ef84   _CLK_DFLTMICROSECS
0003ef88   _CLK_D_microseconds
0003ef8c   _SYS_exitStackPtr
0003ef90   _SYS_exitStackTop
0003ef94   _CLK_htimePerLtime
0003ef98   __DEV_D_NUMINITFXNS
0003efa0   IDL_D_busyObj
0003efa4   _MEM
0003efac   ___end__
0003efac   end
0003efb0   TSK_idle$stack
0003f348   TSK_idle$stkptr
0003f3b0   DIO_dio_codec$obj
0003f3bc   DIO_dio_codec$device
0003f3d4   UDEV_udevCodec$obj
0003f3e0   UDEV_udevCodec$device
0003f3f8   CLK_A_TABBEG
0003f3f8   PRD_clock
0003f3f8   _PRD_clock
0003f3fc   CLK_null
0003f400   HWI_A_VECS
0003f400   hwi0
0003f420   hwi1
0003f440   hwi2
0003f460   hwi3
0003f480   hwi4
0003f4a0   hwi5
0003f4c0   hwi6
0003f4e0   hwi7
0003f500   hwi8
0003f520   hwi9
0003f540   hwi10
0003f560   hwi11
0003f580   hwi12
0003f5a0   hwi13
0003f5c0   hwi14
0003f5e0   hwi15
0003f600   _SYS_PUTCBEG
0003f7ff   _SYS_PUTCEND
0003f800   __CIOBUF_
0003f92c   TSK_idle
0003f92c   _TSK_idle
0003f98c   _tskAudio
0003f98c   tskAudio
0003f9e0   IDL_A_TABBEG
0003f9e0   LNK_dataPump
0003f9e0   _LNK_dataPump
0003f9e4   RTA_dispatcher
0003f9e4   _RTA_dispatcher
0003f9e8   IDL_cpuLoad
0003f9e8   _IDL_cpuLoad
0003f9ec   IDL_END
0003f9f0   IDL_A_CALBEG
0003f9f0   LNK_dataPump$
0003f9f4   RTA_dispatcher$
0003f9f8   IDL_cpuLoad$
0003f9fc   IDL_END$
0003fa00   LOG_system$buf
0003fb00   trace$buf
0003fc98   LOG_A_TABBEG
0003fc98   LOG_system
0003fc98   _LOG_A_TABBEG
0003fc98   _LOG_system
0003fcb0   _trace
0003fcb0   trace
0003fcc8   KNL_swi
0003fcc8   LOG_A_TABEND
0003fcc8   SWI_A_TABBEG
0003fcc8   _KNL_swi
0003fcc8   _LOG_A_TABEND
0003fcf4   SWI_A_TABEND
0003fd1c   SYS$config
0003fd2c   ___pinit__
0003fd2c   pinit
0003fd38   TRC_cinit
0003fd3c   TRC_R_mask
0003fd3c   _TRC_R_mask
0003fd40   GBL_initdone
00048000   SDRAM$L
00048000   _SDRAM_length
000493e0   CLK_LTIMEMULT
000493e0   GBL_FREQ
000a8529   EMIF_SDRAMEXT_V
01800000   EMIF_GCTL
01800004   EMIF_CE1
01800008   EMIF_CE0
01800010   EMIF_CE2
01800014   EMIF_CE3
01800018   EMIF_SDRAMCTL
0180001c   EMIF_SDRAMTIM
01800020   EMIF_SDRAMEXT
01940000   CLK_REGS
01940000   _CLK_REGS
02208802   EMIF_CE1_V
082039a3   HWI_INTRMULTHIGH
22a28a22   EMIF_CE2_V
22a28a22   EMIF_CE3_V
310718a4   HWI_INTRMULTLOW
47115000   EMIF_SDRAMCTL_V
80000000   SDRAM$B
80000000   _SDRAM_base
80048000   _RTDX_Buffer
80048408   _RTDX_Buffer_Start
8004840c   _RTDX_Buffer_End
80048410   _rtdx_buffer_state
8004841c   _RTDX_writing
80048430   _rtdx_mon_state
8004844c   RTA_toHost$buf
8004854c   PIP_A_TABBEG
8004854c   RTA_fromHost$pipe
8004854c   _PIP_A_TABBEG
80048550   RTA_fromHost$pipe$rd
8004857c   RTA_fromHost$pipe$aaa
80048580   RTA_fromHost$pipe$wr
800485ac   RTA_fromHost$pipe$bbb
800485b0   RTA_toHost$pipe
800485b4   RTA_toHost$pipe$rd
800485e0   RTA_toHost$pipe$aaa
800485e4   RTA_toHost$pipe$wr
80048610   RTA_toHost$pipe$bbb
80048614   KNL_swi$sts$stsobj
80048614   PIP_A_TABEND
80048614   STS_A_TABBEG
80048614   _PIP_A_TABEND
80048614   _STS_A_TABBEG
80048618   KNL_swi$sts
80048624   TSK_idle$sts$stsobj
80048628   TSK_idle$sts
80048634   tskAudio$sts$stsobj
80048638   tskAudio$sts
80048644   IDL_busyObj$stsobj
80048648   IDL_busyObj
80048648   _IDL_busyObj
80048654   HST_A_TABBEG
80048654   STS_A_TABEND
80048654   _HST_A_TABBEG
80048654   _STS_A_TABEND
80048658   RTA_fromHost
80048658   _RTA_fromHost
80048660   RTA_fromHost$rtdx
80048674   RTA_toHost
80048674   _RTA_toHost
8004867c   RTA_toHost$rtdx
80048690   HST_A_TABEND
80048690   RTA_fromHost$buf
80048690   _HST_A_TABEND
ffffbf33   EMIF_CE0_V
ffffffff   BOOT_SEC
ffffffff   _BOOT_SEC
ffffffff   ___TI_pprof_out_hndl
ffffffff   ___TI_prof_data_size
ffffffff   ___TI_prof_data_start
ffffffff   ___binit__
ffffffff   ___c_args__
ffffffff   binit

[1073 symbols]
